Archive member included because of file (symbol)

c:/program files (x86)/atmel/atmel toolchain/avr8 gcc/native/3.4.1061/avr8-gnu-toolchain/bin/../lib/gcc/avr/4.8.1/../../../../avr/lib/avr5\libm.a(floatsisf.o)
                              power_control.o (__floatsisf)
c:/program files (x86)/atmel/atmel toolchain/avr8 gcc/native/3.4.1061/avr8-gnu-toolchain/bin/../lib/gcc/avr/4.8.1/../../../../avr/lib/avr5\libm.a(gesf2.o)
                              power_control.o (__gtsf2)
c:/program files (x86)/atmel/atmel toolchain/avr8 gcc/native/3.4.1061/avr8-gnu-toolchain/bin/../lib/gcc/avr/4.8.1/../../../../avr/lib/avr5\libm.a(fp_cmp.o)
                              c:/program files (x86)/atmel/atmel toolchain/avr8 gcc/native/3.4.1061/avr8-gnu-toolchain/bin/../lib/gcc/avr/4.8.1/../../../../avr/lib/avr5\libm.a(gesf2.o) (__fp_cmp)
..\libcore.a(wiring.c.o)      main.o (delay)
..\libcore.a(wiring_analog.c.o)
                              power_control.o (analogRead)
..\libcore.a(wiring_digital.c.o)
                              ..\libcore.a(wiring_analog.c.o) (pinMode)
..\libcore.a(CDC.cpp.o)       main.o (Serial)
..\libcore.a(Print.cpp.o)     main.o (_ZN5Print5printEPKc)
..\libcore.a(USBCore.cpp.o)   ..\libcore.a(CDC.cpp.o) (_Z13USB_Availableh)
..\libcore.a(hooks.c.o)       ..\libcore.a(wiring.c.o) (yield)
..\libcore.a(HID.cpp.o)       ..\libcore.a(USBCore.cpp.o) (_Z16HID_GetInterfacePh)
..\libcore.a(new.cpp.o)       ..\libcore.a(Print.cpp.o) (__cxa_pure_virtual)
c:/program files (x86)/atmel/atmel toolchain/avr8 gcc/native/3.4.1061/avr8-gnu-toolchain/bin/../lib/gcc/avr/4.8.1/../../../../avr/lib/avr5\libm.a(addsf3.o)
                              ..\libcore.a(Print.cpp.o) (__subsf3)
c:/program files (x86)/atmel/atmel toolchain/avr8 gcc/native/3.4.1061/avr8-gnu-toolchain/bin/../lib/gcc/avr/4.8.1/../../../../avr/lib/avr5\libm.a(addsf3x.o)
                              c:/program files (x86)/atmel/atmel toolchain/avr8 gcc/native/3.4.1061/avr8-gnu-toolchain/bin/../lib/gcc/avr/4.8.1/../../../../avr/lib/avr5\libm.a(addsf3.o) (__addsf3x)
c:/program files (x86)/atmel/atmel toolchain/avr8 gcc/native/3.4.1061/avr8-gnu-toolchain/bin/../lib/gcc/avr/4.8.1/../../../../avr/lib/avr5\libm.a(cmpsf2.o)
                              ..\libcore.a(Print.cpp.o) (__ltsf2)
c:/program files (x86)/atmel/atmel toolchain/avr8 gcc/native/3.4.1061/avr8-gnu-toolchain/bin/../lib/gcc/avr/4.8.1/../../../../avr/lib/avr5\libm.a(divsf3.o)
                              ..\libcore.a(Print.cpp.o) (__divsf3)
c:/program files (x86)/atmel/atmel toolchain/avr8 gcc/native/3.4.1061/avr8-gnu-toolchain/bin/../lib/gcc/avr/4.8.1/../../../../avr/lib/avr5\libm.a(divsf3x.o)
                              c:/program files (x86)/atmel/atmel toolchain/avr8 gcc/native/3.4.1061/avr8-gnu-toolchain/bin/../lib/gcc/avr/4.8.1/../../../../avr/lib/avr5\libm.a(divsf3.o) (__divsf3x)
c:/program files (x86)/atmel/atmel toolchain/avr8 gcc/native/3.4.1061/avr8-gnu-toolchain/bin/../lib/gcc/avr/4.8.1/../../../../avr/lib/avr5\libm.a(fixsfsi.o)
                              ..\libcore.a(Print.cpp.o) (__fixsfsi)
c:/program files (x86)/atmel/atmel toolchain/avr8 gcc/native/3.4.1061/avr8-gnu-toolchain/bin/../lib/gcc/avr/4.8.1/../../../../avr/lib/avr5\libm.a(fixunssfsi.o)
                              ..\libcore.a(Print.cpp.o) (__fixunssfsi)
c:/program files (x86)/atmel/atmel toolchain/avr8 gcc/native/3.4.1061/avr8-gnu-toolchain/bin/../lib/gcc/avr/4.8.1/../../../../avr/lib/avr5\libm.a(fp_inf.o)
                              c:/program files (x86)/atmel/atmel toolchain/avr8 gcc/native/3.4.1061/avr8-gnu-toolchain/bin/../lib/gcc/avr/4.8.1/../../../../avr/lib/avr5\libm.a(addsf3x.o) (__fp_inf)
c:/program files (x86)/atmel/atmel toolchain/avr8 gcc/native/3.4.1061/avr8-gnu-toolchain/bin/../lib/gcc/avr/4.8.1/../../../../avr/lib/avr5\libm.a(fp_nan.o)
                              c:/program files (x86)/atmel/atmel toolchain/avr8 gcc/native/3.4.1061/avr8-gnu-toolchain/bin/../lib/gcc/avr/4.8.1/../../../../avr/lib/avr5\libm.a(addsf3x.o) (__fp_nan)
c:/program files (x86)/atmel/atmel toolchain/avr8 gcc/native/3.4.1061/avr8-gnu-toolchain/bin/../lib/gcc/avr/4.8.1/../../../../avr/lib/avr5\libm.a(fp_pscA.o)
                              c:/program files (x86)/atmel/atmel toolchain/avr8 gcc/native/3.4.1061/avr8-gnu-toolchain/bin/../lib/gcc/avr/4.8.1/../../../../avr/lib/avr5\libm.a(addsf3x.o) (__fp_pscA)
c:/program files (x86)/atmel/atmel toolchain/avr8 gcc/native/3.4.1061/avr8-gnu-toolchain/bin/../lib/gcc/avr/4.8.1/../../../../avr/lib/avr5\libm.a(fp_pscB.o)
                              c:/program files (x86)/atmel/atmel toolchain/avr8 gcc/native/3.4.1061/avr8-gnu-toolchain/bin/../lib/gcc/avr/4.8.1/../../../../avr/lib/avr5\libm.a(addsf3x.o) (__fp_pscB)
c:/program files (x86)/atmel/atmel toolchain/avr8 gcc/native/3.4.1061/avr8-gnu-toolchain/bin/../lib/gcc/avr/4.8.1/../../../../avr/lib/avr5\libm.a(fp_round.o)
                              c:/program files (x86)/atmel/atmel toolchain/avr8 gcc/native/3.4.1061/avr8-gnu-toolchain/bin/../lib/gcc/avr/4.8.1/../../../../avr/lib/avr5\libm.a(addsf3.o) (__fp_round)
c:/program files (x86)/atmel/atmel toolchain/avr8 gcc/native/3.4.1061/avr8-gnu-toolchain/bin/../lib/gcc/avr/4.8.1/../../../../avr/lib/avr5\libm.a(fp_split3.o)
                              c:/program files (x86)/atmel/atmel toolchain/avr8 gcc/native/3.4.1061/avr8-gnu-toolchain/bin/../lib/gcc/avr/4.8.1/../../../../avr/lib/avr5\libm.a(addsf3x.o) (__fp_split3)
c:/program files (x86)/atmel/atmel toolchain/avr8 gcc/native/3.4.1061/avr8-gnu-toolchain/bin/../lib/gcc/avr/4.8.1/../../../../avr/lib/avr5\libm.a(fp_zero.o)
                              c:/program files (x86)/atmel/atmel toolchain/avr8 gcc/native/3.4.1061/avr8-gnu-toolchain/bin/../lib/gcc/avr/4.8.1/../../../../avr/lib/avr5\libm.a(addsf3x.o) (__fp_zero)
c:/program files (x86)/atmel/atmel toolchain/avr8 gcc/native/3.4.1061/avr8-gnu-toolchain/bin/../lib/gcc/avr/4.8.1/../../../../avr/lib/avr5\libm.a(mulsf3.o)
                              ..\libcore.a(Print.cpp.o) (__mulsf3)
c:/program files (x86)/atmel/atmel toolchain/avr8 gcc/native/3.4.1061/avr8-gnu-toolchain/bin/../lib/gcc/avr/4.8.1/../../../../avr/lib/avr5\libm.a(mulsf3x.o)
                              c:/program files (x86)/atmel/atmel toolchain/avr8 gcc/native/3.4.1061/avr8-gnu-toolchain/bin/../lib/gcc/avr/4.8.1/../../../../avr/lib/avr5\libm.a(mulsf3.o) (__mulsf3x)
c:/program files (x86)/atmel/atmel toolchain/avr8 gcc/native/3.4.1061/avr8-gnu-toolchain/bin/../lib/gcc/avr/4.8.1/../../../../avr/lib/avr5\libm.a(unordsf2.o)
                              ..\libcore.a(Print.cpp.o) (__unordsf2)
c:/program files (x86)/atmel/atmel toolchain/avr8 gcc/native/3.4.1061/avr8-gnu-toolchain/bin/../lib/gcc/avr/4.8.1/avr5\libgcc.a(_udivmodsi4.o)
                              ..\libcore.a(Print.cpp.o) (__udivmodsi4)
c:/program files (x86)/atmel/atmel toolchain/avr8 gcc/native/3.4.1061/avr8-gnu-toolchain/bin/../lib/gcc/avr/4.8.1/avr5\libgcc.a(_exit.o)
                              c:/program files (x86)/atmel/atmel toolchain/avr8 gcc/native/3.4.1061/avr8-gnu-toolchain/bin/../lib/gcc/avr/4.8.1/../../../../avr/lib/avr5/crtm32u4.o (exit)
c:/program files (x86)/atmel/atmel toolchain/avr8 gcc/native/3.4.1061/avr8-gnu-toolchain/bin/../lib/gcc/avr/4.8.1/avr5\libgcc.a(_tablejump.o)
                              ..\libcore.a(wiring_analog.c.o) (__tablejump2__)
c:/program files (x86)/atmel/atmel toolchain/avr8 gcc/native/3.4.1061/avr8-gnu-toolchain/bin/../lib/gcc/avr/4.8.1/avr5\libgcc.a(_copy_data.o)
                              main.o (__do_copy_data)
c:/program files (x86)/atmel/atmel toolchain/avr8 gcc/native/3.4.1061/avr8-gnu-toolchain/bin/../lib/gcc/avr/4.8.1/avr5\libgcc.a(_clear_bss.o)
                              power_control.o (__do_clear_bss)
c:/program files (x86)/atmel/atmel toolchain/avr8 gcc/native/3.4.1061/avr8-gnu-toolchain/bin/../lib/gcc/avr/4.8.1/avr5\libgcc.a(_ctors.o)
                              ..\libcore.a(CDC.cpp.o) (__do_global_ctors)
c:/program files (x86)/atmel/atmel toolchain/avr8 gcc/native/3.4.1061/avr8-gnu-toolchain/bin/../lib/gcc/avr/4.8.1/../../../../avr/lib/avr5\libc.a(malloc.o)
                              ..\libcore.a(new.cpp.o) (malloc)

Allocating common symbols
Common symbol       size              file

__brkval            0x2               c:/program files (x86)/atmel/atmel toolchain/avr8 gcc/native/3.4.1061/avr8-gnu-toolchain/bin/../lib/gcc/avr/4.8.1/../../../../avr/lib/avr5\libc.a(malloc.o)
__flp               0x2               c:/program files (x86)/atmel/atmel toolchain/avr8 gcc/native/3.4.1061/avr8-gnu-toolchain/bin/../lib/gcc/avr/4.8.1/../../../../avr/lib/avr5\libc.a(malloc.o)

Discarded input sections

 .data          0x00000000        0x0 c:/program files (x86)/atmel/atmel toolchain/avr8 gcc/native/3.4.1061/avr8-gnu-toolchain/bin/../lib/gcc/avr/4.8.1/../../../../avr/lib/avr5/crtm32u4.o
 .bss           0x00000000        0x0 c:/program files (x86)/atmel/atmel toolchain/avr8 gcc/native/3.4.1061/avr8-gnu-toolchain/bin/../lib/gcc/avr/4.8.1/../../../../avr/lib/avr5/crtm32u4.o
 .text          0x00000000        0x0 main.o
 .data          0x00000000        0x0 main.o
 .bss           0x00000000        0x0 main.o
 .rodata.str1.1
                0x00000000       0x22 main.o
 .text._Z12ErrorMessagePKci
                0x00000000       0x42 main.o
 .text          0x00000000        0x0 power_control.o
 .data          0x00000000        0x0 power_control.o
 .bss           0x00000000        0x0 power_control.o
 .text._Z16turnoffAllMotorsv
                0x00000000       0x32 power_control.o
 .text          0x00000000        0x0 c:/program files (x86)/atmel/atmel toolchain/avr8 gcc/native/3.4.1061/avr8-gnu-toolchain/bin/../lib/gcc/avr/4.8.1/../../../../avr/lib/avr5\libm.a(floatsisf.o)
 .data          0x00000000        0x0 c:/program files (x86)/atmel/atmel toolchain/avr8 gcc/native/3.4.1061/avr8-gnu-toolchain/bin/../lib/gcc/avr/4.8.1/../../../../avr/lib/avr5\libm.a(floatsisf.o)
 .bss           0x00000000        0x0 c:/program files (x86)/atmel/atmel toolchain/avr8 gcc/native/3.4.1061/avr8-gnu-toolchain/bin/../lib/gcc/avr/4.8.1/../../../../avr/lib/avr5\libm.a(floatsisf.o)
 .text          0x00000000        0x0 c:/program files (x86)/atmel/atmel toolchain/avr8 gcc/native/3.4.1061/avr8-gnu-toolchain/bin/../lib/gcc/avr/4.8.1/../../../../avr/lib/avr5\libm.a(gesf2.o)
 .data          0x00000000        0x0 c:/program files (x86)/atmel/atmel toolchain/avr8 gcc/native/3.4.1061/avr8-gnu-toolchain/bin/../lib/gcc/avr/4.8.1/../../../../avr/lib/avr5\libm.a(gesf2.o)
 .bss           0x00000000        0x0 c:/program files (x86)/atmel/atmel toolchain/avr8 gcc/native/3.4.1061/avr8-gnu-toolchain/bin/../lib/gcc/avr/4.8.1/../../../../avr/lib/avr5\libm.a(gesf2.o)
 .text          0x00000000        0x0 c:/program files (x86)/atmel/atmel toolchain/avr8 gcc/native/3.4.1061/avr8-gnu-toolchain/bin/../lib/gcc/avr/4.8.1/../../../../avr/lib/avr5\libm.a(fp_cmp.o)
 .data          0x00000000        0x0 c:/program files (x86)/atmel/atmel toolchain/avr8 gcc/native/3.4.1061/avr8-gnu-toolchain/bin/../lib/gcc/avr/4.8.1/../../../../avr/lib/avr5\libm.a(fp_cmp.o)
 .bss           0x00000000        0x0 c:/program files (x86)/atmel/atmel toolchain/avr8 gcc/native/3.4.1061/avr8-gnu-toolchain/bin/../lib/gcc/avr/4.8.1/../../../../avr/lib/avr5\libm.a(fp_cmp.o)
 .text          0x00000000        0x0 ..\libcore.a(wiring.c.o)
 .data          0x00000000        0x0 ..\libcore.a(wiring.c.o)
 .bss           0x00000000        0x0 ..\libcore.a(wiring.c.o)
 .text.millis   0x00000000       0x18 ..\libcore.a(wiring.c.o)
 .text.delayMicroseconds
                0x00000000       0x14 ..\libcore.a(wiring.c.o)
 .text          0x00000000        0x0 ..\libcore.a(wiring_analog.c.o)
 .data          0x00000000        0x0 ..\libcore.a(wiring_analog.c.o)
 .bss           0x00000000        0x0 ..\libcore.a(wiring_analog.c.o)
 .text.analogReference
                0x00000000        0x6 ..\libcore.a(wiring_analog.c.o)
 .text.analogWrite
                0x00000000      0x12e ..\libcore.a(wiring_analog.c.o)
 .progmem.gcc_sw_table.analogWrite
                0x00000000       0x1e ..\libcore.a(wiring_analog.c.o)
 .text          0x00000000        0x0 ..\libcore.a(wiring_digital.c.o)
 .data          0x00000000        0x0 ..\libcore.a(wiring_digital.c.o)
 .bss           0x00000000        0x0 ..\libcore.a(wiring_digital.c.o)
 .text.turnOffPWM
                0x00000000       0x7a ..\libcore.a(wiring_digital.c.o)
 .progmem.gcc_sw_table.turnOffPWM
                0x00000000       0x1e ..\libcore.a(wiring_digital.c.o)
 .text.pinMode  0x00000000       0x72 ..\libcore.a(wiring_digital.c.o)
 .text.digitalWrite
                0x00000000       0x6c ..\libcore.a(wiring_digital.c.o)
 .text.digitalRead
                0x00000000       0x52 ..\libcore.a(wiring_digital.c.o)
 .progmem.data.digital_pin_to_timer_PGM
                0x00000000       0x1e ..\libcore.a(wiring_digital.c.o)
 .progmem.data.digital_pin_to_bit_mask_PGM
                0x00000000       0x1e ..\libcore.a(wiring_digital.c.o)
 .progmem.data.digital_pin_to_port_PGM
                0x00000000       0x1e ..\libcore.a(wiring_digital.c.o)
 .progmem.data.port_to_input_PGM
                0x00000000        0xe ..\libcore.a(wiring_digital.c.o)
 .progmem.data.port_to_output_PGM
                0x00000000        0xe ..\libcore.a(wiring_digital.c.o)
 .progmem.data.port_to_mode_PGM
                0x00000000        0xe ..\libcore.a(wiring_digital.c.o)
 .group         0x00000000        0x8 ..\libcore.a(CDC.cpp.o)
 .text          0x00000000        0x0 ..\libcore.a(CDC.cpp.o)
 .data          0x00000000        0x0 ..\libcore.a(CDC.cpp.o)
 .bss           0x00000000        0x0 ..\libcore.a(CDC.cpp.o)
 .text._ZN7Serial_5beginEm
                0x00000000        0xc ..\libcore.a(CDC.cpp.o)
 .text._ZN7Serial_5beginEmh
                0x00000000        0xc ..\libcore.a(CDC.cpp.o)
 .text._ZN7Serial_3endEv
                0x00000000        0x2 ..\libcore.a(CDC.cpp.o)
 .text._ZN7Serial_cvbEv
                0x00000000       0x1e ..\libcore.a(CDC.cpp.o)
 .group         0x00000000        0x8 ..\libcore.a(Print.cpp.o)
 .group         0x00000000        0x8 ..\libcore.a(Print.cpp.o)
 .text          0x00000000        0x0 ..\libcore.a(Print.cpp.o)
 .data          0x00000000        0x0 ..\libcore.a(Print.cpp.o)
 .bss           0x00000000        0x0 ..\libcore.a(Print.cpp.o)
 .text._ZN5Print5writeEPKc
                0x00000000       0x2c ..\libcore.a(Print.cpp.o)
 .text._ZN5Print5printEPK19__FlashStringHelper
                0x00000000       0x4a ..\libcore.a(Print.cpp.o)
 .text._ZN5Print5printERK6String
                0x00000000       0x1c ..\libcore.a(Print.cpp.o)
 .text._ZN5Print5printEPKc
                0x00000000        0x4 ..\libcore.a(Print.cpp.o)
 .text._ZN5Print5printEc
                0x00000000        0xe ..\libcore.a(Print.cpp.o)
 .text._ZN5Print5printERK9Printable
                0x00000000       0x14 ..\libcore.a(Print.cpp.o)
 .text._ZN5Print7printlnEv
                0x00000000       0x28 ..\libcore.a(Print.cpp.o)
 .text._ZN5Print7printlnEPK19__FlashStringHelper
                0x00000000       0x24 ..\libcore.a(Print.cpp.o)
 .text._ZN5Print7printlnERK6String
                0x00000000       0x24 ..\libcore.a(Print.cpp.o)
 .text._ZN5Print7printlnEPKc
                0x00000000       0x24 ..\libcore.a(Print.cpp.o)
 .text._ZN5Print7printlnEc
                0x00000000       0x24 ..\libcore.a(Print.cpp.o)
 .text._ZN5Print7printlnERK9Printable
                0x00000000       0x24 ..\libcore.a(Print.cpp.o)
 .text._ZN5Print11printNumberEmh
                0x00000000       0xb2 ..\libcore.a(Print.cpp.o)
 .text._ZN5Print5printEli
                0x00000000       0x94 ..\libcore.a(Print.cpp.o)
 .text._ZN5Print5printEii
                0x00000000       0x10 ..\libcore.a(Print.cpp.o)
 .text._ZN5Print7printlnEii
                0x00000000       0x30 ..\libcore.a(Print.cpp.o)
 .text._ZN5Print7printlnEli
                0x00000000       0x24 ..\libcore.a(Print.cpp.o)
 .text._ZN5Print5printEmi
                0x00000000       0x1a ..\libcore.a(Print.cpp.o)
 .text._ZN5Print5printEhi
                0x00000000        0xe ..\libcore.a(Print.cpp.o)
 .text._ZN5Print7printlnEhi
                0x00000000       0x2e ..\libcore.a(Print.cpp.o)
 .text._ZN5Print5printEji
                0x00000000        0xc ..\libcore.a(Print.cpp.o)
 .text._ZN5Print7printlnEji
                0x00000000       0x2c ..\libcore.a(Print.cpp.o)
 .text._ZN5Print7printlnEmi
                0x00000000       0x24 ..\libcore.a(Print.cpp.o)
 .rodata.str1.1
                0x00000000        0xe ..\libcore.a(Print.cpp.o)
 .text._ZN5Print10printFloatEdh
                0x00000000      0x1d6 ..\libcore.a(Print.cpp.o)
 .text._ZN5Print5printEdi
                0x00000000        0x4 ..\libcore.a(Print.cpp.o)
 .text._ZN5Print7printlnEdi
                0x00000000       0x24 ..\libcore.a(Print.cpp.o)
 .rodata._ZTV5Print
                0x00000000        0x8 ..\libcore.a(Print.cpp.o)
 .group         0x00000000        0x8 ..\libcore.a(USBCore.cpp.o)
 .text          0x00000000        0x0 ..\libcore.a(USBCore.cpp.o)
 .data          0x00000000        0x0 ..\libcore.a(USBCore.cpp.o)
 .bss           0x00000000        0x0 ..\libcore.a(USBCore.cpp.o)
 .text._Z19USBGetConfigurationv
                0x00000000        0x6 ..\libcore.a(USBCore.cpp.o)
 .text._Z12USBConnectedv
                0x00000000       0x22 ..\libcore.a(USBCore.cpp.o)
 .text._ZN10USBDevice_C2Ev
                0x00000000        0x2 ..\libcore.a(USBCore.cpp.o)
 .text._ZN10USBDevice_6detachEv
                0x00000000        0x2 ..\libcore.a(USBCore.cpp.o)
 .text._ZN10USBDevice_10configuredEv
                0x00000000        0xe ..\libcore.a(USBCore.cpp.o)
 .text._ZN10USBDevice_4pollEv
                0x00000000        0x2 ..\libcore.a(USBCore.cpp.o)
 .text          0x00000000        0x0 ..\libcore.a(hooks.c.o)
 .data          0x00000000        0x0 ..\libcore.a(hooks.c.o)
 .bss           0x00000000        0x0 ..\libcore.a(hooks.c.o)
 .group         0x00000000        0x8 ..\libcore.a(HID.cpp.o)
 .text          0x00000000        0x0 ..\libcore.a(HID.cpp.o)
 .data          0x00000000        0x0 ..\libcore.a(HID.cpp.o)
 .bss           0x00000000        0x0 ..\libcore.a(HID.cpp.o)
 .text._ZN6Mouse_C2Ev
                0x00000000        0x6 ..\libcore.a(HID.cpp.o)
 .text._ZN6Mouse_5beginEv
                0x00000000        0x2 ..\libcore.a(HID.cpp.o)
 .text._ZN6Mouse_3endEv
                0x00000000        0x2 ..\libcore.a(HID.cpp.o)
 .text._ZN6Mouse_4moveEaaa
                0x00000000       0x36 ..\libcore.a(HID.cpp.o)
 .text._ZN6Mouse_5clickEh
                0x00000000       0x24 ..\libcore.a(HID.cpp.o)
 .text._ZN6Mouse_7buttonsEh
                0x00000000       0x16 ..\libcore.a(HID.cpp.o)
 .text._ZN6Mouse_5pressEh
                0x00000000        0xa ..\libcore.a(HID.cpp.o)
 .text._ZN6Mouse_7releaseEh
                0x00000000        0xc ..\libcore.a(HID.cpp.o)
 .text._ZN6Mouse_9isPressedEh
                0x00000000        0xe ..\libcore.a(HID.cpp.o)
 .text._ZN9Keyboard_C2Ev
                0x00000000       0x10 ..\libcore.a(HID.cpp.o)
 .text._ZN9Keyboard_5beginEv
                0x00000000        0x2 ..\libcore.a(HID.cpp.o)
 .text._ZN9Keyboard_3endEv
                0x00000000        0x2 ..\libcore.a(HID.cpp.o)
 .text          0x00000000        0x0 ..\libcore.a(new.cpp.o)
 .data          0x00000000        0x0 ..\libcore.a(new.cpp.o)
 .bss           0x00000000        0x0 ..\libcore.a(new.cpp.o)
 .text._Znwj    0x00000000        0x4 ..\libcore.a(new.cpp.o)
 .text._Znaj    0x00000000        0x4 ..\libcore.a(new.cpp.o)
 .text._ZdlPv   0x00000000        0x4 ..\libcore.a(new.cpp.o)
 .text._ZdaPv   0x00000000        0x4 ..\libcore.a(new.cpp.o)
 .text.__cxa_guard_acquire
                0x00000000       0x12 ..\libcore.a(new.cpp.o)
 .text.__cxa_guard_release
                0x00000000        0x8 ..\libcore.a(new.cpp.o)
 .text.__cxa_guard_abort
                0x00000000        0x2 ..\libcore.a(new.cpp.o)
 .text.__cxa_pure_virtual
                0x00000000        0x2 ..\libcore.a(new.cpp.o)
 .debug_info    0x00000000      0x230 ..\libcore.a(new.cpp.o)
 .debug_abbrev  0x00000000      0x140 ..\libcore.a(new.cpp.o)
 .debug_loc     0x00000000       0xc0 ..\libcore.a(new.cpp.o)
 .debug_aranges
                0x00000000       0x58 ..\libcore.a(new.cpp.o)
 .debug_ranges  0x00000000       0x48 ..\libcore.a(new.cpp.o)
 .debug_line    0x00000000      0x160 ..\libcore.a(new.cpp.o)
 .debug_str     0x00000000      0x1af ..\libcore.a(new.cpp.o)
 .comment       0x00000000       0x12 ..\libcore.a(new.cpp.o)
 .debug_frame   0x00000000       0x94 ..\libcore.a(new.cpp.o)
 .text          0x00000000        0x0 c:/program files (x86)/atmel/atmel toolchain/avr8 gcc/native/3.4.1061/avr8-gnu-toolchain/bin/../lib/gcc/avr/4.8.1/../../../../avr/lib/avr5\libm.a(addsf3.o)
 .data          0x00000000        0x0 c:/program files (x86)/atmel/atmel toolchain/avr8 gcc/native/3.4.1061/avr8-gnu-toolchain/bin/../lib/gcc/avr/4.8.1/../../../../avr/lib/avr5\libm.a(addsf3.o)
 .bss           0x00000000        0x0 c:/program files (x86)/atmel/atmel toolchain/avr8 gcc/native/3.4.1061/avr8-gnu-toolchain/bin/../lib/gcc/avr/4.8.1/../../../../avr/lib/avr5\libm.a(addsf3.o)
 .text.avr-libc.fplib
                0x00000000        0xa c:/program files (x86)/atmel/atmel toolchain/avr8 gcc/native/3.4.1061/avr8-gnu-toolchain/bin/../lib/gcc/avr/4.8.1/../../../../avr/lib/avr5\libm.a(addsf3.o)
 .text          0x00000000        0x0 c:/program files (x86)/atmel/atmel toolchain/avr8 gcc/native/3.4.1061/avr8-gnu-toolchain/bin/../lib/gcc/avr/4.8.1/../../../../avr/lib/avr5\libm.a(addsf3x.o)
 .data          0x00000000        0x0 c:/program files (x86)/atmel/atmel toolchain/avr8 gcc/native/3.4.1061/avr8-gnu-toolchain/bin/../lib/gcc/avr/4.8.1/../../../../avr/lib/avr5\libm.a(addsf3x.o)
 .bss           0x00000000        0x0 c:/program files (x86)/atmel/atmel toolchain/avr8 gcc/native/3.4.1061/avr8-gnu-toolchain/bin/../lib/gcc/avr/4.8.1/../../../../avr/lib/avr5\libm.a(addsf3x.o)
 .text.avr-libc.fplib
                0x00000000       0xc0 c:/program files (x86)/atmel/atmel toolchain/avr8 gcc/native/3.4.1061/avr8-gnu-toolchain/bin/../lib/gcc/avr/4.8.1/../../../../avr/lib/avr5\libm.a(addsf3x.o)
 .text          0x00000000        0x0 c:/program files (x86)/atmel/atmel toolchain/avr8 gcc/native/3.4.1061/avr8-gnu-toolchain/bin/../lib/gcc/avr/4.8.1/../../../../avr/lib/avr5\libm.a(cmpsf2.o)
 .data          0x00000000        0x0 c:/program files (x86)/atmel/atmel toolchain/avr8 gcc/native/3.4.1061/avr8-gnu-toolchain/bin/../lib/gcc/avr/4.8.1/../../../../avr/lib/avr5\libm.a(cmpsf2.o)
 .bss           0x00000000        0x0 c:/program files (x86)/atmel/atmel toolchain/avr8 gcc/native/3.4.1061/avr8-gnu-toolchain/bin/../lib/gcc/avr/4.8.1/../../../../avr/lib/avr5\libm.a(cmpsf2.o)
 .text.avr-libc.fplib
                0x00000000        0x8 c:/program files (x86)/atmel/atmel toolchain/avr8 gcc/native/3.4.1061/avr8-gnu-toolchain/bin/../lib/gcc/avr/4.8.1/../../../../avr/lib/avr5\libm.a(cmpsf2.o)
 .text          0x00000000        0x0 c:/program files (x86)/atmel/atmel toolchain/avr8 gcc/native/3.4.1061/avr8-gnu-toolchain/bin/../lib/gcc/avr/4.8.1/../../../../avr/lib/avr5\libm.a(divsf3.o)
 .data          0x00000000        0x0 c:/program files (x86)/atmel/atmel toolchain/avr8 gcc/native/3.4.1061/avr8-gnu-toolchain/bin/../lib/gcc/avr/4.8.1/../../../../avr/lib/avr5\libm.a(divsf3.o)
 .bss           0x00000000        0x0 c:/program files (x86)/atmel/atmel toolchain/avr8 gcc/native/3.4.1061/avr8-gnu-toolchain/bin/../lib/gcc/avr/4.8.1/../../../../avr/lib/avr5\libm.a(divsf3.o)
 .text.avr-libc.fplib
                0x00000000        0x4 c:/program files (x86)/atmel/atmel toolchain/avr8 gcc/native/3.4.1061/avr8-gnu-toolchain/bin/../lib/gcc/avr/4.8.1/../../../../avr/lib/avr5\libm.a(divsf3.o)
 .text          0x00000000        0x0 c:/program files (x86)/atmel/atmel toolchain/avr8 gcc/native/3.4.1061/avr8-gnu-toolchain/bin/../lib/gcc/avr/4.8.1/../../../../avr/lib/avr5\libm.a(divsf3x.o)
 .data          0x00000000        0x0 c:/program files (x86)/atmel/atmel toolchain/avr8 gcc/native/3.4.1061/avr8-gnu-toolchain/bin/../lib/gcc/avr/4.8.1/../../../../avr/lib/avr5\libm.a(divsf3x.o)
 .bss           0x00000000        0x0 c:/program files (x86)/atmel/atmel toolchain/avr8 gcc/native/3.4.1061/avr8-gnu-toolchain/bin/../lib/gcc/avr/4.8.1/../../../../avr/lib/avr5\libm.a(divsf3x.o)
 .text.avr-libc.fplib
                0x00000000       0xcc c:/program files (x86)/atmel/atmel toolchain/avr8 gcc/native/3.4.1061/avr8-gnu-toolchain/bin/../lib/gcc/avr/4.8.1/../../../../avr/lib/avr5\libm.a(divsf3x.o)
 .text          0x00000000        0x0 c:/program files (x86)/atmel/atmel toolchain/avr8 gcc/native/3.4.1061/avr8-gnu-toolchain/bin/../lib/gcc/avr/4.8.1/../../../../avr/lib/avr5\libm.a(fixsfsi.o)
 .data          0x00000000        0x0 c:/program files (x86)/atmel/atmel toolchain/avr8 gcc/native/3.4.1061/avr8-gnu-toolchain/bin/../lib/gcc/avr/4.8.1/../../../../avr/lib/avr5\libm.a(fixsfsi.o)
 .bss           0x00000000        0x0 c:/program files (x86)/atmel/atmel toolchain/avr8 gcc/native/3.4.1061/avr8-gnu-toolchain/bin/../lib/gcc/avr/4.8.1/../../../../avr/lib/avr5\libm.a(fixsfsi.o)
 .text.avr-libc.fplib
                0x00000000        0xa c:/program files (x86)/atmel/atmel toolchain/avr8 gcc/native/3.4.1061/avr8-gnu-toolchain/bin/../lib/gcc/avr/4.8.1/../../../../avr/lib/avr5\libm.a(fixsfsi.o)
 .text          0x00000000        0x0 c:/program files (x86)/atmel/atmel toolchain/avr8 gcc/native/3.4.1061/avr8-gnu-toolchain/bin/../lib/gcc/avr/4.8.1/../../../../avr/lib/avr5\libm.a(fixunssfsi.o)
 .data          0x00000000        0x0 c:/program files (x86)/atmel/atmel toolchain/avr8 gcc/native/3.4.1061/avr8-gnu-toolchain/bin/../lib/gcc/avr/4.8.1/../../../../avr/lib/avr5\libm.a(fixunssfsi.o)
 .bss           0x00000000        0x0 c:/program files (x86)/atmel/atmel toolchain/avr8 gcc/native/3.4.1061/avr8-gnu-toolchain/bin/../lib/gcc/avr/4.8.1/../../../../avr/lib/avr5\libm.a(fixunssfsi.o)
 .text.avr-libc.fplib
                0x00000000       0x58 c:/program files (x86)/atmel/atmel toolchain/avr8 gcc/native/3.4.1061/avr8-gnu-toolchain/bin/../lib/gcc/avr/4.8.1/../../../../avr/lib/avr5\libm.a(fixunssfsi.o)
 .text          0x00000000        0x0 c:/program files (x86)/atmel/atmel toolchain/avr8 gcc/native/3.4.1061/avr8-gnu-toolchain/bin/../lib/gcc/avr/4.8.1/../../../../avr/lib/avr5\libm.a(fp_inf.o)
 .data          0x00000000        0x0 c:/program files (x86)/atmel/atmel toolchain/avr8 gcc/native/3.4.1061/avr8-gnu-toolchain/bin/../lib/gcc/avr/4.8.1/../../../../avr/lib/avr5\libm.a(fp_inf.o)
 .bss           0x00000000        0x0 c:/program files (x86)/atmel/atmel toolchain/avr8 gcc/native/3.4.1061/avr8-gnu-toolchain/bin/../lib/gcc/avr/4.8.1/../../../../avr/lib/avr5\libm.a(fp_inf.o)
 .text.avr-libc.fplib
                0x00000000        0xc c:/program files (x86)/atmel/atmel toolchain/avr8 gcc/native/3.4.1061/avr8-gnu-toolchain/bin/../lib/gcc/avr/4.8.1/../../../../avr/lib/avr5\libm.a(fp_inf.o)
 .text          0x00000000        0x0 c:/program files (x86)/atmel/atmel toolchain/avr8 gcc/native/3.4.1061/avr8-gnu-toolchain/bin/../lib/gcc/avr/4.8.1/../../../../avr/lib/avr5\libm.a(fp_nan.o)
 .data          0x00000000        0x0 c:/program files (x86)/atmel/atmel toolchain/avr8 gcc/native/3.4.1061/avr8-gnu-toolchain/bin/../lib/gcc/avr/4.8.1/../../../../avr/lib/avr5\libm.a(fp_nan.o)
 .bss           0x00000000        0x0 c:/program files (x86)/atmel/atmel toolchain/avr8 gcc/native/3.4.1061/avr8-gnu-toolchain/bin/../lib/gcc/avr/4.8.1/../../../../avr/lib/avr5\libm.a(fp_nan.o)
 .text.avr-libc.fplib
                0x00000000        0x6 c:/program files (x86)/atmel/atmel toolchain/avr8 gcc/native/3.4.1061/avr8-gnu-toolchain/bin/../lib/gcc/avr/4.8.1/../../../../avr/lib/avr5\libm.a(fp_nan.o)
 .text          0x00000000        0x0 c:/program files (x86)/atmel/atmel toolchain/avr8 gcc/native/3.4.1061/avr8-gnu-toolchain/bin/../lib/gcc/avr/4.8.1/../../../../avr/lib/avr5\libm.a(fp_pscA.o)
 .data          0x00000000        0x0 c:/program files (x86)/atmel/atmel toolchain/avr8 gcc/native/3.4.1061/avr8-gnu-toolchain/bin/../lib/gcc/avr/4.8.1/../../../../avr/lib/avr5\libm.a(fp_pscA.o)
 .bss           0x00000000        0x0 c:/program files (x86)/atmel/atmel toolchain/avr8 gcc/native/3.4.1061/avr8-gnu-toolchain/bin/../lib/gcc/avr/4.8.1/../../../../avr/lib/avr5\libm.a(fp_pscA.o)
 .text.avr-libc.fplib
                0x00000000        0xe c:/program files (x86)/atmel/atmel toolchain/avr8 gcc/native/3.4.1061/avr8-gnu-toolchain/bin/../lib/gcc/avr/4.8.1/../../../../avr/lib/avr5\libm.a(fp_pscA.o)
 .text          0x00000000        0x0 c:/program files (x86)/atmel/atmel toolchain/avr8 gcc/native/3.4.1061/avr8-gnu-toolchain/bin/../lib/gcc/avr/4.8.1/../../../../avr/lib/avr5\libm.a(fp_pscB.o)
 .data          0x00000000        0x0 c:/program files (x86)/atmel/atmel toolchain/avr8 gcc/native/3.4.1061/avr8-gnu-toolchain/bin/../lib/gcc/avr/4.8.1/../../../../avr/lib/avr5\libm.a(fp_pscB.o)
 .bss           0x00000000        0x0 c:/program files (x86)/atmel/atmel toolchain/avr8 gcc/native/3.4.1061/avr8-gnu-toolchain/bin/../lib/gcc/avr/4.8.1/../../../../avr/lib/avr5\libm.a(fp_pscB.o)
 .text.avr-libc.fplib
                0x00000000        0xe c:/program files (x86)/atmel/atmel toolchain/avr8 gcc/native/3.4.1061/avr8-gnu-toolchain/bin/../lib/gcc/avr/4.8.1/../../../../avr/lib/avr5\libm.a(fp_pscB.o)
 .text          0x00000000        0x0 c:/program files (x86)/atmel/atmel toolchain/avr8 gcc/native/3.4.1061/avr8-gnu-toolchain/bin/../lib/gcc/avr/4.8.1/../../../../avr/lib/avr5\libm.a(fp_round.o)
 .data          0x00000000        0x0 c:/program files (x86)/atmel/atmel toolchain/avr8 gcc/native/3.4.1061/avr8-gnu-toolchain/bin/../lib/gcc/avr/4.8.1/../../../../avr/lib/avr5\libm.a(fp_round.o)
 .bss           0x00000000        0x0 c:/program files (x86)/atmel/atmel toolchain/avr8 gcc/native/3.4.1061/avr8-gnu-toolchain/bin/../lib/gcc/avr/4.8.1/../../../../avr/lib/avr5\libm.a(fp_round.o)
 .text.avr-libc.fplib
                0x00000000       0x22 c:/program files (x86)/atmel/atmel toolchain/avr8 gcc/native/3.4.1061/avr8-gnu-toolchain/bin/../lib/gcc/avr/4.8.1/../../../../avr/lib/avr5\libm.a(fp_round.o)
 .text          0x00000000        0x0 c:/program files (x86)/atmel/atmel toolchain/avr8 gcc/native/3.4.1061/avr8-gnu-toolchain/bin/../lib/gcc/avr/4.8.1/../../../../avr/lib/avr5\libm.a(fp_split3.o)
 .data          0x00000000        0x0 c:/program files (x86)/atmel/atmel toolchain/avr8 gcc/native/3.4.1061/avr8-gnu-toolchain/bin/../lib/gcc/avr/4.8.1/../../../../avr/lib/avr5\libm.a(fp_split3.o)
 .bss           0x00000000        0x0 c:/program files (x86)/atmel/atmel toolchain/avr8 gcc/native/3.4.1061/avr8-gnu-toolchain/bin/../lib/gcc/avr/4.8.1/../../../../avr/lib/avr5\libm.a(fp_split3.o)
 .text.avr-libc.fplib
                0x00000000       0x44 c:/program files (x86)/atmel/atmel toolchain/avr8 gcc/native/3.4.1061/avr8-gnu-toolchain/bin/../lib/gcc/avr/4.8.1/../../../../avr/lib/avr5\libm.a(fp_split3.o)
 .text          0x00000000        0x0 c:/program files (x86)/atmel/atmel toolchain/avr8 gcc/native/3.4.1061/avr8-gnu-toolchain/bin/../lib/gcc/avr/4.8.1/../../../../avr/lib/avr5\libm.a(fp_zero.o)
 .data          0x00000000        0x0 c:/program files (x86)/atmel/atmel toolchain/avr8 gcc/native/3.4.1061/avr8-gnu-toolchain/bin/../lib/gcc/avr/4.8.1/../../../../avr/lib/avr5\libm.a(fp_zero.o)
 .bss           0x00000000        0x0 c:/program files (x86)/atmel/atmel toolchain/avr8 gcc/native/3.4.1061/avr8-gnu-toolchain/bin/../lib/gcc/avr/4.8.1/../../../../avr/lib/avr5\libm.a(fp_zero.o)
 .text.avr-libc.fplib
                0x00000000        0xe c:/program files (x86)/atmel/atmel toolchain/avr8 gcc/native/3.4.1061/avr8-gnu-toolchain/bin/../lib/gcc/avr/4.8.1/../../../../avr/lib/avr5\libm.a(fp_zero.o)
 .text          0x00000000        0x0 c:/program files (x86)/atmel/atmel toolchain/avr8 gcc/native/3.4.1061/avr8-gnu-toolchain/bin/../lib/gcc/avr/4.8.1/../../../../avr/lib/avr5\libm.a(mulsf3.o)
 .data          0x00000000        0x0 c:/program files (x86)/atmel/atmel toolchain/avr8 gcc/native/3.4.1061/avr8-gnu-toolchain/bin/../lib/gcc/avr/4.8.1/../../../../avr/lib/avr5\libm.a(mulsf3.o)
 .bss           0x00000000        0x0 c:/program files (x86)/atmel/atmel toolchain/avr8 gcc/native/3.4.1061/avr8-gnu-toolchain/bin/../lib/gcc/avr/4.8.1/../../../../avr/lib/avr5\libm.a(mulsf3.o)
 .text.avr-libc.fplib
                0x00000000        0x4 c:/program files (x86)/atmel/atmel toolchain/avr8 gcc/native/3.4.1061/avr8-gnu-toolchain/bin/../lib/gcc/avr/4.8.1/../../../../avr/lib/avr5\libm.a(mulsf3.o)
 .text          0x00000000        0x0 c:/program files (x86)/atmel/atmel toolchain/avr8 gcc/native/3.4.1061/avr8-gnu-toolchain/bin/../lib/gcc/avr/4.8.1/../../../../avr/lib/avr5\libm.a(mulsf3x.o)
 .data          0x00000000        0x0 c:/program files (x86)/atmel/atmel toolchain/avr8 gcc/native/3.4.1061/avr8-gnu-toolchain/bin/../lib/gcc/avr/4.8.1/../../../../avr/lib/avr5\libm.a(mulsf3x.o)
 .bss           0x00000000        0x0 c:/program files (x86)/atmel/atmel toolchain/avr8 gcc/native/3.4.1061/avr8-gnu-toolchain/bin/../lib/gcc/avr/4.8.1/../../../../avr/lib/avr5\libm.a(mulsf3x.o)
 .text.avr-libc.fplib
                0x00000000       0xc2 c:/program files (x86)/atmel/atmel toolchain/avr8 gcc/native/3.4.1061/avr8-gnu-toolchain/bin/../lib/gcc/avr/4.8.1/../../../../avr/lib/avr5\libm.a(mulsf3x.o)
 .text          0x00000000        0x0 c:/program files (x86)/atmel/atmel toolchain/avr8 gcc/native/3.4.1061/avr8-gnu-toolchain/bin/../lib/gcc/avr/4.8.1/../../../../avr/lib/avr5\libm.a(unordsf2.o)
 .data          0x00000000        0x0 c:/program files (x86)/atmel/atmel toolchain/avr8 gcc/native/3.4.1061/avr8-gnu-toolchain/bin/../lib/gcc/avr/4.8.1/../../../../avr/lib/avr5\libm.a(unordsf2.o)
 .bss           0x00000000        0x0 c:/program files (x86)/atmel/atmel toolchain/avr8 gcc/native/3.4.1061/avr8-gnu-toolchain/bin/../lib/gcc/avr/4.8.1/../../../../avr/lib/avr5\libm.a(unordsf2.o)
 .text.avr-libc.fplib
                0x00000000        0x8 c:/program files (x86)/atmel/atmel toolchain/avr8 gcc/native/3.4.1061/avr8-gnu-toolchain/bin/../lib/gcc/avr/4.8.1/../../../../avr/lib/avr5\libm.a(unordsf2.o)
 .text          0x00000000        0x0 c:/program files (x86)/atmel/atmel toolchain/avr8 gcc/native/3.4.1061/avr8-gnu-toolchain/bin/../lib/gcc/avr/4.8.1/avr5\libgcc.a(_udivmodsi4.o)
 .data          0x00000000        0x0 c:/program files (x86)/atmel/atmel toolchain/avr8 gcc/native/3.4.1061/avr8-gnu-toolchain/bin/../lib/gcc/avr/4.8.1/avr5\libgcc.a(_udivmodsi4.o)
 .bss           0x00000000        0x0 c:/program files (x86)/atmel/atmel toolchain/avr8 gcc/native/3.4.1061/avr8-gnu-toolchain/bin/../lib/gcc/avr/4.8.1/avr5\libgcc.a(_udivmodsi4.o)
 .text.libgcc.mul
                0x00000000        0x0 c:/program files (x86)/atmel/atmel toolchain/avr8 gcc/native/3.4.1061/avr8-gnu-toolchain/bin/../lib/gcc/avr/4.8.1/avr5\libgcc.a(_udivmodsi4.o)
 .text.libgcc.div
                0x00000000       0x44 c:/program files (x86)/atmel/atmel toolchain/avr8 gcc/native/3.4.1061/avr8-gnu-toolchain/bin/../lib/gcc/avr/4.8.1/avr5\libgcc.a(_udivmodsi4.o)
 .text.libgcc   0x00000000        0x0 c:/program files (x86)/atmel/atmel toolchain/avr8 gcc/native/3.4.1061/avr8-gnu-toolchain/bin/../lib/gcc/avr/4.8.1/avr5\libgcc.a(_udivmodsi4.o)
 .text.libgcc.prologue
                0x00000000        0x0 c:/program files (x86)/atmel/atmel toolchain/avr8 gcc/native/3.4.1061/avr8-gnu-toolchain/bin/../lib/gcc/avr/4.8.1/avr5\libgcc.a(_udivmodsi4.o)
 .text.libgcc.builtins
                0x00000000        0x0 c:/program files (x86)/atmel/atmel toolchain/avr8 gcc/native/3.4.1061/avr8-gnu-toolchain/bin/../lib/gcc/avr/4.8.1/avr5\libgcc.a(_udivmodsi4.o)
 .text.libgcc.fmul
                0x00000000        0x0 c:/program files (x86)/atmel/atmel toolchain/avr8 gcc/native/3.4.1061/avr8-gnu-toolchain/bin/../lib/gcc/avr/4.8.1/avr5\libgcc.a(_udivmodsi4.o)
 .text.libgcc.fixed
                0x00000000        0x0 c:/program files (x86)/atmel/atmel toolchain/avr8 gcc/native/3.4.1061/avr8-gnu-toolchain/bin/../lib/gcc/avr/4.8.1/avr5\libgcc.a(_udivmodsi4.o)
 .text          0x00000000        0x0 c:/program files (x86)/atmel/atmel toolchain/avr8 gcc/native/3.4.1061/avr8-gnu-toolchain/bin/../lib/gcc/avr/4.8.1/avr5\libgcc.a(_exit.o)
 .data          0x00000000        0x0 c:/program files (x86)/atmel/atmel toolchain/avr8 gcc/native/3.4.1061/avr8-gnu-toolchain/bin/../lib/gcc/avr/4.8.1/avr5\libgcc.a(_exit.o)
 .bss           0x00000000        0x0 c:/program files (x86)/atmel/atmel toolchain/avr8 gcc/native/3.4.1061/avr8-gnu-toolchain/bin/../lib/gcc/avr/4.8.1/avr5\libgcc.a(_exit.o)
 .text.libgcc.mul
                0x00000000        0x0 c:/program files (x86)/atmel/atmel toolchain/avr8 gcc/native/3.4.1061/avr8-gnu-toolchain/bin/../lib/gcc/avr/4.8.1/avr5\libgcc.a(_exit.o)
 .text.libgcc.div
                0x00000000        0x0 c:/program files (x86)/atmel/atmel toolchain/avr8 gcc/native/3.4.1061/avr8-gnu-toolchain/bin/../lib/gcc/avr/4.8.1/avr5\libgcc.a(_exit.o)
 .text.libgcc   0x00000000        0x0 c:/program files (x86)/atmel/atmel toolchain/avr8 gcc/native/3.4.1061/avr8-gnu-toolchain/bin/../lib/gcc/avr/4.8.1/avr5\libgcc.a(_exit.o)
 .text.libgcc.prologue
                0x00000000        0x0 c:/program files (x86)/atmel/atmel toolchain/avr8 gcc/native/3.4.1061/avr8-gnu-toolchain/bin/../lib/gcc/avr/4.8.1/avr5\libgcc.a(_exit.o)
 .text.libgcc.builtins
                0x00000000        0x0 c:/program files (x86)/atmel/atmel toolchain/avr8 gcc/native/3.4.1061/avr8-gnu-toolchain/bin/../lib/gcc/avr/4.8.1/avr5\libgcc.a(_exit.o)
 .text.libgcc.fmul
                0x00000000        0x0 c:/program files (x86)/atmel/atmel toolchain/avr8 gcc/native/3.4.1061/avr8-gnu-toolchain/bin/../lib/gcc/avr/4.8.1/avr5\libgcc.a(_exit.o)
 .text.libgcc.fixed
                0x00000000        0x0 c:/program files (x86)/atmel/atmel toolchain/avr8 gcc/native/3.4.1061/avr8-gnu-toolchain/bin/../lib/gcc/avr/4.8.1/avr5\libgcc.a(_exit.o)
 .text          0x00000000        0x0 c:/program files (x86)/atmel/atmel toolchain/avr8 gcc/native/3.4.1061/avr8-gnu-toolchain/bin/../lib/gcc/avr/4.8.1/avr5\libgcc.a(_tablejump.o)
 .data          0x00000000        0x0 c:/program files (x86)/atmel/atmel toolchain/avr8 gcc/native/3.4.1061/avr8-gnu-toolchain/bin/../lib/gcc/avr/4.8.1/avr5\libgcc.a(_tablejump.o)
 .bss           0x00000000        0x0 c:/program files (x86)/atmel/atmel toolchain/avr8 gcc/native/3.4.1061/avr8-gnu-toolchain/bin/../lib/gcc/avr/4.8.1/avr5\libgcc.a(_tablejump.o)
 .text.libgcc.mul
                0x00000000        0x0 c:/program files (x86)/atmel/atmel toolchain/avr8 gcc/native/3.4.1061/avr8-gnu-toolchain/bin/../lib/gcc/avr/4.8.1/avr5\libgcc.a(_tablejump.o)
 .text.libgcc.div
                0x00000000        0x0 c:/program files (x86)/atmel/atmel toolchain/avr8 gcc/native/3.4.1061/avr8-gnu-toolchain/bin/../lib/gcc/avr/4.8.1/avr5\libgcc.a(_tablejump.o)
 .text.libgcc.prologue
                0x00000000        0x0 c:/program files (x86)/atmel/atmel toolchain/avr8 gcc/native/3.4.1061/avr8-gnu-toolchain/bin/../lib/gcc/avr/4.8.1/avr5\libgcc.a(_tablejump.o)
 .text.libgcc.builtins
                0x00000000        0x0 c:/program files (x86)/atmel/atmel toolchain/avr8 gcc/native/3.4.1061/avr8-gnu-toolchain/bin/../lib/gcc/avr/4.8.1/avr5\libgcc.a(_tablejump.o)
 .text.libgcc.fmul
                0x00000000        0x0 c:/program files (x86)/atmel/atmel toolchain/avr8 gcc/native/3.4.1061/avr8-gnu-toolchain/bin/../lib/gcc/avr/4.8.1/avr5\libgcc.a(_tablejump.o)
 .text.libgcc.fixed
                0x00000000        0x0 c:/program files (x86)/atmel/atmel toolchain/avr8 gcc/native/3.4.1061/avr8-gnu-toolchain/bin/../lib/gcc/avr/4.8.1/avr5\libgcc.a(_tablejump.o)
 .text          0x00000000        0x0 c:/program files (x86)/atmel/atmel toolchain/avr8 gcc/native/3.4.1061/avr8-gnu-toolchain/bin/../lib/gcc/avr/4.8.1/avr5\libgcc.a(_copy_data.o)
 .data          0x00000000        0x0 c:/program files (x86)/atmel/atmel toolchain/avr8 gcc/native/3.4.1061/avr8-gnu-toolchain/bin/../lib/gcc/avr/4.8.1/avr5\libgcc.a(_copy_data.o)
 .bss           0x00000000        0x0 c:/program files (x86)/atmel/atmel toolchain/avr8 gcc/native/3.4.1061/avr8-gnu-toolchain/bin/../lib/gcc/avr/4.8.1/avr5\libgcc.a(_copy_data.o)
 .text.libgcc.mul
                0x00000000        0x0 c:/program files (x86)/atmel/atmel toolchain/avr8 gcc/native/3.4.1061/avr8-gnu-toolchain/bin/../lib/gcc/avr/4.8.1/avr5\libgcc.a(_copy_data.o)
 .text.libgcc.div
                0x00000000        0x0 c:/program files (x86)/atmel/atmel toolchain/avr8 gcc/native/3.4.1061/avr8-gnu-toolchain/bin/../lib/gcc/avr/4.8.1/avr5\libgcc.a(_copy_data.o)
 .text.libgcc   0x00000000        0x0 c:/program files (x86)/atmel/atmel toolchain/avr8 gcc/native/3.4.1061/avr8-gnu-toolchain/bin/../lib/gcc/avr/4.8.1/avr5\libgcc.a(_copy_data.o)
 .text.libgcc.prologue
                0x00000000        0x0 c:/program files (x86)/atmel/atmel toolchain/avr8 gcc/native/3.4.1061/avr8-gnu-toolchain/bin/../lib/gcc/avr/4.8.1/avr5\libgcc.a(_copy_data.o)
 .text.libgcc.builtins
                0x00000000        0x0 c:/program files (x86)/atmel/atmel toolchain/avr8 gcc/native/3.4.1061/avr8-gnu-toolchain/bin/../lib/gcc/avr/4.8.1/avr5\libgcc.a(_copy_data.o)
 .text.libgcc.fmul
                0x00000000        0x0 c:/program files (x86)/atmel/atmel toolchain/avr8 gcc/native/3.4.1061/avr8-gnu-toolchain/bin/../lib/gcc/avr/4.8.1/avr5\libgcc.a(_copy_data.o)
 .text.libgcc.fixed
                0x00000000        0x0 c:/program files (x86)/atmel/atmel toolchain/avr8 gcc/native/3.4.1061/avr8-gnu-toolchain/bin/../lib/gcc/avr/4.8.1/avr5\libgcc.a(_copy_data.o)
 .text          0x00000000        0x0 c:/program files (x86)/atmel/atmel toolchain/avr8 gcc/native/3.4.1061/avr8-gnu-toolchain/bin/../lib/gcc/avr/4.8.1/avr5\libgcc.a(_clear_bss.o)
 .data          0x00000000        0x0 c:/program files (x86)/atmel/atmel toolchain/avr8 gcc/native/3.4.1061/avr8-gnu-toolchain/bin/../lib/gcc/avr/4.8.1/avr5\libgcc.a(_clear_bss.o)
 .bss           0x00000000        0x0 c:/program files (x86)/atmel/atmel toolchain/avr8 gcc/native/3.4.1061/avr8-gnu-toolchain/bin/../lib/gcc/avr/4.8.1/avr5\libgcc.a(_clear_bss.o)
 .text.libgcc.mul
                0x00000000        0x0 c:/program files (x86)/atmel/atmel toolchain/avr8 gcc/native/3.4.1061/avr8-gnu-toolchain/bin/../lib/gcc/avr/4.8.1/avr5\libgcc.a(_clear_bss.o)
 .text.libgcc.div
                0x00000000        0x0 c:/program files (x86)/atmel/atmel toolchain/avr8 gcc/native/3.4.1061/avr8-gnu-toolchain/bin/../lib/gcc/avr/4.8.1/avr5\libgcc.a(_clear_bss.o)
 .text.libgcc   0x00000000        0x0 c:/program files (x86)/atmel/atmel toolchain/avr8 gcc/native/3.4.1061/avr8-gnu-toolchain/bin/../lib/gcc/avr/4.8.1/avr5\libgcc.a(_clear_bss.o)
 .text.libgcc.prologue
                0x00000000        0x0 c:/program files (x86)/atmel/atmel toolchain/avr8 gcc/native/3.4.1061/avr8-gnu-toolchain/bin/../lib/gcc/avr/4.8.1/avr5\libgcc.a(_clear_bss.o)
 .text.libgcc.builtins
                0x00000000        0x0 c:/program files (x86)/atmel/atmel toolchain/avr8 gcc/native/3.4.1061/avr8-gnu-toolchain/bin/../lib/gcc/avr/4.8.1/avr5\libgcc.a(_clear_bss.o)
 .text.libgcc.fmul
                0x00000000        0x0 c:/program files (x86)/atmel/atmel toolchain/avr8 gcc/native/3.4.1061/avr8-gnu-toolchain/bin/../lib/gcc/avr/4.8.1/avr5\libgcc.a(_clear_bss.o)
 .text.libgcc.fixed
                0x00000000        0x0 c:/program files (x86)/atmel/atmel toolchain/avr8 gcc/native/3.4.1061/avr8-gnu-toolchain/bin/../lib/gcc/avr/4.8.1/avr5\libgcc.a(_clear_bss.o)
 .text          0x00000000        0x0 c:/program files (x86)/atmel/atmel toolchain/avr8 gcc/native/3.4.1061/avr8-gnu-toolchain/bin/../lib/gcc/avr/4.8.1/avr5\libgcc.a(_ctors.o)
 .data          0x00000000        0x0 c:/program files (x86)/atmel/atmel toolchain/avr8 gcc/native/3.4.1061/avr8-gnu-toolchain/bin/../lib/gcc/avr/4.8.1/avr5\libgcc.a(_ctors.o)
 .bss           0x00000000        0x0 c:/program files (x86)/atmel/atmel toolchain/avr8 gcc/native/3.4.1061/avr8-gnu-toolchain/bin/../lib/gcc/avr/4.8.1/avr5\libgcc.a(_ctors.o)
 .text.libgcc.mul
                0x00000000        0x0 c:/program files (x86)/atmel/atmel toolchain/avr8 gcc/native/3.4.1061/avr8-gnu-toolchain/bin/../lib/gcc/avr/4.8.1/avr5\libgcc.a(_ctors.o)
 .text.libgcc.div
                0x00000000        0x0 c:/program files (x86)/atmel/atmel toolchain/avr8 gcc/native/3.4.1061/avr8-gnu-toolchain/bin/../lib/gcc/avr/4.8.1/avr5\libgcc.a(_ctors.o)
 .text.libgcc   0x00000000        0x0 c:/program files (x86)/atmel/atmel toolchain/avr8 gcc/native/3.4.1061/avr8-gnu-toolchain/bin/../lib/gcc/avr/4.8.1/avr5\libgcc.a(_ctors.o)
 .text.libgcc.prologue
                0x00000000        0x0 c:/program files (x86)/atmel/atmel toolchain/avr8 gcc/native/3.4.1061/avr8-gnu-toolchain/bin/../lib/gcc/avr/4.8.1/avr5\libgcc.a(_ctors.o)
 .text.libgcc.builtins
                0x00000000        0x0 c:/program files (x86)/atmel/atmel toolchain/avr8 gcc/native/3.4.1061/avr8-gnu-toolchain/bin/../lib/gcc/avr/4.8.1/avr5\libgcc.a(_ctors.o)
 .text.libgcc.fmul
                0x00000000        0x0 c:/program files (x86)/atmel/atmel toolchain/avr8 gcc/native/3.4.1061/avr8-gnu-toolchain/bin/../lib/gcc/avr/4.8.1/avr5\libgcc.a(_ctors.o)
 .text.libgcc.fixed
                0x00000000        0x0 c:/program files (x86)/atmel/atmel toolchain/avr8 gcc/native/3.4.1061/avr8-gnu-toolchain/bin/../lib/gcc/avr/4.8.1/avr5\libgcc.a(_ctors.o)
 .text          0x00000000        0x0 c:/program files (x86)/atmel/atmel toolchain/avr8 gcc/native/3.4.1061/avr8-gnu-toolchain/bin/../lib/gcc/avr/4.8.1/../../../../avr/lib/avr5\libc.a(malloc.o)
 .data          0x00000000        0x6 c:/program files (x86)/atmel/atmel toolchain/avr8 gcc/native/3.4.1061/avr8-gnu-toolchain/bin/../lib/gcc/avr/4.8.1/../../../../avr/lib/avr5\libc.a(malloc.o)
 .bss           0x00000000        0x0 c:/program files (x86)/atmel/atmel toolchain/avr8 gcc/native/3.4.1061/avr8-gnu-toolchain/bin/../lib/gcc/avr/4.8.1/../../../../avr/lib/avr5\libc.a(malloc.o)
 .text.avr-libc
                0x00000000      0x24e c:/program files (x86)/atmel/atmel toolchain/avr8 gcc/native/3.4.1061/avr8-gnu-toolchain/bin/../lib/gcc/avr/4.8.1/../../../../avr/lib/avr5\libc.a(malloc.o)
 .comment       0x00000000       0x31 c:/program files (x86)/atmel/atmel toolchain/avr8 gcc/native/3.4.1061/avr8-gnu-toolchain/bin/../lib/gcc/avr/4.8.1/../../../../avr/lib/avr5\libc.a(malloc.o)
 COMMON         0x00000000        0x4 c:/program files (x86)/atmel/atmel toolchain/avr8 gcc/native/3.4.1061/avr8-gnu-toolchain/bin/../lib/gcc/avr/4.8.1/../../../../avr/lib/avr5\libc.a(malloc.o)

Memory Configuration

Name             Origin             Length             Attributes
text             0x00000000         0x00020000         xr
data             0x00800060         0x0000ffa0         rw !x
eeprom           0x00810000         0x00010000         rw !x
fuse             0x00820000         0x00000400         rw !x
lock             0x00830000         0x00000400         rw !x
signature        0x00840000         0x00000400         rw !x
user_signatures  0x00850000         0x00000400         rw !x
*default*        0x00000000         0xffffffff

Linker script and memory map

Address of section .data set to 0x800100
LOAD c:/program files (x86)/atmel/atmel toolchain/avr8 gcc/native/3.4.1061/avr8-gnu-toolchain/bin/../lib/gcc/avr/4.8.1/../../../../avr/lib/avr5/crtm32u4.o
LOAD main.o
LOAD power_control.o
START GROUP
LOAD c:/program files (x86)/atmel/atmel toolchain/avr8 gcc/native/3.4.1061/avr8-gnu-toolchain/bin/../lib/gcc/avr/4.8.1/../../../../avr/lib/avr5\libm.a
LOAD ..\libcore.a
END GROUP
LOAD c:/program files (x86)/atmel/atmel toolchain/avr8 gcc/native/3.4.1061/avr8-gnu-toolchain/bin/../lib/gcc/avr/4.8.1/avr5\libgcc.a
LOAD c:/program files (x86)/atmel/atmel toolchain/avr8 gcc/native/3.4.1061/avr8-gnu-toolchain/bin/../lib/gcc/avr/4.8.1/../../../../avr/lib/avr5\libm.a
START GROUP
LOAD c:/program files (x86)/atmel/atmel toolchain/avr8 gcc/native/3.4.1061/avr8-gnu-toolchain/bin/../lib/gcc/avr/4.8.1/avr5\libgcc.a
LOAD c:/program files (x86)/atmel/atmel toolchain/avr8 gcc/native/3.4.1061/avr8-gnu-toolchain/bin/../lib/gcc/avr/4.8.1/../../../../avr/lib/avr5\libm.a
LOAD c:/program files (x86)/atmel/atmel toolchain/avr8 gcc/native/3.4.1061/avr8-gnu-toolchain/bin/../lib/gcc/avr/4.8.1/../../../../avr/lib/avr5\libc.a
END GROUP

.hash
 *(.hash)

.dynsym
 *(.dynsym)

.dynstr
 *(.dynstr)

.gnu.version
 *(.gnu.version)

.gnu.version_d
 *(.gnu.version_d)

.gnu.version_r
 *(.gnu.version_r)

.rel.init
 *(.rel.init)

.rela.init
 *(.rela.init)

.rel.text
 *(.rel.text)
 *(.rel.text.*)
 *(.rel.gnu.linkonce.t*)

.rela.text
 *(.rela.text)
 *(.rela.text.*)
 *(.rela.gnu.linkonce.t*)

.rel.fini
 *(.rel.fini)

.rela.fini
 *(.rela.fini)

.rel.rodata
 *(.rel.rodata)
 *(.rel.rodata.*)
 *(.rel.gnu.linkonce.r*)

.rela.rodata
 *(.rela.rodata)
 *(.rela.rodata.*)
 *(.rela.gnu.linkonce.r*)

.rel.data
 *(.rel.data)
 *(.rel.data.*)
 *(.rel.gnu.linkonce.d*)

.rela.data
 *(.rela.data)
 *(.rela.data.*)
 *(.rela.gnu.linkonce.d*)

.rel.ctors
 *(.rel.ctors)

.rela.ctors
 *(.rela.ctors)

.rel.dtors
 *(.rel.dtors)

.rela.dtors
 *(.rela.dtors)

.rel.got
 *(.rel.got)

.rela.got
 *(.rela.got)

.rel.bss
 *(.rel.bss)

.rela.bss
 *(.rela.bss)

.rel.plt
 *(.rel.plt)

.rela.plt
 *(.rela.plt)

.text           0x00000000     0x1390
 *(.vectors)
 .vectors       0x00000000       0xac c:/program files (x86)/atmel/atmel toolchain/avr8 gcc/native/3.4.1061/avr8-gnu-toolchain/bin/../lib/gcc/avr/4.8.1/../../../../avr/lib/avr5/crtm32u4.o
                0x00000000                __vector_default
                0x00000000                __vectors
 *(.vectors)
 *(.progmem.gcc*)
                0x000000ac                . = ALIGN (0x2)
                0x000000ac                __trampolines_start = .
 *(.trampolines)
 .trampolines   0x000000ac        0x0 linker stubs
 *(.trampolines*)
                0x000000ac                __trampolines_end = .
 *(.progmem*)
 .progmem.data.analog_pin_to_channel_PGM
                0x000000ac        0xc ..\libcore.a(wiring_digital.c.o)
                0x000000ac                analog_pin_to_channel_PGM
 .progmem.data._cdcInterface
                0x000000b8       0x42 ..\libcore.a(CDC.cpp.o)
                0x000000b8                _cdcInterface
 .progmem.data._initEndpoints
                0x000000fa        0x5 ..\libcore.a(USBCore.cpp.o)
                0x000000fa                _initEndpoints
 .progmem.data.USB_DeviceDescriptorA
                0x000000ff       0x12 ..\libcore.a(USBCore.cpp.o)
                0x000000ff                USB_DeviceDescriptorA
 .progmem.data.USB_DeviceDescriptor
                0x00000111       0x12 ..\libcore.a(USBCore.cpp.o)
                0x00000111                USB_DeviceDescriptor
 .progmem.data.STRING_MANUFACTURER
                0x00000123        0xc ..\libcore.a(USBCore.cpp.o)
                0x00000123                STRING_MANUFACTURER
 .progmem.data.STRING_PRODUCT
                0x0000012f       0x11 ..\libcore.a(USBCore.cpp.o)
                0x0000012f                STRING_PRODUCT
 .progmem.data.STRING_LANGUAGE
                0x00000140        0x4 ..\libcore.a(USBCore.cpp.o)
                0x00000140                STRING_LANGUAGE
 .progmem.data._asciimap
                0x00000144       0x80 ..\libcore.a(HID.cpp.o)
                0x00000144                _asciimap
 .progmem.data._hidInterface
                0x000001c4       0x19 ..\libcore.a(HID.cpp.o)
                0x000001c4                _hidInterface
 .progmem.data._hidReportDescriptor
                0x000001dd       0x65 ..\libcore.a(HID.cpp.o)
                0x000001dd                _hidReportDescriptor
                0x00000242                . = ALIGN (0x2)
 *(.jumptables)
 *(.jumptables*)
 *(.lowtext)
 *(.lowtext*)
                0x00000242                __ctors_start = .
 *(.ctors)
 .ctors         0x00000242        0x2 ..\libcore.a(CDC.cpp.o)
 .ctors         0x00000244        0x2 ..\libcore.a(HID.cpp.o)
                0x00000246                __ctors_end = .
                0x00000246                __dtors_start = .
 *(.dtors)
                0x00000246                __dtors_end = .
 SORT(*)(.ctors)
 SORT(*)(.dtors)
 *(.init0)
 .init0         0x00000246        0x0 c:/program files (x86)/atmel/atmel toolchain/avr8 gcc/native/3.4.1061/avr8-gnu-toolchain/bin/../lib/gcc/avr/4.8.1/../../../../avr/lib/avr5/crtm32u4.o
                0x00000246                __init
 *(.init0)
 *(.init1)
 *(.init1)
 *(.init2)
 .init2         0x00000246        0xc c:/program files (x86)/atmel/atmel toolchain/avr8 gcc/native/3.4.1061/avr8-gnu-toolchain/bin/../lib/gcc/avr/4.8.1/../../../../avr/lib/avr5/crtm32u4.o
 *(.init2)
 *(.init3)
 *(.init3)
 *(.init4)
 .init4         0x00000252       0x16 c:/program files (x86)/atmel/atmel toolchain/avr8 gcc/native/3.4.1061/avr8-gnu-toolchain/bin/../lib/gcc/avr/4.8.1/avr5\libgcc.a(_copy_data.o)
                0x00000252                __do_copy_data
 .init4         0x00000268       0x10 c:/program files (x86)/atmel/atmel toolchain/avr8 gcc/native/3.4.1061/avr8-gnu-toolchain/bin/../lib/gcc/avr/4.8.1/avr5\libgcc.a(_clear_bss.o)
                0x00000268                __do_clear_bss
 *(.init4)
 *(.init5)
 *(.init5)
 *(.init6)
 .init6         0x00000278       0x16 c:/program files (x86)/atmel/atmel toolchain/avr8 gcc/native/3.4.1061/avr8-gnu-toolchain/bin/../lib/gcc/avr/4.8.1/avr5\libgcc.a(_ctors.o)
                0x00000278                __do_global_ctors
 *(.init6)
 *(.init7)
 *(.init7)
 *(.init8)
 *(.init8)
 *(.init9)
 .init9         0x0000028e        0x8 c:/program files (x86)/atmel/atmel toolchain/avr8 gcc/native/3.4.1061/avr8-gnu-toolchain/bin/../lib/gcc/avr/4.8.1/../../../../avr/lib/avr5/crtm32u4.o
 *(.init9)
 *(.text)
 .text          0x00000296        0x4 c:/program files (x86)/atmel/atmel toolchain/avr8 gcc/native/3.4.1061/avr8-gnu-toolchain/bin/../lib/gcc/avr/4.8.1/../../../../avr/lib/avr5/crtm32u4.o
                0x00000296                __vector_38
                0x00000296                __vector_22
                0x00000296                __vector_28
                0x00000296                __vector_1
                0x00000296                __vector_32
                0x00000296                __vector_34
                0x00000296                __vector_24
                0x00000296                __vector_12
                0x00000296                __bad_interrupt
                0x00000296                __vector_6
                0x00000296                __vector_31
                0x00000296                __vector_35
                0x00000296                __vector_39
                0x00000296                __vector_3
                0x00000296                __vector_30
                0x00000296                __vector_25
                0x00000296                __vector_13
                0x00000296                __vector_17
                0x00000296                __vector_19
                0x00000296                __vector_7
                0x00000296                __vector_41
                0x00000296                __vector_27
                0x00000296                __vector_5
                0x00000296                __vector_33
                0x00000296                __vector_37
                0x00000296                __vector_4
                0x00000296                __vector_9
                0x00000296                __vector_2
                0x00000296                __vector_21
                0x00000296                __vector_15
                0x00000296                __vector_36
                0x00000296                __vector_29
                0x00000296                __vector_40
                0x00000296                __vector_8
                0x00000296                __vector_26
                0x00000296                __vector_14
                0x00000296                __vector_16
                0x00000296                __vector_18
                0x00000296                __vector_20
                0x00000296                __vector_42
                0x0000029a                . = ALIGN (0x2)
 *(.text.*)
 .text.initVariant
                0x0000029a        0x2 main.o
                0x0000029a                initVariant
 .text.setup    0x0000029c        0xe main.o
                0x0000029c                setup
 .text.loop     0x000002aa       0x12 main.o
                0x000002aa                loop
 .text.main     0x000002bc       0x30 main.o
                0x000002bc                main
 .text._Z25initializeMotorControllerv
                0x000002ec       0x8c power_control.o
                0x000002ec                _Z25initializeMotorControllerv
 .text._Z17readMotorCurrentsv
                0x00000378      0x104 power_control.o
                0x00000378                _Z17readMotorCurrentsv
 .text._Z15turnOnAllMotorsv
                0x0000047c       0x2a power_control.o
                0x0000047c                _Z15turnOnAllMotorsv
 .text.avr-libc.fplib
                0x000004a6       0x7a c:/program files (x86)/atmel/atmel toolchain/avr8 gcc/native/3.4.1061/avr8-gnu-toolchain/bin/../lib/gcc/avr/4.8.1/../../../../avr/lib/avr5\libm.a(floatsisf.o)
                0x000004a6                __floatunsisf
                0x000004aa                __floatsisf
 .text.avr-libc.fplib
                0x00000520        0x8 c:/program files (x86)/atmel/atmel toolchain/avr8 gcc/native/3.4.1061/avr8-gnu-toolchain/bin/../lib/gcc/avr/4.8.1/../../../../avr/lib/avr5\libm.a(gesf2.o)
                0x00000520                __gesf2
                0x00000520                __gtsf2
 .text.avr-libc.fplib
                0x00000528       0x48 c:/program files (x86)/atmel/atmel toolchain/avr8 gcc/native/3.4.1061/avr8-gnu-toolchain/bin/../lib/gcc/avr/4.8.1/../../../../avr/lib/avr5\libm.a(fp_cmp.o)
                0x00000528                __fp_cmp
 .text.__vector_23
                0x00000570       0x94 ..\libcore.a(wiring.c.o)
                0x00000570                __vector_23
 .text.micros   0x00000604       0x46 ..\libcore.a(wiring.c.o)
                0x00000604                micros
 .text.delay    0x0000064a       0x50 ..\libcore.a(wiring.c.o)
                0x0000064a                delay
 .text.init     0x0000069a       0xac ..\libcore.a(wiring.c.o)
                0x0000069a                init
 .text.analogRead
                0x00000746       0x62 ..\libcore.a(wiring_analog.c.o)
                0x00000746                analogRead
 .text._ZN7Serial_5writeEh
                0x000007a8       0x2c ..\libcore.a(CDC.cpp.o)
                0x000007a8                _ZN7Serial_5writeEh
 .text._ZN7Serial_4peekEv
                0x000007d4       0x22 ..\libcore.a(CDC.cpp.o)
                0x000007d4                _ZN7Serial_4peekEv
 .text._ZN7Serial_5flushEv
                0x000007f6        0x6 ..\libcore.a(CDC.cpp.o)
                0x000007f6                _ZN7Serial_5flushEv
 .text._ZN7Serial_9availableEv
                0x000007fc       0x20 ..\libcore.a(CDC.cpp.o)
                0x000007fc                _ZN7Serial_9availableEv
 .text._ZN7Serial_4readEv
                0x0000081c       0x1a ..\libcore.a(CDC.cpp.o)
                0x0000081c                _ZN7Serial_4readEv
 .text._ZN7Serial_5writeEPKhj
                0x00000836       0x2c ..\libcore.a(CDC.cpp.o)
                0x00000836                _ZN7Serial_5writeEPKhj
 .text._Z16CDC_GetInterfacePh
                0x00000862       0x16 ..\libcore.a(CDC.cpp.o)
                0x00000862                _Z16CDC_GetInterfacePh
 .text._Z9CDC_SetupR5Setup
                0x00000878       0xae ..\libcore.a(CDC.cpp.o)
                0x00000878                _Z9CDC_SetupR5Setup
 .text.startup._GLOBAL__sub_I__cdcInterface
                0x00000926       0x3a ..\libcore.a(CDC.cpp.o)
 .text._ZN5Print5writeEPKhj
                0x00000960       0x50 ..\libcore.a(Print.cpp.o)
                0x00000960                _ZN5Print5writeEPKhj
 .text._ZL11SendControlh
                0x000009b0       0x5c ..\libcore.a(USBCore.cpp.o)
 .text._ZL24USB_SendStringDescriptorPKhh
                0x00000a0c       0x6c ..\libcore.a(USBCore.cpp.o)
 .text._Z4RecvPVhh
                0x00000a78       0x1a ..\libcore.a(USBCore.cpp.o)
                0x00000a78                _Z4RecvPVhh
 .text._ZN6LockEPC2Eh
                0x00000a92       0x10 ..\libcore.a(USBCore.cpp.o)
                0x00000a92                _ZN6LockEPC2Eh
                0x00000a92                _ZN6LockEPC1Eh
 .text._Z13USB_Availableh
                0x00000aa2       0x24 ..\libcore.a(USBCore.cpp.o)
                0x00000aa2                _Z13USB_Availableh
 .text._Z8USB_RecvhPvi
                0x00000ac6       0x8c ..\libcore.a(USBCore.cpp.o)
                0x00000ac6                _Z8USB_RecvhPvi
 .text._Z8USB_Recvh
                0x00000b52       0x2e ..\libcore.a(USBCore.cpp.o)
                0x00000b52                _Z8USB_Recvh
 .text._Z13USB_SendSpaceh
                0x00000b80       0x34 ..\libcore.a(USBCore.cpp.o)
                0x00000b80                _Z13USB_SendSpaceh
 .text._Z8USB_SendhPKvi
                0x00000bb4      0x120 ..\libcore.a(USBCore.cpp.o)
                0x00000bb4                _Z8USB_SendhPKvi
 .text._Z11InitControli
                0x00000cd4       0x16 ..\libcore.a(USBCore.cpp.o)
                0x00000cd4                _Z11InitControli
 .text._Z15USB_SendControlhPKvi
                0x00000cea       0x62 ..\libcore.a(USBCore.cpp.o)
                0x00000cea                _Z15USB_SendControlhPKvi
 .text._Z15USB_RecvControlPvi
                0x00000d4c       0x34 ..\libcore.a(USBCore.cpp.o)
                0x00000d4c                _Z15USB_RecvControlPvi
 .text._Z14SendInterfacesv
                0x00000d80       0x28 ..\libcore.a(USBCore.cpp.o)
                0x00000d80                _Z14SendInterfacesv
 .text.__vector_11
                0x00000da8      0x254 ..\libcore.a(USBCore.cpp.o)
                0x00000da8                __vector_11
 .text._Z9USB_Flushh
                0x00000ffc       0x14 ..\libcore.a(USBCore.cpp.o)
                0x00000ffc                _Z9USB_Flushh
 .text.__vector_10
                0x00001010       0xac ..\libcore.a(USBCore.cpp.o)
                0x00001010                __vector_10
 .text._ZN10USBDevice_6attachEv
                0x000010bc       0x3c ..\libcore.a(USBCore.cpp.o)
                0x000010bc                _ZN10USBDevice_6attachEv
 .text.__empty  0x000010f8        0x2 ..\libcore.a(hooks.c.o)
                0x000010f8                yield
 .text._ZN9Keyboard_5writeEh
                0x000010fa       0x3c ..\libcore.a(HID.cpp.o)
                0x000010fa                _ZN9Keyboard_5writeEh
 .text._Z16HID_GetInterfacePh
                0x00001136       0x16 ..\libcore.a(HID.cpp.o)
                0x00001136                _Z16HID_GetInterfacePh
 .text._Z17HID_GetDescriptori
                0x0000114c        0xe ..\libcore.a(HID.cpp.o)
                0x0000114c                _Z17HID_GetDescriptori
 .text._Z14HID_SendReporthPKvi
                0x0000115a       0x42 ..\libcore.a(HID.cpp.o)
                0x0000115a                _Z14HID_SendReporthPKvi
 .text._Z9HID_SetupR5Setup
                0x0000119c       0x3a ..\libcore.a(HID.cpp.o)
                0x0000119c                _Z9HID_SetupR5Setup
 .text._ZN9Keyboard_10sendReportEP9KeyReport
                0x000011d6        0xa ..\libcore.a(HID.cpp.o)
                0x000011d6                _ZN9Keyboard_10sendReportEP9KeyReport
 .text._ZN9Keyboard_5pressEh
                0x000011e0       0xdc ..\libcore.a(HID.cpp.o)
                0x000011e0                _ZN9Keyboard_5pressEh
 .text._ZN9Keyboard_7releaseEh
                0x000012bc       0x90 ..\libcore.a(HID.cpp.o)
                0x000012bc                _ZN9Keyboard_7releaseEh
 .text._ZN9Keyboard_10releaseAllEv
                0x0000134c       0x1a ..\libcore.a(HID.cpp.o)
                0x0000134c                _ZN9Keyboard_10releaseAllEv
 .text.startup._GLOBAL__sub_I_Mouse
                0x00001366       0x1a ..\libcore.a(HID.cpp.o)
 .text.libgcc   0x00001380        0xc c:/program files (x86)/atmel/atmel toolchain/avr8 gcc/native/3.4.1061/avr8-gnu-toolchain/bin/../lib/gcc/avr/4.8.1/avr5\libgcc.a(_tablejump.o)
                0x00001380                __tablejump2__
                0x00001384                __tablejump__
                0x0000138c                . = ALIGN (0x2)
 *(.fini9)
 .fini9         0x0000138c        0x0 c:/program files (x86)/atmel/atmel toolchain/avr8 gcc/native/3.4.1061/avr8-gnu-toolchain/bin/../lib/gcc/avr/4.8.1/avr5\libgcc.a(_exit.o)
                0x0000138c                _exit
                0x0000138c                exit
 *(.fini9)
 *(.fini8)
 *(.fini8)
 *(.fini7)
 *(.fini7)
 *(.fini6)
 *(.fini6)
 *(.fini5)
 *(.fini5)
 *(.fini4)
 *(.fini4)
 *(.fini3)
 *(.fini3)
 *(.fini2)
 *(.fini2)
 *(.fini1)
 *(.fini1)
 *(.fini0)
 .fini0         0x0000138c        0x4 c:/program files (x86)/atmel/atmel toolchain/avr8 gcc/native/3.4.1061/avr8-gnu-toolchain/bin/../lib/gcc/avr/4.8.1/avr5\libgcc.a(_exit.o)
 *(.fini0)
                0x00001390                _etext = .

.data           0x00800100       0x46 load address 0x00001390
                0x00800100                PROVIDE (__data_start, .)
 *(.data)
 *(.data*)
 .data.analog_reference
                0x00800100        0x1 ..\libcore.a(wiring_analog.c.o)
                0x00800100                analog_reference
 .data._ZL12_usbLineInfo
                0x00800101        0x8 ..\libcore.a(CDC.cpp.o)
 .data._hid_idle
                0x00800109        0x1 ..\libcore.a(HID.cpp.o)
                0x00800109                _hid_idle
 .data._hid_protocol
                0x0080010a        0x1 ..\libcore.a(HID.cpp.o)
                0x0080010a                _hid_protocol
 *(.rodata)
 *(.rodata*)
 .rodata._ZL14MOTOR_READ_PIN
                0x0080010b        0x7 power_control.o
 .rodata._ZL16MOTOR_SIGNAL_PIN
                0x00800112        0x7 power_control.o
 .rodata._ZL17MOTOR_SIGNAL_PORT
                0x00800119        0xe power_control.o
 .rodata._ZTV7Serial_
                0x00800127       0x10 ..\libcore.a(CDC.cpp.o)
                0x00800127                _ZTV7Serial_
 .rodata._ZTV9Keyboard_
                0x00800137        0xe ..\libcore.a(HID.cpp.o)
                0x00800137                _ZTV9Keyboard_
 *(.gnu.linkonce.d*)
                0x00800146                . = ALIGN (0x2)
 *fill*         0x00800145        0x1 
                0x00800146                _edata = .
                0x00800146                PROVIDE (__data_end, .)

.bss            0x00800146       0xa4
                0x00800146                PROVIDE (__bss_start, .)
 *(.bss)
 *(.bss*)
 .bss.numOverCurrentReads
                0x00800146        0x7 power_control.o
                0x00800146                numOverCurrentReads
 .bss.motorVoltageValues
                0x0080014d       0x1c power_control.o
                0x0080014d                motorVoltageValues
 .bss.analogIntRead
                0x00800169        0xe power_control.o
                0x00800169                analogIntRead
 .bss.motorSingalPorts
                0x00800177        0x4 power_control.o
                0x00800177                motorSingalPorts
 .bss.timer0_fract
                0x0080017b        0x1 ..\libcore.a(wiring.c.o)
 .bss.timer0_millis
                0x0080017c        0x4 ..\libcore.a(wiring.c.o)
                0x0080017c                timer0_millis
 .bss.timer0_overflow_count
                0x00800180        0x4 ..\libcore.a(wiring.c.o)
                0x00800180                timer0_overflow_count
 .bss.Serial    0x00800184       0x50 ..\libcore.a(CDC.cpp.o)
                0x00800184                Serial
 .bss.USBDevice
                0x008001d4        0x1 ..\libcore.a(USBCore.cpp.o)
                0x008001d4                USBDevice
 .bss._cdcComposite
                0x008001d5        0x1 ..\libcore.a(USBCore.cpp.o)
                0x008001d5                _cdcComposite
 .bss._cend     0x008001d6        0x2 ..\libcore.a(USBCore.cpp.o)
                0x008001d6                _cend
 .bss._cmark    0x008001d8        0x2 ..\libcore.a(USBCore.cpp.o)
                0x008001d8                _cmark
 .bss._usbConfiguration
                0x008001da        0x1 ..\libcore.a(USBCore.cpp.o)
                0x008001da                _usbConfiguration
 .bss.RxLEDPulse
                0x008001db        0x1 ..\libcore.a(USBCore.cpp.o)
                0x008001db                RxLEDPulse
 .bss.TxLEDPulse
                0x008001dc        0x1 ..\libcore.a(USBCore.cpp.o)
                0x008001dc                TxLEDPulse
 .bss.Keyboard  0x008001dd        0xc ..\libcore.a(HID.cpp.o)
                0x008001dd                Keyboard
 .bss.Mouse     0x008001e9        0x1 ..\libcore.a(HID.cpp.o)
                0x008001e9                Mouse
 *(COMMON)
                0x008001ea                PROVIDE (__bss_end, .)
                0x00001390                __data_load_start = LOADADDR (.data)
                0x000013d6                __data_load_end = (__data_load_start + SIZEOF (.data))

.noinit         0x008001ea        0x0
                0x008001ea                PROVIDE (__noinit_start, .)
 *(.noinit*)
                0x008001ea                PROVIDE (__noinit_end, .)
                0x008001ea                _end = .
                0x008001ea                PROVIDE (__heap_start, .)

.eeprom         0x00810000        0x0
 *(.eeprom*)
                0x00810000                __eeprom_end = .

.fuse
 *(.fuse)
 *(.lfuse)
 *(.hfuse)
 *(.efuse)

.lock
 *(.lock*)

.signature
 *(.signature*)

.user_signatures
 *(.user_signatures*)

.stab
 *(.stab)

.stabstr
 *(.stabstr)

.stab.excl
 *(.stab.excl)

.stab.exclstr
 *(.stab.exclstr)

.stab.index
 *(.stab.index)

.stab.indexstr
 *(.stab.indexstr)

.comment        0x00000000       0x41
 *(.comment)
 .comment       0x00000000       0x30 main.o
                                 0x31 (size before relaxing)
 .comment       0x00000000       0x31 power_control.o
 .comment       0x00000030       0x11 ..\libcore.a(wiring.c.o)
                                 0x12 (size before relaxing)
 .comment       0x00000000       0x12 ..\libcore.a(wiring_analog.c.o)
 .comment       0x00000000       0x12 ..\libcore.a(wiring_digital.c.o)
 .comment       0x00000000       0x12 ..\libcore.a(CDC.cpp.o)
 .comment       0x00000000       0x12 ..\libcore.a(Print.cpp.o)
 .comment       0x00000000       0x12 ..\libcore.a(USBCore.cpp.o)
 .comment       0x00000000       0x12 ..\libcore.a(hooks.c.o)
 .comment       0x00000000       0x12 ..\libcore.a(HID.cpp.o)

.note.gnu.build-id
 *(.note.gnu.build-id)

.debug
 *(.debug)

.line
 *(.line)

.debug_srcinfo
 *(.debug_srcinfo)

.debug_sfnames
 *(.debug_sfnames)

.debug_aranges  0x00000000      0x450
 *(.debug_aranges)
 .debug_aranges
                0x00000000       0x40 main.o
 .debug_aranges
                0x00000040       0x38 power_control.o
 .debug_aranges
                0x00000078       0x48 ..\libcore.a(wiring.c.o)
 .debug_aranges
                0x000000c0       0x30 ..\libcore.a(wiring_analog.c.o)
 .debug_aranges
                0x000000f0       0x38 ..\libcore.a(wiring_digital.c.o)
 .debug_aranges
                0x00000128       0x80 ..\libcore.a(CDC.cpp.o)
 .debug_aranges
                0x000001a8       0xf0 ..\libcore.a(Print.cpp.o)
 .debug_aranges
                0x00000298       0xd0 ..\libcore.a(USBCore.cpp.o)
 .debug_aranges
                0x00000368       0x20 ..\libcore.a(hooks.c.o)
 .debug_aranges
                0x00000388       0xc8 ..\libcore.a(HID.cpp.o)

.debug_pubnames
 *(.debug_pubnames)

.debug_info     0x00000000     0x84f4
 *(.debug_info .gnu.linkonce.wi.*)
 .debug_info    0x00000000      0x54d main.o
 .debug_info    0x0000054d      0x342 power_control.o
 .debug_info    0x0000088f      0x2e9 ..\libcore.a(wiring.c.o)
 .debug_info    0x00000b78      0x2e2 ..\libcore.a(wiring_analog.c.o)
 .debug_info    0x00000e5a      0x61e ..\libcore.a(wiring_digital.c.o)
 .debug_info    0x00001478     0x2124 ..\libcore.a(CDC.cpp.o)
 .debug_info    0x0000359c     0x26bf ..\libcore.a(Print.cpp.o)
 .debug_info    0x00005c5b     0x16ae ..\libcore.a(USBCore.cpp.o)
 .debug_info    0x00007309       0x3a ..\libcore.a(hooks.c.o)
 .debug_info    0x00007343     0x11b1 ..\libcore.a(HID.cpp.o)

.debug_abbrev   0x00000000     0x1b67
 *(.debug_abbrev)
 .debug_abbrev  0x00000000      0x21a main.o
 .debug_abbrev  0x0000021a      0x173 power_control.o
 .debug_abbrev  0x0000038d      0x143 ..\libcore.a(wiring.c.o)
 .debug_abbrev  0x000004d0      0x18d ..\libcore.a(wiring_analog.c.o)
 .debug_abbrev  0x0000065d      0x161 ..\libcore.a(wiring_digital.c.o)
 .debug_abbrev  0x000007be      0x4c5 ..\libcore.a(CDC.cpp.o)
 .debug_abbrev  0x00000c83      0x425 ..\libcore.a(Print.cpp.o)
 .debug_abbrev  0x000010a8      0x552 ..\libcore.a(USBCore.cpp.o)
 .debug_abbrev  0x000015fa       0x28 ..\libcore.a(hooks.c.o)
 .debug_abbrev  0x00001622      0x545 ..\libcore.a(HID.cpp.o)

.debug_line     0x00000000     0x17b8
 *(.debug_line .debug_line.* .debug_line_end)
 .debug_line    0x00000000      0x1f7 main.o
 .debug_line    0x000001f7      0x154 power_control.o
 .debug_line    0x0000034b      0x1b9 ..\libcore.a(wiring.c.o)
 .debug_line    0x00000504      0x189 ..\libcore.a(wiring_analog.c.o)
 .debug_line    0x0000068d      0x181 ..\libcore.a(wiring_digital.c.o)
 .debug_line    0x0000080e      0x2cb ..\libcore.a(CDC.cpp.o)
 .debug_line    0x00000ad9      0x424 ..\libcore.a(Print.cpp.o)
 .debug_line    0x00000efd      0x4c9 ..\libcore.a(USBCore.cpp.o)
 .debug_line    0x000013c6       0x76 ..\libcore.a(hooks.c.o)
 .debug_line    0x0000143c      0x37c ..\libcore.a(HID.cpp.o)

.debug_frame    0x00000000      0xcc8
 *(.debug_frame)
 .debug_frame   0x00000000       0x64 main.o
 .debug_frame   0x00000064       0xa4 power_control.o
 .debug_frame   0x00000108       0xbc ..\libcore.a(wiring.c.o)
 .debug_frame   0x000001c4       0x54 ..\libcore.a(wiring_analog.c.o)
 .debug_frame   0x00000218       0x88 ..\libcore.a(wiring_digital.c.o)
 .debug_frame   0x000002a0      0x114 ..\libcore.a(CDC.cpp.o)
 .debug_frame   0x000003b4      0x3b8 ..\libcore.a(Print.cpp.o)
 .debug_frame   0x0000076c      0x35c ..\libcore.a(USBCore.cpp.o)
 .debug_frame   0x00000ac8       0x24 ..\libcore.a(hooks.c.o)
 .debug_frame   0x00000aec      0x1dc ..\libcore.a(HID.cpp.o)

.debug_str      0x00000000     0x242b
 *(.debug_str)
 .debug_str     0x00000000      0x3b3 main.o
                                0x3f7 (size before relaxing)
 .debug_str     0x000003b3       0xb2 power_control.o
                                0x303 (size before relaxing)
 .debug_str     0x00000465      0x106 ..\libcore.a(wiring.c.o)
                                0x196 (size before relaxing)
 .debug_str     0x0000056b       0xe3 ..\libcore.a(wiring_analog.c.o)
                                0x1bd (size before relaxing)
 .debug_str     0x0000064e       0xda ..\libcore.a(wiring_digital.c.o)
                                0x21e (size before relaxing)
 .debug_str     0x00000728     0x1160 ..\libcore.a(CDC.cpp.o)
                               0x134a (size before relaxing)
 .debug_str     0x00001888      0x35f ..\libcore.a(Print.cpp.o)
                                0xddf (size before relaxing)
 .debug_str     0x00001be7      0x4d9 ..\libcore.a(USBCore.cpp.o)
                                0x8bf (size before relaxing)
 .debug_str     0x000020c0       0x52 ..\libcore.a(hooks.c.o)
                                 0x9a (size before relaxing)
 .debug_str     0x00002112      0x319 ..\libcore.a(HID.cpp.o)
                                0x72d (size before relaxing)

.debug_loc      0x00000000     0x48aa
 *(.debug_loc)
 .debug_loc     0x00000000       0x50 main.o
 .debug_loc     0x00000050      0x15e power_control.o
 .debug_loc     0x000001ae      0x22b ..\libcore.a(wiring.c.o)
 .debug_loc     0x000003d9      0x15d ..\libcore.a(wiring_analog.c.o)
 .debug_loc     0x00000536      0x680 ..\libcore.a(wiring_digital.c.o)
 .debug_loc     0x00000bb6      0x50e ..\libcore.a(CDC.cpp.o)
 .debug_loc     0x000010c4     0x1eed ..\libcore.a(Print.cpp.o)
 .debug_loc     0x00002fb1      0xffa ..\libcore.a(USBCore.cpp.o)
 .debug_loc     0x00003fab      0x8ff ..\libcore.a(HID.cpp.o)

.debug_macinfo
 *(.debug_macinfo)

.debug_weaknames
 *(.debug_weaknames)

.debug_funcnames
 *(.debug_funcnames)

.debug_typenames
 *(.debug_typenames)

.debug_varnames
 *(.debug_varnames)

.debug_pubtypes
 *(.debug_pubtypes)

.debug_ranges   0x00000000      0x4b8
 *(.debug_ranges)
 .debug_ranges  0x00000000       0x30 main.o
 .debug_ranges  0x00000030       0x28 power_control.o
 .debug_ranges  0x00000058       0x38 ..\libcore.a(wiring.c.o)
 .debug_ranges  0x00000090       0x20 ..\libcore.a(wiring_analog.c.o)
 .debug_ranges  0x000000b0       0x40 ..\libcore.a(wiring_digital.c.o)
 .debug_ranges  0x000000f0       0x70 ..\libcore.a(CDC.cpp.o)
 .debug_ranges  0x00000160      0x140 ..\libcore.a(Print.cpp.o)
 .debug_ranges  0x000002a0      0x150 ..\libcore.a(USBCore.cpp.o)
 .debug_ranges  0x000003f0       0x10 ..\libcore.a(hooks.c.o)
 .debug_ranges  0x00000400       0xb8 ..\libcore.a(HID.cpp.o)

.debug_macro
 *(.debug_macro)
OUTPUT(PowerBoard.elf elf32-avr)
LOAD linker stubs
