Archive member included because of file (symbol)

c:/program files (x86)/atmel/atmel toolchain/avr8 gcc/native/3.4.1061/avr8-gnu-toolchain/bin/../lib/gcc/avr/4.8.1/../../../../avr/lib/avr5\libm.a(divsf3.o)
                              power_control.o (__divsf3)
c:/program files (x86)/atmel/atmel toolchain/avr8 gcc/native/3.4.1061/avr8-gnu-toolchain/bin/../lib/gcc/avr/4.8.1/../../../../avr/lib/avr5\libm.a(divsf3x.o)
                              c:/program files (x86)/atmel/atmel toolchain/avr8 gcc/native/3.4.1061/avr8-gnu-toolchain/bin/../lib/gcc/avr/4.8.1/../../../../avr/lib/avr5\libm.a(divsf3.o) (__divsf3x)
c:/program files (x86)/atmel/atmel toolchain/avr8 gcc/native/3.4.1061/avr8-gnu-toolchain/bin/../lib/gcc/avr/4.8.1/../../../../avr/lib/avr5\libm.a(floatsisf.o)
                              power_control.o (__floatunsisf)
c:/program files (x86)/atmel/atmel toolchain/avr8 gcc/native/3.4.1061/avr8-gnu-toolchain/bin/../lib/gcc/avr/4.8.1/../../../../avr/lib/avr5\libm.a(fp_inf.o)
                              c:/program files (x86)/atmel/atmel toolchain/avr8 gcc/native/3.4.1061/avr8-gnu-toolchain/bin/../lib/gcc/avr/4.8.1/../../../../avr/lib/avr5\libm.a(divsf3x.o) (__fp_inf)
c:/program files (x86)/atmel/atmel toolchain/avr8 gcc/native/3.4.1061/avr8-gnu-toolchain/bin/../lib/gcc/avr/4.8.1/../../../../avr/lib/avr5\libm.a(fp_nan.o)
                              c:/program files (x86)/atmel/atmel toolchain/avr8 gcc/native/3.4.1061/avr8-gnu-toolchain/bin/../lib/gcc/avr/4.8.1/../../../../avr/lib/avr5\libm.a(divsf3x.o) (__fp_nan)
c:/program files (x86)/atmel/atmel toolchain/avr8 gcc/native/3.4.1061/avr8-gnu-toolchain/bin/../lib/gcc/avr/4.8.1/../../../../avr/lib/avr5\libm.a(fp_pscA.o)
                              c:/program files (x86)/atmel/atmel toolchain/avr8 gcc/native/3.4.1061/avr8-gnu-toolchain/bin/../lib/gcc/avr/4.8.1/../../../../avr/lib/avr5\libm.a(divsf3x.o) (__fp_pscA)
c:/program files (x86)/atmel/atmel toolchain/avr8 gcc/native/3.4.1061/avr8-gnu-toolchain/bin/../lib/gcc/avr/4.8.1/../../../../avr/lib/avr5\libm.a(fp_pscB.o)
                              c:/program files (x86)/atmel/atmel toolchain/avr8 gcc/native/3.4.1061/avr8-gnu-toolchain/bin/../lib/gcc/avr/4.8.1/../../../../avr/lib/avr5\libm.a(divsf3x.o) (__fp_pscB)
c:/program files (x86)/atmel/atmel toolchain/avr8 gcc/native/3.4.1061/avr8-gnu-toolchain/bin/../lib/gcc/avr/4.8.1/../../../../avr/lib/avr5\libm.a(fp_round.o)
                              c:/program files (x86)/atmel/atmel toolchain/avr8 gcc/native/3.4.1061/avr8-gnu-toolchain/bin/../lib/gcc/avr/4.8.1/../../../../avr/lib/avr5\libm.a(divsf3.o) (__fp_round)
c:/program files (x86)/atmel/atmel toolchain/avr8 gcc/native/3.4.1061/avr8-gnu-toolchain/bin/../lib/gcc/avr/4.8.1/../../../../avr/lib/avr5\libm.a(fp_split3.o)
                              c:/program files (x86)/atmel/atmel toolchain/avr8 gcc/native/3.4.1061/avr8-gnu-toolchain/bin/../lib/gcc/avr/4.8.1/../../../../avr/lib/avr5\libm.a(divsf3x.o) (__fp_split3)
c:/program files (x86)/atmel/atmel toolchain/avr8 gcc/native/3.4.1061/avr8-gnu-toolchain/bin/../lib/gcc/avr/4.8.1/../../../../avr/lib/avr5\libm.a(fp_zero.o)
                              c:/program files (x86)/atmel/atmel toolchain/avr8 gcc/native/3.4.1061/avr8-gnu-toolchain/bin/../lib/gcc/avr/4.8.1/../../../../avr/lib/avr5\libm.a(divsf3x.o) (__fp_szero)
c:/program files (x86)/atmel/atmel toolchain/avr8 gcc/native/3.4.1061/avr8-gnu-toolchain/bin/../lib/gcc/avr/4.8.1/../../../../avr/lib/avr5\libm.a(gesf2.o)
                              power_control.o (__gtsf2)
c:/program files (x86)/atmel/atmel toolchain/avr8 gcc/native/3.4.1061/avr8-gnu-toolchain/bin/../lib/gcc/avr/4.8.1/../../../../avr/lib/avr5\libm.a(mulsf3.o)
                              power_control.o (__mulsf3)
c:/program files (x86)/atmel/atmel toolchain/avr8 gcc/native/3.4.1061/avr8-gnu-toolchain/bin/../lib/gcc/avr/4.8.1/../../../../avr/lib/avr5\libm.a(mulsf3x.o)
                              c:/program files (x86)/atmel/atmel toolchain/avr8 gcc/native/3.4.1061/avr8-gnu-toolchain/bin/../lib/gcc/avr/4.8.1/../../../../avr/lib/avr5\libm.a(mulsf3.o) (__mulsf3x)
c:/program files (x86)/atmel/atmel toolchain/avr8 gcc/native/3.4.1061/avr8-gnu-toolchain/bin/../lib/gcc/avr/4.8.1/../../../../avr/lib/avr5\libm.a(fp_cmp.o)
                              c:/program files (x86)/atmel/atmel toolchain/avr8 gcc/native/3.4.1061/avr8-gnu-toolchain/bin/../lib/gcc/avr/4.8.1/../../../../avr/lib/avr5\libm.a(gesf2.o) (__fp_cmp)
..\libcore.a(wiring.c.o)      main.o (millis)
..\libcore.a(wiring_analog.c.o)
                              eeprom.o (analogRead)
..\libcore.a(wiring_digital.c.o)
                              Arduino/SoftwareSerial.o (pinMode)
..\libcore.a(CDC.cpp.o)       main.o (Serial)
..\libcore.a(new.cpp.o)       Arduino/SoftwareSerial.o (__cxa_pure_virtual)
..\libcore.a(Print.cpp.o)     Arduino/SoftwareSerial.o (_ZN5Print5writeEPKhj)
..\libcore.a(USBCore.cpp.o)   ..\libcore.a(CDC.cpp.o) (_Z13USB_Availableh)
..\libcore.a(hooks.c.o)       ..\libcore.a(wiring.c.o) (yield)
..\libcore.a(HID.cpp.o)       ..\libcore.a(USBCore.cpp.o) (_Z16HID_GetInterfacePh)
c:/program files (x86)/atmel/atmel toolchain/avr8 gcc/native/3.4.1061/avr8-gnu-toolchain/bin/../lib/gcc/avr/4.8.1/../../../../avr/lib/avr5\libm.a(addsf3.o)
                              ..\libcore.a(Print.cpp.o) (__subsf3)
c:/program files (x86)/atmel/atmel toolchain/avr8 gcc/native/3.4.1061/avr8-gnu-toolchain/bin/../lib/gcc/avr/4.8.1/../../../../avr/lib/avr5\libm.a(addsf3x.o)
                              c:/program files (x86)/atmel/atmel toolchain/avr8 gcc/native/3.4.1061/avr8-gnu-toolchain/bin/../lib/gcc/avr/4.8.1/../../../../avr/lib/avr5\libm.a(addsf3.o) (__addsf3x)
c:/program files (x86)/atmel/atmel toolchain/avr8 gcc/native/3.4.1061/avr8-gnu-toolchain/bin/../lib/gcc/avr/4.8.1/../../../../avr/lib/avr5\libm.a(cmpsf2.o)
                              ..\libcore.a(Print.cpp.o) (__ltsf2)
c:/program files (x86)/atmel/atmel toolchain/avr8 gcc/native/3.4.1061/avr8-gnu-toolchain/bin/../lib/gcc/avr/4.8.1/../../../../avr/lib/avr5\libm.a(fixsfsi.o)
                              ..\libcore.a(Print.cpp.o) (__fixsfsi)
c:/program files (x86)/atmel/atmel toolchain/avr8 gcc/native/3.4.1061/avr8-gnu-toolchain/bin/../lib/gcc/avr/4.8.1/../../../../avr/lib/avr5\libm.a(fixunssfsi.o)
                              ..\libcore.a(Print.cpp.o) (__fixunssfsi)
c:/program files (x86)/atmel/atmel toolchain/avr8 gcc/native/3.4.1061/avr8-gnu-toolchain/bin/../lib/gcc/avr/4.8.1/../../../../avr/lib/avr5\libm.a(unordsf2.o)
                              ..\libcore.a(Print.cpp.o) (__unordsf2)
c:/program files (x86)/atmel/atmel toolchain/avr8 gcc/native/3.4.1061/avr8-gnu-toolchain/bin/../lib/gcc/avr/4.8.1/avr5\libgcc.a(_udivmodsi4.o)
                              Arduino/SoftwareSerial.o (__udivmodsi4)
c:/program files (x86)/atmel/atmel toolchain/avr8 gcc/native/3.4.1061/avr8-gnu-toolchain/bin/../lib/gcc/avr/4.8.1/avr5\libgcc.a(_exit.o)
                              c:/program files (x86)/atmel/atmel toolchain/avr8 gcc/native/3.4.1061/avr8-gnu-toolchain/bin/../lib/gcc/avr/4.8.1/../../../../avr/lib/avr5/crtm32u4.o (exit)
c:/program files (x86)/atmel/atmel toolchain/avr8 gcc/native/3.4.1061/avr8-gnu-toolchain/bin/../lib/gcc/avr/4.8.1/avr5\libgcc.a(_tablejump.o)
                              ..\libcore.a(wiring_analog.c.o) (__tablejump2__)
c:/program files (x86)/atmel/atmel toolchain/avr8 gcc/native/3.4.1061/avr8-gnu-toolchain/bin/../lib/gcc/avr/4.8.1/avr5\libgcc.a(_copy_data.o)
                              Arduino/SoftwareSerial.o (__do_copy_data)
c:/program files (x86)/atmel/atmel toolchain/avr8 gcc/native/3.4.1061/avr8-gnu-toolchain/bin/../lib/gcc/avr/4.8.1/avr5\libgcc.a(_clear_bss.o)
                              Arduino/SoftwareSerial.o (__do_clear_bss)
c:/program files (x86)/atmel/atmel toolchain/avr8 gcc/native/3.4.1061/avr8-gnu-toolchain/bin/../lib/gcc/avr/4.8.1/avr5\libgcc.a(_ctors.o)
                              telemetry.o (__do_global_ctors)
c:/program files (x86)/atmel/atmel toolchain/avr8 gcc/native/3.4.1061/avr8-gnu-toolchain/bin/../lib/gcc/avr/4.8.1/avr5\libgcc.a(_dtors.o)
                              telemetry.o (__do_global_dtors)
c:/program files (x86)/atmel/atmel toolchain/avr8 gcc/native/3.4.1061/avr8-gnu-toolchain/bin/../lib/gcc/avr/4.8.1/../../../../avr/lib/avr5\libc.a(malloc.o)
                              ET/SoftEasyTransfer.o (malloc)
c:/program files (x86)/atmel/atmel toolchain/avr8 gcc/native/3.4.1061/avr8-gnu-toolchain/bin/../lib/gcc/avr/4.8.1/../../../../avr/lib/avr5\libc.a(memcpy.o)
                              ET/SoftEasyTransfer.o (memcpy)
c:/program files (x86)/atmel/atmel toolchain/avr8 gcc/native/3.4.1061/avr8-gnu-toolchain/bin/../lib/gcc/avr/4.8.1/../../../../avr/lib/avr5\libc.a(eerd_byte_atmega32u4.o)
                              eeprom.o (__eerd_byte_m32u4)
c:/program files (x86)/atmel/atmel toolchain/avr8 gcc/native/3.4.1061/avr8-gnu-toolchain/bin/../lib/gcc/avr/4.8.1/../../../../avr/lib/avr5\libc.a(eewr_byte_atmega32u4.o)
                              eeprom.o (__eewr_byte_m32u4)

Allocating common symbols
Common symbol       size              file

__brkval            0x2               c:/program files (x86)/atmel/atmel toolchain/avr8 gcc/native/3.4.1061/avr8-gnu-toolchain/bin/../lib/gcc/avr/4.8.1/../../../../avr/lib/avr5\libc.a(malloc.o)
__flp               0x2               c:/program files (x86)/atmel/atmel toolchain/avr8 gcc/native/3.4.1061/avr8-gnu-toolchain/bin/../lib/gcc/avr/4.8.1/../../../../avr/lib/avr5\libc.a(malloc.o)

Discarded input sections

 .data          0x00000000        0x0 c:/program files (x86)/atmel/atmel toolchain/avr8 gcc/native/3.4.1061/avr8-gnu-toolchain/bin/../lib/gcc/avr/4.8.1/../../../../avr/lib/avr5/crtm32u4.o
 .bss           0x00000000        0x0 c:/program files (x86)/atmel/atmel toolchain/avr8 gcc/native/3.4.1061/avr8-gnu-toolchain/bin/../lib/gcc/avr/4.8.1/../../../../avr/lib/avr5/crtm32u4.o
 .group         0x00000000        0x8 Arduino/SoftwareSerial.o
 .group         0x00000000        0x8 Arduino/SoftwareSerial.o
 .text          0x00000000        0x0 Arduino/SoftwareSerial.o
 .data          0x00000000        0x0 Arduino/SoftwareSerial.o
 .bss           0x00000000        0x0 Arduino/SoftwareSerial.o
 .text._ZN14SoftwareSerial6listenEv
                0x00000000       0x56 Arduino/SoftwareSerial.o
 .text._ZN14SoftwareSerial4recvEv
                0x00000000      0x104 Arduino/SoftwareSerial.o
 .text._ZN14SoftwareSerial11rx_pin_readEv
                0x00000000        0xe Arduino/SoftwareSerial.o
 .text._ZN14SoftwareSerial12subtract_capEjj
                0x00000000       0x12 Arduino/SoftwareSerial.o
 .text._ZN14SoftwareSerial5beginEl
                0x00000000      0x17c Arduino/SoftwareSerial.o
 .text._ZN14SoftwareSerial11setRxIntMskEb
                0x00000000       0x32 Arduino/SoftwareSerial.o
 .text._ZN14SoftwareSerial3endEv
                0x00000000        0x6 Arduino/SoftwareSerial.o
 .rodata._ZTV6Stream
                0x00000000       0x10 Arduino/SoftwareSerial.o
 .text          0x00000000        0x0 ET/SoftEasyTransfer.o
 .data          0x00000000        0x0 ET/SoftEasyTransfer.o
 .bss           0x00000000        0x0 ET/SoftEasyTransfer.o
 .text._ZN16SoftEasyTransfer5beginEPhhP14SoftwareSerial
                0x00000000       0x22 ET/SoftEasyTransfer.o
 .text._ZN16SoftEasyTransfer8sendDataEv
                0x00000000       0xb8 ET/SoftEasyTransfer.o
 .text._ZN16SoftEasyTransfer11receiveDataEv
                0x00000000      0x158 ET/SoftEasyTransfer.o
 .debug_info    0x00000000      0x3f7 ET/SoftEasyTransfer.o
 .debug_abbrev  0x00000000      0x1b8 ET/SoftEasyTransfer.o
 .debug_loc     0x00000000      0x238 ET/SoftEasyTransfer.o
 .debug_aranges
                0x00000000       0x30 ET/SoftEasyTransfer.o
 .debug_ranges  0x00000000       0x20 ET/SoftEasyTransfer.o
 .debug_line    0x00000000      0x20e ET/SoftEasyTransfer.o
 .debug_str     0x00000000      0x2e1 ET/SoftEasyTransfer.o
 .comment       0x00000000       0x31 ET/SoftEasyTransfer.o
 .debug_frame   0x00000000       0x80 ET/SoftEasyTransfer.o
 .text          0x00000000        0x0 telemetry.o
 .data          0x00000000        0x0 telemetry.o
 .bss           0x00000000        0x0 telemetry.o
 .text._Z14writeTelemetryv
                0x00000000       0x92 telemetry.o
 .bss.ET        0x00000000        0xa telemetry.o
 .bss.floatTransfer
                0x00000000        0x5 telemetry.o
 .bss.int8Transfer
                0x00000000        0x2 telemetry.o
 .text          0x00000000        0x0 eeprom.o
 .data          0x00000000        0x0 eeprom.o
 .bss           0x00000000        0x0 eeprom.o
 .text._Z18writeConfigurationv
                0x00000000      0x102 eeprom.o
 .rodata._ZL14MOTOR_READ_PIN
                0x00000000        0x7 eeprom.o
 .text          0x00000000        0x0 main.o
 .data          0x00000000        0x0 main.o
 .bss           0x00000000        0x0 main.o
 .rodata.str1.1
                0x00000000       0x22 main.o
 .text._Z12ErrorMessagePKci
                0x00000000       0x42 main.o
 .text          0x00000000        0x0 power_control.o
 .data          0x00000000        0x0 power_control.o
 .bss           0x00000000        0x0 power_control.o
 .text._Z16turnoffAllMotorsv
                0x00000000       0x32 power_control.o
 .text          0x00000000        0x0 c:/program files (x86)/atmel/atmel toolchain/avr8 gcc/native/3.4.1061/avr8-gnu-toolchain/bin/../lib/gcc/avr/4.8.1/../../../../avr/lib/avr5\libm.a(divsf3.o)
 .data          0x00000000        0x0 c:/program files (x86)/atmel/atmel toolchain/avr8 gcc/native/3.4.1061/avr8-gnu-toolchain/bin/../lib/gcc/avr/4.8.1/../../../../avr/lib/avr5\libm.a(divsf3.o)
 .bss           0x00000000        0x0 c:/program files (x86)/atmel/atmel toolchain/avr8 gcc/native/3.4.1061/avr8-gnu-toolchain/bin/../lib/gcc/avr/4.8.1/../../../../avr/lib/avr5\libm.a(divsf3.o)
 .text          0x00000000        0x0 c:/program files (x86)/atmel/atmel toolchain/avr8 gcc/native/3.4.1061/avr8-gnu-toolchain/bin/../lib/gcc/avr/4.8.1/../../../../avr/lib/avr5\libm.a(divsf3x.o)
 .data          0x00000000        0x0 c:/program files (x86)/atmel/atmel toolchain/avr8 gcc/native/3.4.1061/avr8-gnu-toolchain/bin/../lib/gcc/avr/4.8.1/../../../../avr/lib/avr5\libm.a(divsf3x.o)
 .bss           0x00000000        0x0 c:/program files (x86)/atmel/atmel toolchain/avr8 gcc/native/3.4.1061/avr8-gnu-toolchain/bin/../lib/gcc/avr/4.8.1/../../../../avr/lib/avr5\libm.a(divsf3x.o)
 .text          0x00000000        0x0 c:/program files (x86)/atmel/atmel toolchain/avr8 gcc/native/3.4.1061/avr8-gnu-toolchain/bin/../lib/gcc/avr/4.8.1/../../../../avr/lib/avr5\libm.a(floatsisf.o)
 .data          0x00000000        0x0 c:/program files (x86)/atmel/atmel toolchain/avr8 gcc/native/3.4.1061/avr8-gnu-toolchain/bin/../lib/gcc/avr/4.8.1/../../../../avr/lib/avr5\libm.a(floatsisf.o)
 .bss           0x00000000        0x0 c:/program files (x86)/atmel/atmel toolchain/avr8 gcc/native/3.4.1061/avr8-gnu-toolchain/bin/../lib/gcc/avr/4.8.1/../../../../avr/lib/avr5\libm.a(floatsisf.o)
 .text          0x00000000        0x0 c:/program files (x86)/atmel/atmel toolchain/avr8 gcc/native/3.4.1061/avr8-gnu-toolchain/bin/../lib/gcc/avr/4.8.1/../../../../avr/lib/avr5\libm.a(fp_inf.o)
 .data          0x00000000        0x0 c:/program files (x86)/atmel/atmel toolchain/avr8 gcc/native/3.4.1061/avr8-gnu-toolchain/bin/../lib/gcc/avr/4.8.1/../../../../avr/lib/avr5\libm.a(fp_inf.o)
 .bss           0x00000000        0x0 c:/program files (x86)/atmel/atmel toolchain/avr8 gcc/native/3.4.1061/avr8-gnu-toolchain/bin/../lib/gcc/avr/4.8.1/../../../../avr/lib/avr5\libm.a(fp_inf.o)
 .text          0x00000000        0x0 c:/program files (x86)/atmel/atmel toolchain/avr8 gcc/native/3.4.1061/avr8-gnu-toolchain/bin/../lib/gcc/avr/4.8.1/../../../../avr/lib/avr5\libm.a(fp_nan.o)
 .data          0x00000000        0x0 c:/program files (x86)/atmel/atmel toolchain/avr8 gcc/native/3.4.1061/avr8-gnu-toolchain/bin/../lib/gcc/avr/4.8.1/../../../../avr/lib/avr5\libm.a(fp_nan.o)
 .bss           0x00000000        0x0 c:/program files (x86)/atmel/atmel toolchain/avr8 gcc/native/3.4.1061/avr8-gnu-toolchain/bin/../lib/gcc/avr/4.8.1/../../../../avr/lib/avr5\libm.a(fp_nan.o)
 .text          0x00000000        0x0 c:/program files (x86)/atmel/atmel toolchain/avr8 gcc/native/3.4.1061/avr8-gnu-toolchain/bin/../lib/gcc/avr/4.8.1/../../../../avr/lib/avr5\libm.a(fp_pscA.o)
 .data          0x00000000        0x0 c:/program files (x86)/atmel/atmel toolchain/avr8 gcc/native/3.4.1061/avr8-gnu-toolchain/bin/../lib/gcc/avr/4.8.1/../../../../avr/lib/avr5\libm.a(fp_pscA.o)
 .bss           0x00000000        0x0 c:/program files (x86)/atmel/atmel toolchain/avr8 gcc/native/3.4.1061/avr8-gnu-toolchain/bin/../lib/gcc/avr/4.8.1/../../../../avr/lib/avr5\libm.a(fp_pscA.o)
 .text          0x00000000        0x0 c:/program files (x86)/atmel/atmel toolchain/avr8 gcc/native/3.4.1061/avr8-gnu-toolchain/bin/../lib/gcc/avr/4.8.1/../../../../avr/lib/avr5\libm.a(fp_pscB.o)
 .data          0x00000000        0x0 c:/program files (x86)/atmel/atmel toolchain/avr8 gcc/native/3.4.1061/avr8-gnu-toolchain/bin/../lib/gcc/avr/4.8.1/../../../../avr/lib/avr5\libm.a(fp_pscB.o)
 .bss           0x00000000        0x0 c:/program files (x86)/atmel/atmel toolchain/avr8 gcc/native/3.4.1061/avr8-gnu-toolchain/bin/../lib/gcc/avr/4.8.1/../../../../avr/lib/avr5\libm.a(fp_pscB.o)
 .text          0x00000000        0x0 c:/program files (x86)/atmel/atmel toolchain/avr8 gcc/native/3.4.1061/avr8-gnu-toolchain/bin/../lib/gcc/avr/4.8.1/../../../../avr/lib/avr5\libm.a(fp_round.o)
 .data          0x00000000        0x0 c:/program files (x86)/atmel/atmel toolchain/avr8 gcc/native/3.4.1061/avr8-gnu-toolchain/bin/../lib/gcc/avr/4.8.1/../../../../avr/lib/avr5\libm.a(fp_round.o)
 .bss           0x00000000        0x0 c:/program files (x86)/atmel/atmel toolchain/avr8 gcc/native/3.4.1061/avr8-gnu-toolchain/bin/../lib/gcc/avr/4.8.1/../../../../avr/lib/avr5\libm.a(fp_round.o)
 .text          0x00000000        0x0 c:/program files (x86)/atmel/atmel toolchain/avr8 gcc/native/3.4.1061/avr8-gnu-toolchain/bin/../lib/gcc/avr/4.8.1/../../../../avr/lib/avr5\libm.a(fp_split3.o)
 .data          0x00000000        0x0 c:/program files (x86)/atmel/atmel toolchain/avr8 gcc/native/3.4.1061/avr8-gnu-toolchain/bin/../lib/gcc/avr/4.8.1/../../../../avr/lib/avr5\libm.a(fp_split3.o)
 .bss           0x00000000        0x0 c:/program files (x86)/atmel/atmel toolchain/avr8 gcc/native/3.4.1061/avr8-gnu-toolchain/bin/../lib/gcc/avr/4.8.1/../../../../avr/lib/avr5\libm.a(fp_split3.o)
 .text          0x00000000        0x0 c:/program files (x86)/atmel/atmel toolchain/avr8 gcc/native/3.4.1061/avr8-gnu-toolchain/bin/../lib/gcc/avr/4.8.1/../../../../avr/lib/avr5\libm.a(fp_zero.o)
 .data          0x00000000        0x0 c:/program files (x86)/atmel/atmel toolchain/avr8 gcc/native/3.4.1061/avr8-gnu-toolchain/bin/../lib/gcc/avr/4.8.1/../../../../avr/lib/avr5\libm.a(fp_zero.o)
 .bss           0x00000000        0x0 c:/program files (x86)/atmel/atmel toolchain/avr8 gcc/native/3.4.1061/avr8-gnu-toolchain/bin/../lib/gcc/avr/4.8.1/../../../../avr/lib/avr5\libm.a(fp_zero.o)
 .text          0x00000000        0x0 c:/program files (x86)/atmel/atmel toolchain/avr8 gcc/native/3.4.1061/avr8-gnu-toolchain/bin/../lib/gcc/avr/4.8.1/../../../../avr/lib/avr5\libm.a(gesf2.o)
 .data          0x00000000        0x0 c:/program files (x86)/atmel/atmel toolchain/avr8 gcc/native/3.4.1061/avr8-gnu-toolchain/bin/../lib/gcc/avr/4.8.1/../../../../avr/lib/avr5\libm.a(gesf2.o)
 .bss           0x00000000        0x0 c:/program files (x86)/atmel/atmel toolchain/avr8 gcc/native/3.4.1061/avr8-gnu-toolchain/bin/../lib/gcc/avr/4.8.1/../../../../avr/lib/avr5\libm.a(gesf2.o)
 .text          0x00000000        0x0 c:/program files (x86)/atmel/atmel toolchain/avr8 gcc/native/3.4.1061/avr8-gnu-toolchain/bin/../lib/gcc/avr/4.8.1/../../../../avr/lib/avr5\libm.a(mulsf3.o)
 .data          0x00000000        0x0 c:/program files (x86)/atmel/atmel toolchain/avr8 gcc/native/3.4.1061/avr8-gnu-toolchain/bin/../lib/gcc/avr/4.8.1/../../../../avr/lib/avr5\libm.a(mulsf3.o)
 .bss           0x00000000        0x0 c:/program files (x86)/atmel/atmel toolchain/avr8 gcc/native/3.4.1061/avr8-gnu-toolchain/bin/../lib/gcc/avr/4.8.1/../../../../avr/lib/avr5\libm.a(mulsf3.o)
 .text          0x00000000        0x0 c:/program files (x86)/atmel/atmel toolchain/avr8 gcc/native/3.4.1061/avr8-gnu-toolchain/bin/../lib/gcc/avr/4.8.1/../../../../avr/lib/avr5\libm.a(mulsf3x.o)
 .data          0x00000000        0x0 c:/program files (x86)/atmel/atmel toolchain/avr8 gcc/native/3.4.1061/avr8-gnu-toolchain/bin/../lib/gcc/avr/4.8.1/../../../../avr/lib/avr5\libm.a(mulsf3x.o)
 .bss           0x00000000        0x0 c:/program files (x86)/atmel/atmel toolchain/avr8 gcc/native/3.4.1061/avr8-gnu-toolchain/bin/../lib/gcc/avr/4.8.1/../../../../avr/lib/avr5\libm.a(mulsf3x.o)
 .text          0x00000000        0x0 c:/program files (x86)/atmel/atmel toolchain/avr8 gcc/native/3.4.1061/avr8-gnu-toolchain/bin/../lib/gcc/avr/4.8.1/../../../../avr/lib/avr5\libm.a(fp_cmp.o)
 .data          0x00000000        0x0 c:/program files (x86)/atmel/atmel toolchain/avr8 gcc/native/3.4.1061/avr8-gnu-toolchain/bin/../lib/gcc/avr/4.8.1/../../../../avr/lib/avr5\libm.a(fp_cmp.o)
 .bss           0x00000000        0x0 c:/program files (x86)/atmel/atmel toolchain/avr8 gcc/native/3.4.1061/avr8-gnu-toolchain/bin/../lib/gcc/avr/4.8.1/../../../../avr/lib/avr5\libm.a(fp_cmp.o)
 .text          0x00000000        0x0 ..\libcore.a(wiring.c.o)
 .data          0x00000000        0x0 ..\libcore.a(wiring.c.o)
 .bss           0x00000000        0x0 ..\libcore.a(wiring.c.o)
 .text.delayMicroseconds
                0x00000000       0x14 ..\libcore.a(wiring.c.o)
 .text          0x00000000        0x0 ..\libcore.a(wiring_analog.c.o)
 .data          0x00000000        0x0 ..\libcore.a(wiring_analog.c.o)
 .bss           0x00000000        0x0 ..\libcore.a(wiring_analog.c.o)
 .text.analogReference
                0x00000000        0x6 ..\libcore.a(wiring_analog.c.o)
 .text.analogWrite
                0x00000000      0x12e ..\libcore.a(wiring_analog.c.o)
 .progmem.gcc_sw_table.analogWrite
                0x00000000       0x1e ..\libcore.a(wiring_analog.c.o)
 .text          0x00000000        0x0 ..\libcore.a(wiring_digital.c.o)
 .data          0x00000000        0x0 ..\libcore.a(wiring_digital.c.o)
 .bss           0x00000000        0x0 ..\libcore.a(wiring_digital.c.o)
 .text.digitalRead
                0x00000000       0x52 ..\libcore.a(wiring_digital.c.o)
 .group         0x00000000        0x8 ..\libcore.a(CDC.cpp.o)
 .text          0x00000000        0x0 ..\libcore.a(CDC.cpp.o)
 .data          0x00000000        0x0 ..\libcore.a(CDC.cpp.o)
 .bss           0x00000000        0x0 ..\libcore.a(CDC.cpp.o)
 .text._ZN7Serial_5beginEm
                0x00000000        0xc ..\libcore.a(CDC.cpp.o)
 .text._ZN7Serial_5beginEmh
                0x00000000        0xc ..\libcore.a(CDC.cpp.o)
 .text._ZN7Serial_3endEv
                0x00000000        0x2 ..\libcore.a(CDC.cpp.o)
 .text._ZN7Serial_cvbEv
                0x00000000       0x1e ..\libcore.a(CDC.cpp.o)
 .text          0x00000000        0x0 ..\libcore.a(new.cpp.o)
 .data          0x00000000        0x0 ..\libcore.a(new.cpp.o)
 .bss           0x00000000        0x0 ..\libcore.a(new.cpp.o)
 .text._Znwj    0x00000000        0x4 ..\libcore.a(new.cpp.o)
 .text._Znaj    0x00000000        0x4 ..\libcore.a(new.cpp.o)
 .text._ZdlPv   0x00000000        0x4 ..\libcore.a(new.cpp.o)
 .text._ZdaPv   0x00000000        0x4 ..\libcore.a(new.cpp.o)
 .text.__cxa_guard_acquire
                0x00000000       0x12 ..\libcore.a(new.cpp.o)
 .text.__cxa_guard_release
                0x00000000        0x8 ..\libcore.a(new.cpp.o)
 .text.__cxa_guard_abort
                0x00000000        0x2 ..\libcore.a(new.cpp.o)
 .text.__cxa_pure_virtual
                0x00000000        0x2 ..\libcore.a(new.cpp.o)
 .debug_info    0x00000000      0x230 ..\libcore.a(new.cpp.o)
 .debug_abbrev  0x00000000      0x140 ..\libcore.a(new.cpp.o)
 .debug_loc     0x00000000       0xc0 ..\libcore.a(new.cpp.o)
 .debug_aranges
                0x00000000       0x58 ..\libcore.a(new.cpp.o)
 .debug_ranges  0x00000000       0x48 ..\libcore.a(new.cpp.o)
 .debug_line    0x00000000      0x160 ..\libcore.a(new.cpp.o)
 .debug_str     0x00000000      0x1af ..\libcore.a(new.cpp.o)
 .comment       0x00000000       0x12 ..\libcore.a(new.cpp.o)
 .debug_frame   0x00000000       0x94 ..\libcore.a(new.cpp.o)
 .group         0x00000000        0x8 ..\libcore.a(Print.cpp.o)
 .group         0x00000000        0x8 ..\libcore.a(Print.cpp.o)
 .text          0x00000000        0x0 ..\libcore.a(Print.cpp.o)
 .data          0x00000000        0x0 ..\libcore.a(Print.cpp.o)
 .bss           0x00000000        0x0 ..\libcore.a(Print.cpp.o)
 .text._ZN5Print5writeEPKc
                0x00000000       0x2c ..\libcore.a(Print.cpp.o)
 .text._ZN5Print5printEPK19__FlashStringHelper
                0x00000000       0x4a ..\libcore.a(Print.cpp.o)
 .text._ZN5Print5printERK6String
                0x00000000       0x1c ..\libcore.a(Print.cpp.o)
 .text._ZN5Print5printEPKc
                0x00000000        0x4 ..\libcore.a(Print.cpp.o)
 .text._ZN5Print5printEc
                0x00000000        0xe ..\libcore.a(Print.cpp.o)
 .text._ZN5Print5printERK9Printable
                0x00000000       0x14 ..\libcore.a(Print.cpp.o)
 .text._ZN5Print7printlnEv
                0x00000000       0x28 ..\libcore.a(Print.cpp.o)
 .text._ZN5Print7printlnEPK19__FlashStringHelper
                0x00000000       0x24 ..\libcore.a(Print.cpp.o)
 .text._ZN5Print7printlnERK6String
                0x00000000       0x24 ..\libcore.a(Print.cpp.o)
 .text._ZN5Print7printlnEPKc
                0x00000000       0x24 ..\libcore.a(Print.cpp.o)
 .text._ZN5Print7printlnEc
                0x00000000       0x24 ..\libcore.a(Print.cpp.o)
 .text._ZN5Print7printlnERK9Printable
                0x00000000       0x24 ..\libcore.a(Print.cpp.o)
 .text._ZN5Print11printNumberEmh
                0x00000000       0xb2 ..\libcore.a(Print.cpp.o)
 .text._ZN5Print5printEli
                0x00000000       0x94 ..\libcore.a(Print.cpp.o)
 .text._ZN5Print5printEii
                0x00000000       0x10 ..\libcore.a(Print.cpp.o)
 .text._ZN5Print7printlnEii
                0x00000000       0x30 ..\libcore.a(Print.cpp.o)
 .text._ZN5Print7printlnEli
                0x00000000       0x24 ..\libcore.a(Print.cpp.o)
 .text._ZN5Print5printEmi
                0x00000000       0x1a ..\libcore.a(Print.cpp.o)
 .text._ZN5Print5printEhi
                0x00000000        0xe ..\libcore.a(Print.cpp.o)
 .text._ZN5Print7printlnEhi
                0x00000000       0x2e ..\libcore.a(Print.cpp.o)
 .text._ZN5Print5printEji
                0x00000000        0xc ..\libcore.a(Print.cpp.o)
 .text._ZN5Print7printlnEji
                0x00000000       0x2c ..\libcore.a(Print.cpp.o)
 .text._ZN5Print7printlnEmi
                0x00000000       0x24 ..\libcore.a(Print.cpp.o)
 .rodata.str1.1
                0x00000000        0xe ..\libcore.a(Print.cpp.o)
 .text._ZN5Print10printFloatEdh
                0x00000000      0x1d6 ..\libcore.a(Print.cpp.o)
 .text._ZN5Print5printEdi
                0x00000000        0x4 ..\libcore.a(Print.cpp.o)
 .text._ZN5Print7printlnEdi
                0x00000000       0x24 ..\libcore.a(Print.cpp.o)
 .rodata._ZTV5Print
                0x00000000        0x8 ..\libcore.a(Print.cpp.o)
 .group         0x00000000        0x8 ..\libcore.a(USBCore.cpp.o)
 .text          0x00000000        0x0 ..\libcore.a(USBCore.cpp.o)
 .data          0x00000000        0x0 ..\libcore.a(USBCore.cpp.o)
 .bss           0x00000000        0x0 ..\libcore.a(USBCore.cpp.o)
 .text._Z19USBGetConfigurationv
                0x00000000        0x6 ..\libcore.a(USBCore.cpp.o)
 .text._Z12USBConnectedv
                0x00000000       0x22 ..\libcore.a(USBCore.cpp.o)
 .text._ZN10USBDevice_C2Ev
                0x00000000        0x2 ..\libcore.a(USBCore.cpp.o)
 .text._ZN10USBDevice_6detachEv
                0x00000000        0x2 ..\libcore.a(USBCore.cpp.o)
 .text._ZN10USBDevice_10configuredEv
                0x00000000        0xe ..\libcore.a(USBCore.cpp.o)
 .text._ZN10USBDevice_4pollEv
                0x00000000        0x2 ..\libcore.a(USBCore.cpp.o)
 .text          0x00000000        0x0 ..\libcore.a(hooks.c.o)
 .data          0x00000000        0x0 ..\libcore.a(hooks.c.o)
 .bss           0x00000000        0x0 ..\libcore.a(hooks.c.o)
 .group         0x00000000        0x8 ..\libcore.a(HID.cpp.o)
 .text          0x00000000        0x0 ..\libcore.a(HID.cpp.o)
 .data          0x00000000        0x0 ..\libcore.a(HID.cpp.o)
 .bss           0x00000000        0x0 ..\libcore.a(HID.cpp.o)
 .text._ZN6Mouse_C2Ev
                0x00000000        0x6 ..\libcore.a(HID.cpp.o)
 .text._ZN6Mouse_5beginEv
                0x00000000        0x2 ..\libcore.a(HID.cpp.o)
 .text._ZN6Mouse_3endEv
                0x00000000        0x2 ..\libcore.a(HID.cpp.o)
 .text._ZN6Mouse_4moveEaaa
                0x00000000       0x36 ..\libcore.a(HID.cpp.o)
 .text._ZN6Mouse_5clickEh
                0x00000000       0x24 ..\libcore.a(HID.cpp.o)
 .text._ZN6Mouse_7buttonsEh
                0x00000000       0x16 ..\libcore.a(HID.cpp.o)
 .text._ZN6Mouse_5pressEh
                0x00000000        0xa ..\libcore.a(HID.cpp.o)
 .text._ZN6Mouse_7releaseEh
                0x00000000        0xc ..\libcore.a(HID.cpp.o)
 .text._ZN6Mouse_9isPressedEh
                0x00000000        0xe ..\libcore.a(HID.cpp.o)
 .text._ZN9Keyboard_C2Ev
                0x00000000       0x10 ..\libcore.a(HID.cpp.o)
 .text._ZN9Keyboard_5beginEv
                0x00000000        0x2 ..\libcore.a(HID.cpp.o)
 .text._ZN9Keyboard_3endEv
                0x00000000        0x2 ..\libcore.a(HID.cpp.o)
 .text          0x00000000        0x0 c:/program files (x86)/atmel/atmel toolchain/avr8 gcc/native/3.4.1061/avr8-gnu-toolchain/bin/../lib/gcc/avr/4.8.1/../../../../avr/lib/avr5\libm.a(addsf3.o)
 .data          0x00000000        0x0 c:/program files (x86)/atmel/atmel toolchain/avr8 gcc/native/3.4.1061/avr8-gnu-toolchain/bin/../lib/gcc/avr/4.8.1/../../../../avr/lib/avr5\libm.a(addsf3.o)
 .bss           0x00000000        0x0 c:/program files (x86)/atmel/atmel toolchain/avr8 gcc/native/3.4.1061/avr8-gnu-toolchain/bin/../lib/gcc/avr/4.8.1/../../../../avr/lib/avr5\libm.a(addsf3.o)
 .text.avr-libc.fplib
                0x00000000        0xa c:/program files (x86)/atmel/atmel toolchain/avr8 gcc/native/3.4.1061/avr8-gnu-toolchain/bin/../lib/gcc/avr/4.8.1/../../../../avr/lib/avr5\libm.a(addsf3.o)
 .text          0x00000000        0x0 c:/program files (x86)/atmel/atmel toolchain/avr8 gcc/native/3.4.1061/avr8-gnu-toolchain/bin/../lib/gcc/avr/4.8.1/../../../../avr/lib/avr5\libm.a(addsf3x.o)
 .data          0x00000000        0x0 c:/program files (x86)/atmel/atmel toolchain/avr8 gcc/native/3.4.1061/avr8-gnu-toolchain/bin/../lib/gcc/avr/4.8.1/../../../../avr/lib/avr5\libm.a(addsf3x.o)
 .bss           0x00000000        0x0 c:/program files (x86)/atmel/atmel toolchain/avr8 gcc/native/3.4.1061/avr8-gnu-toolchain/bin/../lib/gcc/avr/4.8.1/../../../../avr/lib/avr5\libm.a(addsf3x.o)
 .text.avr-libc.fplib
                0x00000000       0xc0 c:/program files (x86)/atmel/atmel toolchain/avr8 gcc/native/3.4.1061/avr8-gnu-toolchain/bin/../lib/gcc/avr/4.8.1/../../../../avr/lib/avr5\libm.a(addsf3x.o)
 .text          0x00000000        0x0 c:/program files (x86)/atmel/atmel toolchain/avr8 gcc/native/3.4.1061/avr8-gnu-toolchain/bin/../lib/gcc/avr/4.8.1/../../../../avr/lib/avr5\libm.a(cmpsf2.o)
 .data          0x00000000        0x0 c:/program files (x86)/atmel/atmel toolchain/avr8 gcc/native/3.4.1061/avr8-gnu-toolchain/bin/../lib/gcc/avr/4.8.1/../../../../avr/lib/avr5\libm.a(cmpsf2.o)
 .bss           0x00000000        0x0 c:/program files (x86)/atmel/atmel toolchain/avr8 gcc/native/3.4.1061/avr8-gnu-toolchain/bin/../lib/gcc/avr/4.8.1/../../../../avr/lib/avr5\libm.a(cmpsf2.o)
 .text.avr-libc.fplib
                0x00000000        0x8 c:/program files (x86)/atmel/atmel toolchain/avr8 gcc/native/3.4.1061/avr8-gnu-toolchain/bin/../lib/gcc/avr/4.8.1/../../../../avr/lib/avr5\libm.a(cmpsf2.o)
 .text          0x00000000        0x0 c:/program files (x86)/atmel/atmel toolchain/avr8 gcc/native/3.4.1061/avr8-gnu-toolchain/bin/../lib/gcc/avr/4.8.1/../../../../avr/lib/avr5\libm.a(fixsfsi.o)
 .data          0x00000000        0x0 c:/program files (x86)/atmel/atmel toolchain/avr8 gcc/native/3.4.1061/avr8-gnu-toolchain/bin/../lib/gcc/avr/4.8.1/../../../../avr/lib/avr5\libm.a(fixsfsi.o)
 .bss           0x00000000        0x0 c:/program files (x86)/atmel/atmel toolchain/avr8 gcc/native/3.4.1061/avr8-gnu-toolchain/bin/../lib/gcc/avr/4.8.1/../../../../avr/lib/avr5\libm.a(fixsfsi.o)
 .text.avr-libc.fplib
                0x00000000        0xa c:/program files (x86)/atmel/atmel toolchain/avr8 gcc/native/3.4.1061/avr8-gnu-toolchain/bin/../lib/gcc/avr/4.8.1/../../../../avr/lib/avr5\libm.a(fixsfsi.o)
 .text          0x00000000        0x0 c:/program files (x86)/atmel/atmel toolchain/avr8 gcc/native/3.4.1061/avr8-gnu-toolchain/bin/../lib/gcc/avr/4.8.1/../../../../avr/lib/avr5\libm.a(fixunssfsi.o)
 .data          0x00000000        0x0 c:/program files (x86)/atmel/atmel toolchain/avr8 gcc/native/3.4.1061/avr8-gnu-toolchain/bin/../lib/gcc/avr/4.8.1/../../../../avr/lib/avr5\libm.a(fixunssfsi.o)
 .bss           0x00000000        0x0 c:/program files (x86)/atmel/atmel toolchain/avr8 gcc/native/3.4.1061/avr8-gnu-toolchain/bin/../lib/gcc/avr/4.8.1/../../../../avr/lib/avr5\libm.a(fixunssfsi.o)
 .text.avr-libc.fplib
                0x00000000       0x58 c:/program files (x86)/atmel/atmel toolchain/avr8 gcc/native/3.4.1061/avr8-gnu-toolchain/bin/../lib/gcc/avr/4.8.1/../../../../avr/lib/avr5\libm.a(fixunssfsi.o)
 .text          0x00000000        0x0 c:/program files (x86)/atmel/atmel toolchain/avr8 gcc/native/3.4.1061/avr8-gnu-toolchain/bin/../lib/gcc/avr/4.8.1/../../../../avr/lib/avr5\libm.a(unordsf2.o)
 .data          0x00000000        0x0 c:/program files (x86)/atmel/atmel toolchain/avr8 gcc/native/3.4.1061/avr8-gnu-toolchain/bin/../lib/gcc/avr/4.8.1/../../../../avr/lib/avr5\libm.a(unordsf2.o)
 .bss           0x00000000        0x0 c:/program files (x86)/atmel/atmel toolchain/avr8 gcc/native/3.4.1061/avr8-gnu-toolchain/bin/../lib/gcc/avr/4.8.1/../../../../avr/lib/avr5\libm.a(unordsf2.o)
 .text.avr-libc.fplib
                0x00000000        0x8 c:/program files (x86)/atmel/atmel toolchain/avr8 gcc/native/3.4.1061/avr8-gnu-toolchain/bin/../lib/gcc/avr/4.8.1/../../../../avr/lib/avr5\libm.a(unordsf2.o)
 .text          0x00000000        0x0 c:/program files (x86)/atmel/atmel toolchain/avr8 gcc/native/3.4.1061/avr8-gnu-toolchain/bin/../lib/gcc/avr/4.8.1/avr5\libgcc.a(_udivmodsi4.o)
 .data          0x00000000        0x0 c:/program files (x86)/atmel/atmel toolchain/avr8 gcc/native/3.4.1061/avr8-gnu-toolchain/bin/../lib/gcc/avr/4.8.1/avr5\libgcc.a(_udivmodsi4.o)
 .bss           0x00000000        0x0 c:/program files (x86)/atmel/atmel toolchain/avr8 gcc/native/3.4.1061/avr8-gnu-toolchain/bin/../lib/gcc/avr/4.8.1/avr5\libgcc.a(_udivmodsi4.o)
 .text.libgcc.mul
                0x00000000        0x0 c:/program files (x86)/atmel/atmel toolchain/avr8 gcc/native/3.4.1061/avr8-gnu-toolchain/bin/../lib/gcc/avr/4.8.1/avr5\libgcc.a(_udivmodsi4.o)
 .text.libgcc.div
                0x00000000       0x44 c:/program files (x86)/atmel/atmel toolchain/avr8 gcc/native/3.4.1061/avr8-gnu-toolchain/bin/../lib/gcc/avr/4.8.1/avr5\libgcc.a(_udivmodsi4.o)
 .text.libgcc   0x00000000        0x0 c:/program files (x86)/atmel/atmel toolchain/avr8 gcc/native/3.4.1061/avr8-gnu-toolchain/bin/../lib/gcc/avr/4.8.1/avr5\libgcc.a(_udivmodsi4.o)
 .text.libgcc.prologue
                0x00000000        0x0 c:/program files (x86)/atmel/atmel toolchain/avr8 gcc/native/3.4.1061/avr8-gnu-toolchain/bin/../lib/gcc/avr/4.8.1/avr5\libgcc.a(_udivmodsi4.o)
 .text.libgcc.builtins
                0x00000000        0x0 c:/program files (x86)/atmel/atmel toolchain/avr8 gcc/native/3.4.1061/avr8-gnu-toolchain/bin/../lib/gcc/avr/4.8.1/avr5\libgcc.a(_udivmodsi4.o)
 .text.libgcc.fmul
                0x00000000        0x0 c:/program files (x86)/atmel/atmel toolchain/avr8 gcc/native/3.4.1061/avr8-gnu-toolchain/bin/../lib/gcc/avr/4.8.1/avr5\libgcc.a(_udivmodsi4.o)
 .text.libgcc.fixed
                0x00000000        0x0 c:/program files (x86)/atmel/atmel toolchain/avr8 gcc/native/3.4.1061/avr8-gnu-toolchain/bin/../lib/gcc/avr/4.8.1/avr5\libgcc.a(_udivmodsi4.o)
 .text          0x00000000        0x0 c:/program files (x86)/atmel/atmel toolchain/avr8 gcc/native/3.4.1061/avr8-gnu-toolchain/bin/../lib/gcc/avr/4.8.1/avr5\libgcc.a(_exit.o)
 .data          0x00000000        0x0 c:/program files (x86)/atmel/atmel toolchain/avr8 gcc/native/3.4.1061/avr8-gnu-toolchain/bin/../lib/gcc/avr/4.8.1/avr5\libgcc.a(_exit.o)
 .bss           0x00000000        0x0 c:/program files (x86)/atmel/atmel toolchain/avr8 gcc/native/3.4.1061/avr8-gnu-toolchain/bin/../lib/gcc/avr/4.8.1/avr5\libgcc.a(_exit.o)
 .text.libgcc.mul
                0x00000000        0x0 c:/program files (x86)/atmel/atmel toolchain/avr8 gcc/native/3.4.1061/avr8-gnu-toolchain/bin/../lib/gcc/avr/4.8.1/avr5\libgcc.a(_exit.o)
 .text.libgcc.div
                0x00000000        0x0 c:/program files (x86)/atmel/atmel toolchain/avr8 gcc/native/3.4.1061/avr8-gnu-toolchain/bin/../lib/gcc/avr/4.8.1/avr5\libgcc.a(_exit.o)
 .text.libgcc   0x00000000        0x0 c:/program files (x86)/atmel/atmel toolchain/avr8 gcc/native/3.4.1061/avr8-gnu-toolchain/bin/../lib/gcc/avr/4.8.1/avr5\libgcc.a(_exit.o)
 .text.libgcc.prologue
                0x00000000        0x0 c:/program files (x86)/atmel/atmel toolchain/avr8 gcc/native/3.4.1061/avr8-gnu-toolchain/bin/../lib/gcc/avr/4.8.1/avr5\libgcc.a(_exit.o)
 .text.libgcc.builtins
                0x00000000        0x0 c:/program files (x86)/atmel/atmel toolchain/avr8 gcc/native/3.4.1061/avr8-gnu-toolchain/bin/../lib/gcc/avr/4.8.1/avr5\libgcc.a(_exit.o)
 .text.libgcc.fmul
                0x00000000        0x0 c:/program files (x86)/atmel/atmel toolchain/avr8 gcc/native/3.4.1061/avr8-gnu-toolchain/bin/../lib/gcc/avr/4.8.1/avr5\libgcc.a(_exit.o)
 .text.libgcc.fixed
                0x00000000        0x0 c:/program files (x86)/atmel/atmel toolchain/avr8 gcc/native/3.4.1061/avr8-gnu-toolchain/bin/../lib/gcc/avr/4.8.1/avr5\libgcc.a(_exit.o)
 .text          0x00000000        0x0 c:/program files (x86)/atmel/atmel toolchain/avr8 gcc/native/3.4.1061/avr8-gnu-toolchain/bin/../lib/gcc/avr/4.8.1/avr5\libgcc.a(_tablejump.o)
 .data          0x00000000        0x0 c:/program files (x86)/atmel/atmel toolchain/avr8 gcc/native/3.4.1061/avr8-gnu-toolchain/bin/../lib/gcc/avr/4.8.1/avr5\libgcc.a(_tablejump.o)
 .bss           0x00000000        0x0 c:/program files (x86)/atmel/atmel toolchain/avr8 gcc/native/3.4.1061/avr8-gnu-toolchain/bin/../lib/gcc/avr/4.8.1/avr5\libgcc.a(_tablejump.o)
 .text.libgcc.mul
                0x00000000        0x0 c:/program files (x86)/atmel/atmel toolchain/avr8 gcc/native/3.4.1061/avr8-gnu-toolchain/bin/../lib/gcc/avr/4.8.1/avr5\libgcc.a(_tablejump.o)
 .text.libgcc.div
                0x00000000        0x0 c:/program files (x86)/atmel/atmel toolchain/avr8 gcc/native/3.4.1061/avr8-gnu-toolchain/bin/../lib/gcc/avr/4.8.1/avr5\libgcc.a(_tablejump.o)
 .text.libgcc.prologue
                0x00000000        0x0 c:/program files (x86)/atmel/atmel toolchain/avr8 gcc/native/3.4.1061/avr8-gnu-toolchain/bin/../lib/gcc/avr/4.8.1/avr5\libgcc.a(_tablejump.o)
 .text.libgcc.builtins
                0x00000000        0x0 c:/program files (x86)/atmel/atmel toolchain/avr8 gcc/native/3.4.1061/avr8-gnu-toolchain/bin/../lib/gcc/avr/4.8.1/avr5\libgcc.a(_tablejump.o)
 .text.libgcc.fmul
                0x00000000        0x0 c:/program files (x86)/atmel/atmel toolchain/avr8 gcc/native/3.4.1061/avr8-gnu-toolchain/bin/../lib/gcc/avr/4.8.1/avr5\libgcc.a(_tablejump.o)
 .text.libgcc.fixed
                0x00000000        0x0 c:/program files (x86)/atmel/atmel toolchain/avr8 gcc/native/3.4.1061/avr8-gnu-toolchain/bin/../lib/gcc/avr/4.8.1/avr5\libgcc.a(_tablejump.o)
 .text          0x00000000        0x0 c:/program files (x86)/atmel/atmel toolchain/avr8 gcc/native/3.4.1061/avr8-gnu-toolchain/bin/../lib/gcc/avr/4.8.1/avr5\libgcc.a(_copy_data.o)
 .data          0x00000000        0x0 c:/program files (x86)/atmel/atmel toolchain/avr8 gcc/native/3.4.1061/avr8-gnu-toolchain/bin/../lib/gcc/avr/4.8.1/avr5\libgcc.a(_copy_data.o)
 .bss           0x00000000        0x0 c:/program files (x86)/atmel/atmel toolchain/avr8 gcc/native/3.4.1061/avr8-gnu-toolchain/bin/../lib/gcc/avr/4.8.1/avr5\libgcc.a(_copy_data.o)
 .text.libgcc.mul
                0x00000000        0x0 c:/program files (x86)/atmel/atmel toolchain/avr8 gcc/native/3.4.1061/avr8-gnu-toolchain/bin/../lib/gcc/avr/4.8.1/avr5\libgcc.a(_copy_data.o)
 .text.libgcc.div
                0x00000000        0x0 c:/program files (x86)/atmel/atmel toolchain/avr8 gcc/native/3.4.1061/avr8-gnu-toolchain/bin/../lib/gcc/avr/4.8.1/avr5\libgcc.a(_copy_data.o)
 .text.libgcc   0x00000000        0x0 c:/program files (x86)/atmel/atmel toolchain/avr8 gcc/native/3.4.1061/avr8-gnu-toolchain/bin/../lib/gcc/avr/4.8.1/avr5\libgcc.a(_copy_data.o)
 .text.libgcc.prologue
                0x00000000        0x0 c:/program files (x86)/atmel/atmel toolchain/avr8 gcc/native/3.4.1061/avr8-gnu-toolchain/bin/../lib/gcc/avr/4.8.1/avr5\libgcc.a(_copy_data.o)
 .text.libgcc.builtins
                0x00000000        0x0 c:/program files (x86)/atmel/atmel toolchain/avr8 gcc/native/3.4.1061/avr8-gnu-toolchain/bin/../lib/gcc/avr/4.8.1/avr5\libgcc.a(_copy_data.o)
 .text.libgcc.fmul
                0x00000000        0x0 c:/program files (x86)/atmel/atmel toolchain/avr8 gcc/native/3.4.1061/avr8-gnu-toolchain/bin/../lib/gcc/avr/4.8.1/avr5\libgcc.a(_copy_data.o)
 .text.libgcc.fixed
                0x00000000        0x0 c:/program files (x86)/atmel/atmel toolchain/avr8 gcc/native/3.4.1061/avr8-gnu-toolchain/bin/../lib/gcc/avr/4.8.1/avr5\libgcc.a(_copy_data.o)
 .text          0x00000000        0x0 c:/program files (x86)/atmel/atmel toolchain/avr8 gcc/native/3.4.1061/avr8-gnu-toolchain/bin/../lib/gcc/avr/4.8.1/avr5\libgcc.a(_clear_bss.o)
 .data          0x00000000        0x0 c:/program files (x86)/atmel/atmel toolchain/avr8 gcc/native/3.4.1061/avr8-gnu-toolchain/bin/../lib/gcc/avr/4.8.1/avr5\libgcc.a(_clear_bss.o)
 .bss           0x00000000        0x0 c:/program files (x86)/atmel/atmel toolchain/avr8 gcc/native/3.4.1061/avr8-gnu-toolchain/bin/../lib/gcc/avr/4.8.1/avr5\libgcc.a(_clear_bss.o)
 .text.libgcc.mul
                0x00000000        0x0 c:/program files (x86)/atmel/atmel toolchain/avr8 gcc/native/3.4.1061/avr8-gnu-toolchain/bin/../lib/gcc/avr/4.8.1/avr5\libgcc.a(_clear_bss.o)
 .text.libgcc.div
                0x00000000        0x0 c:/program files (x86)/atmel/atmel toolchain/avr8 gcc/native/3.4.1061/avr8-gnu-toolchain/bin/../lib/gcc/avr/4.8.1/avr5\libgcc.a(_clear_bss.o)
 .text.libgcc   0x00000000        0x0 c:/program files (x86)/atmel/atmel toolchain/avr8 gcc/native/3.4.1061/avr8-gnu-toolchain/bin/../lib/gcc/avr/4.8.1/avr5\libgcc.a(_clear_bss.o)
 .text.libgcc.prologue
                0x00000000        0x0 c:/program files (x86)/atmel/atmel toolchain/avr8 gcc/native/3.4.1061/avr8-gnu-toolchain/bin/../lib/gcc/avr/4.8.1/avr5\libgcc.a(_clear_bss.o)
 .text.libgcc.builtins
                0x00000000        0x0 c:/program files (x86)/atmel/atmel toolchain/avr8 gcc/native/3.4.1061/avr8-gnu-toolchain/bin/../lib/gcc/avr/4.8.1/avr5\libgcc.a(_clear_bss.o)
 .text.libgcc.fmul
                0x00000000        0x0 c:/program files (x86)/atmel/atmel toolchain/avr8 gcc/native/3.4.1061/avr8-gnu-toolchain/bin/../lib/gcc/avr/4.8.1/avr5\libgcc.a(_clear_bss.o)
 .text.libgcc.fixed
                0x00000000        0x0 c:/program files (x86)/atmel/atmel toolchain/avr8 gcc/native/3.4.1061/avr8-gnu-toolchain/bin/../lib/gcc/avr/4.8.1/avr5\libgcc.a(_clear_bss.o)
 .text          0x00000000        0x0 c:/program files (x86)/atmel/atmel toolchain/avr8 gcc/native/3.4.1061/avr8-gnu-toolchain/bin/../lib/gcc/avr/4.8.1/avr5\libgcc.a(_ctors.o)
 .data          0x00000000        0x0 c:/program files (x86)/atmel/atmel toolchain/avr8 gcc/native/3.4.1061/avr8-gnu-toolchain/bin/../lib/gcc/avr/4.8.1/avr5\libgcc.a(_ctors.o)
 .bss           0x00000000        0x0 c:/program files (x86)/atmel/atmel toolchain/avr8 gcc/native/3.4.1061/avr8-gnu-toolchain/bin/../lib/gcc/avr/4.8.1/avr5\libgcc.a(_ctors.o)
 .text.libgcc.mul
                0x00000000        0x0 c:/program files (x86)/atmel/atmel toolchain/avr8 gcc/native/3.4.1061/avr8-gnu-toolchain/bin/../lib/gcc/avr/4.8.1/avr5\libgcc.a(_ctors.o)
 .text.libgcc.div
                0x00000000        0x0 c:/program files (x86)/atmel/atmel toolchain/avr8 gcc/native/3.4.1061/avr8-gnu-toolchain/bin/../lib/gcc/avr/4.8.1/avr5\libgcc.a(_ctors.o)
 .text.libgcc   0x00000000        0x0 c:/program files (x86)/atmel/atmel toolchain/avr8 gcc/native/3.4.1061/avr8-gnu-toolchain/bin/../lib/gcc/avr/4.8.1/avr5\libgcc.a(_ctors.o)
 .text.libgcc.prologue
                0x00000000        0x0 c:/program files (x86)/atmel/atmel toolchain/avr8 gcc/native/3.4.1061/avr8-gnu-toolchain/bin/../lib/gcc/avr/4.8.1/avr5\libgcc.a(_ctors.o)
 .text.libgcc.builtins
                0x00000000        0x0 c:/program files (x86)/atmel/atmel toolchain/avr8 gcc/native/3.4.1061/avr8-gnu-toolchain/bin/../lib/gcc/avr/4.8.1/avr5\libgcc.a(_ctors.o)
 .text.libgcc.fmul
                0x00000000        0x0 c:/program files (x86)/atmel/atmel toolchain/avr8 gcc/native/3.4.1061/avr8-gnu-toolchain/bin/../lib/gcc/avr/4.8.1/avr5\libgcc.a(_ctors.o)
 .text.libgcc.fixed
                0x00000000        0x0 c:/program files (x86)/atmel/atmel toolchain/avr8 gcc/native/3.4.1061/avr8-gnu-toolchain/bin/../lib/gcc/avr/4.8.1/avr5\libgcc.a(_ctors.o)
 .text          0x00000000        0x0 c:/program files (x86)/atmel/atmel toolchain/avr8 gcc/native/3.4.1061/avr8-gnu-toolchain/bin/../lib/gcc/avr/4.8.1/avr5\libgcc.a(_dtors.o)
 .data          0x00000000        0x0 c:/program files (x86)/atmel/atmel toolchain/avr8 gcc/native/3.4.1061/avr8-gnu-toolchain/bin/../lib/gcc/avr/4.8.1/avr5\libgcc.a(_dtors.o)
 .bss           0x00000000        0x0 c:/program files (x86)/atmel/atmel toolchain/avr8 gcc/native/3.4.1061/avr8-gnu-toolchain/bin/../lib/gcc/avr/4.8.1/avr5\libgcc.a(_dtors.o)
 .text.libgcc.mul
                0x00000000        0x0 c:/program files (x86)/atmel/atmel toolchain/avr8 gcc/native/3.4.1061/avr8-gnu-toolchain/bin/../lib/gcc/avr/4.8.1/avr5\libgcc.a(_dtors.o)
 .text.libgcc.div
                0x00000000        0x0 c:/program files (x86)/atmel/atmel toolchain/avr8 gcc/native/3.4.1061/avr8-gnu-toolchain/bin/../lib/gcc/avr/4.8.1/avr5\libgcc.a(_dtors.o)
 .text.libgcc   0x00000000        0x0 c:/program files (x86)/atmel/atmel toolchain/avr8 gcc/native/3.4.1061/avr8-gnu-toolchain/bin/../lib/gcc/avr/4.8.1/avr5\libgcc.a(_dtors.o)
 .text.libgcc.prologue
                0x00000000        0x0 c:/program files (x86)/atmel/atmel toolchain/avr8 gcc/native/3.4.1061/avr8-gnu-toolchain/bin/../lib/gcc/avr/4.8.1/avr5\libgcc.a(_dtors.o)
 .text.libgcc.builtins
                0x00000000        0x0 c:/program files (x86)/atmel/atmel toolchain/avr8 gcc/native/3.4.1061/avr8-gnu-toolchain/bin/../lib/gcc/avr/4.8.1/avr5\libgcc.a(_dtors.o)
 .text.libgcc.fmul
                0x00000000        0x0 c:/program files (x86)/atmel/atmel toolchain/avr8 gcc/native/3.4.1061/avr8-gnu-toolchain/bin/../lib/gcc/avr/4.8.1/avr5\libgcc.a(_dtors.o)
 .text.libgcc.fixed
                0x00000000        0x0 c:/program files (x86)/atmel/atmel toolchain/avr8 gcc/native/3.4.1061/avr8-gnu-toolchain/bin/../lib/gcc/avr/4.8.1/avr5\libgcc.a(_dtors.o)
 .text          0x00000000        0x0 c:/program files (x86)/atmel/atmel toolchain/avr8 gcc/native/3.4.1061/avr8-gnu-toolchain/bin/../lib/gcc/avr/4.8.1/../../../../avr/lib/avr5\libc.a(malloc.o)
 .data          0x00000000        0x6 c:/program files (x86)/atmel/atmel toolchain/avr8 gcc/native/3.4.1061/avr8-gnu-toolchain/bin/../lib/gcc/avr/4.8.1/../../../../avr/lib/avr5\libc.a(malloc.o)
 .bss           0x00000000        0x0 c:/program files (x86)/atmel/atmel toolchain/avr8 gcc/native/3.4.1061/avr8-gnu-toolchain/bin/../lib/gcc/avr/4.8.1/../../../../avr/lib/avr5\libc.a(malloc.o)
 .text.avr-libc
                0x00000000      0x24e c:/program files (x86)/atmel/atmel toolchain/avr8 gcc/native/3.4.1061/avr8-gnu-toolchain/bin/../lib/gcc/avr/4.8.1/../../../../avr/lib/avr5\libc.a(malloc.o)
 .comment       0x00000000       0x31 c:/program files (x86)/atmel/atmel toolchain/avr8 gcc/native/3.4.1061/avr8-gnu-toolchain/bin/../lib/gcc/avr/4.8.1/../../../../avr/lib/avr5\libc.a(malloc.o)
 COMMON         0x00000000        0x4 c:/program files (x86)/atmel/atmel toolchain/avr8 gcc/native/3.4.1061/avr8-gnu-toolchain/bin/../lib/gcc/avr/4.8.1/../../../../avr/lib/avr5\libc.a(malloc.o)
 .text          0x00000000        0x0 c:/program files (x86)/atmel/atmel toolchain/avr8 gcc/native/3.4.1061/avr8-gnu-toolchain/bin/../lib/gcc/avr/4.8.1/../../../../avr/lib/avr5\libc.a(memcpy.o)
 .data          0x00000000        0x0 c:/program files (x86)/atmel/atmel toolchain/avr8 gcc/native/3.4.1061/avr8-gnu-toolchain/bin/../lib/gcc/avr/4.8.1/../../../../avr/lib/avr5\libc.a(memcpy.o)
 .bss           0x00000000        0x0 c:/program files (x86)/atmel/atmel toolchain/avr8 gcc/native/3.4.1061/avr8-gnu-toolchain/bin/../lib/gcc/avr/4.8.1/../../../../avr/lib/avr5\libc.a(memcpy.o)
 .text.avr-libc
                0x00000000       0x12 c:/program files (x86)/atmel/atmel toolchain/avr8 gcc/native/3.4.1061/avr8-gnu-toolchain/bin/../lib/gcc/avr/4.8.1/../../../../avr/lib/avr5\libc.a(memcpy.o)
 .text          0x00000000        0x0 c:/program files (x86)/atmel/atmel toolchain/avr8 gcc/native/3.4.1061/avr8-gnu-toolchain/bin/../lib/gcc/avr/4.8.1/../../../../avr/lib/avr5\libc.a(eerd_byte_atmega32u4.o)
 .data          0x00000000        0x0 c:/program files (x86)/atmel/atmel toolchain/avr8 gcc/native/3.4.1061/avr8-gnu-toolchain/bin/../lib/gcc/avr/4.8.1/../../../../avr/lib/avr5\libc.a(eerd_byte_atmega32u4.o)
 .bss           0x00000000        0x0 c:/program files (x86)/atmel/atmel toolchain/avr8 gcc/native/3.4.1061/avr8-gnu-toolchain/bin/../lib/gcc/avr/4.8.1/../../../../avr/lib/avr5\libc.a(eerd_byte_atmega32u4.o)
 .text          0x00000000        0x0 c:/program files (x86)/atmel/atmel toolchain/avr8 gcc/native/3.4.1061/avr8-gnu-toolchain/bin/../lib/gcc/avr/4.8.1/../../../../avr/lib/avr5\libc.a(eewr_byte_atmega32u4.o)
 .data          0x00000000        0x0 c:/program files (x86)/atmel/atmel toolchain/avr8 gcc/native/3.4.1061/avr8-gnu-toolchain/bin/../lib/gcc/avr/4.8.1/../../../../avr/lib/avr5\libc.a(eewr_byte_atmega32u4.o)
 .bss           0x00000000        0x0 c:/program files (x86)/atmel/atmel toolchain/avr8 gcc/native/3.4.1061/avr8-gnu-toolchain/bin/../lib/gcc/avr/4.8.1/../../../../avr/lib/avr5\libc.a(eewr_byte_atmega32u4.o)
 .text.avr-libc
                0x00000000       0x1c c:/program files (x86)/atmel/atmel toolchain/avr8 gcc/native/3.4.1061/avr8-gnu-toolchain/bin/../lib/gcc/avr/4.8.1/../../../../avr/lib/avr5\libc.a(eewr_byte_atmega32u4.o)

Memory Configuration

Name             Origin             Length             Attributes
text             0x00000000         0x00020000         xr
data             0x00800060         0x0000ffa0         rw !x
eeprom           0x00810000         0x00010000         rw !x
fuse             0x00820000         0x00000400         rw !x
lock             0x00830000         0x00000400         rw !x
signature        0x00840000         0x00000400         rw !x
user_signatures  0x00850000         0x00000400         rw !x
*default*        0x00000000         0xffffffff

Linker script and memory map

Address of section .data set to 0x800100
LOAD c:/program files (x86)/atmel/atmel toolchain/avr8 gcc/native/3.4.1061/avr8-gnu-toolchain/bin/../lib/gcc/avr/4.8.1/../../../../avr/lib/avr5/crtm32u4.o
LOAD Arduino/SoftwareSerial.o
LOAD ET/SoftEasyTransfer.o
LOAD telemetry.o
LOAD eeprom.o
LOAD main.o
LOAD power_control.o
START GROUP
LOAD c:/program files (x86)/atmel/atmel toolchain/avr8 gcc/native/3.4.1061/avr8-gnu-toolchain/bin/../lib/gcc/avr/4.8.1/../../../../avr/lib/avr5\libm.a
LOAD ..\libcore.a
END GROUP
LOAD c:/program files (x86)/atmel/atmel toolchain/avr8 gcc/native/3.4.1061/avr8-gnu-toolchain/bin/../lib/gcc/avr/4.8.1/avr5\libgcc.a
LOAD c:/program files (x86)/atmel/atmel toolchain/avr8 gcc/native/3.4.1061/avr8-gnu-toolchain/bin/../lib/gcc/avr/4.8.1/../../../../avr/lib/avr5\libm.a
START GROUP
LOAD c:/program files (x86)/atmel/atmel toolchain/avr8 gcc/native/3.4.1061/avr8-gnu-toolchain/bin/../lib/gcc/avr/4.8.1/avr5\libgcc.a
LOAD c:/program files (x86)/atmel/atmel toolchain/avr8 gcc/native/3.4.1061/avr8-gnu-toolchain/bin/../lib/gcc/avr/4.8.1/../../../../avr/lib/avr5\libm.a
LOAD c:/program files (x86)/atmel/atmel toolchain/avr8 gcc/native/3.4.1061/avr8-gnu-toolchain/bin/../lib/gcc/avr/4.8.1/../../../../avr/lib/avr5\libc.a
END GROUP

.hash
 *(.hash)

.dynsym
 *(.dynsym)

.dynstr
 *(.dynstr)

.gnu.version
 *(.gnu.version)

.gnu.version_d
 *(.gnu.version_d)

.gnu.version_r
 *(.gnu.version_r)

.rel.init
 *(.rel.init)

.rela.init
 *(.rela.init)

.rel.text
 *(.rel.text)
 *(.rel.text.*)
 *(.rel.gnu.linkonce.t*)

.rela.text
 *(.rela.text)
 *(.rela.text.*)
 *(.rela.gnu.linkonce.t*)

.rel.fini
 *(.rel.fini)

.rela.fini
 *(.rela.fini)

.rel.rodata
 *(.rel.rodata)
 *(.rel.rodata.*)
 *(.rel.gnu.linkonce.r*)

.rela.rodata
 *(.rela.rodata)
 *(.rela.rodata.*)
 *(.rela.gnu.linkonce.r*)

.rel.data
 *(.rel.data)
 *(.rel.data.*)
 *(.rel.gnu.linkonce.d*)

.rela.data
 *(.rela.data)
 *(.rela.data.*)
 *(.rela.gnu.linkonce.d*)

.rel.ctors
 *(.rel.ctors)

.rela.ctors
 *(.rela.ctors)

.rel.dtors
 *(.rel.dtors)

.rela.dtors
 *(.rela.dtors)

.rel.got
 *(.rel.got)

.rela.got
 *(.rela.got)

.rel.bss
 *(.rel.bss)

.rela.bss
 *(.rela.bss)

.rel.plt
 *(.rel.plt)

.rela.plt
 *(.rela.plt)

.text           0x00000000     0x1d80
 *(.vectors)
 .vectors       0x00000000       0xac c:/program files (x86)/atmel/atmel toolchain/avr8 gcc/native/3.4.1061/avr8-gnu-toolchain/bin/../lib/gcc/avr/4.8.1/../../../../avr/lib/avr5/crtm32u4.o
                0x00000000                __vector_default
                0x00000000                __vectors
 *(.vectors)
 *(.progmem.gcc*)
 .progmem.gcc_sw_table.turnOffPWM
                0x000000ac       0x1e ..\libcore.a(wiring_digital.c.o)
                0x000000ca                . = ALIGN (0x2)
                0x000000ca                __trampolines_start = .
 *(.trampolines)
 .trampolines   0x000000ca        0x0 linker stubs
 *(.trampolines*)
                0x000000ca                __trampolines_end = .
 *(.progmem*)
 .progmem.data.analog_pin_to_channel_PGM
                0x000000ca        0xc ..\libcore.a(wiring_digital.c.o)
                0x000000ca                analog_pin_to_channel_PGM
 .progmem.data.digital_pin_to_timer_PGM
                0x000000d6       0x1e ..\libcore.a(wiring_digital.c.o)
                0x000000d6                digital_pin_to_timer_PGM
 .progmem.data.digital_pin_to_bit_mask_PGM
                0x000000f4       0x1e ..\libcore.a(wiring_digital.c.o)
                0x000000f4                digital_pin_to_bit_mask_PGM
 .progmem.data.digital_pin_to_port_PGM
                0x00000112       0x1e ..\libcore.a(wiring_digital.c.o)
                0x00000112                digital_pin_to_port_PGM
 .progmem.data.port_to_input_PGM
                0x00000130        0xe ..\libcore.a(wiring_digital.c.o)
                0x00000130                port_to_input_PGM
 .progmem.data.port_to_output_PGM
                0x0000013e        0xe ..\libcore.a(wiring_digital.c.o)
                0x0000013e                port_to_output_PGM
 .progmem.data.port_to_mode_PGM
                0x0000014c        0xe ..\libcore.a(wiring_digital.c.o)
                0x0000014c                port_to_mode_PGM
 .progmem.data._cdcInterface
                0x0000015a       0x42 ..\libcore.a(CDC.cpp.o)
                0x0000015a                _cdcInterface
 .progmem.data._initEndpoints
                0x0000019c        0x5 ..\libcore.a(USBCore.cpp.o)
                0x0000019c                _initEndpoints
 .progmem.data.USB_DeviceDescriptorA
                0x000001a1       0x12 ..\libcore.a(USBCore.cpp.o)
                0x000001a1                USB_DeviceDescriptorA
 .progmem.data.USB_DeviceDescriptor
                0x000001b3       0x12 ..\libcore.a(USBCore.cpp.o)
                0x000001b3                USB_DeviceDescriptor
 .progmem.data.STRING_MANUFACTURER
                0x000001c5        0xc ..\libcore.a(USBCore.cpp.o)
                0x000001c5                STRING_MANUFACTURER
 .progmem.data.STRING_PRODUCT
                0x000001d1       0x11 ..\libcore.a(USBCore.cpp.o)
                0x000001d1                STRING_PRODUCT
 .progmem.data.STRING_LANGUAGE
                0x000001e2        0x4 ..\libcore.a(USBCore.cpp.o)
                0x000001e2                STRING_LANGUAGE
 .progmem.data._asciimap
                0x000001e6       0x80 ..\libcore.a(HID.cpp.o)
                0x000001e6                _asciimap
 .progmem.data._hidInterface
                0x00000266       0x19 ..\libcore.a(HID.cpp.o)
                0x00000266                _hidInterface
 .progmem.data._hidReportDescriptor
                0x0000027f       0x65 ..\libcore.a(HID.cpp.o)
                0x0000027f                _hidReportDescriptor
                0x000002e4                . = ALIGN (0x2)
 *(.jumptables)
 *(.jumptables*)
 *(.lowtext)
 *(.lowtext*)
                0x000002e4                __ctors_start = .
 *(.ctors)
 .ctors         0x000002e4        0x2 telemetry.o
 .ctors         0x000002e6        0x2 ..\libcore.a(CDC.cpp.o)
 .ctors         0x000002e8        0x2 ..\libcore.a(HID.cpp.o)
                0x000002ea                __ctors_end = .
                0x000002ea                __dtors_start = .
 *(.dtors)
 .dtors         0x000002ea        0x2 telemetry.o
                0x000002ec                __dtors_end = .
 SORT(*)(.ctors)
 SORT(*)(.dtors)
 *(.init0)
 .init0         0x000002ec        0x0 c:/program files (x86)/atmel/atmel toolchain/avr8 gcc/native/3.4.1061/avr8-gnu-toolchain/bin/../lib/gcc/avr/4.8.1/../../../../avr/lib/avr5/crtm32u4.o
                0x000002ec                __init
 *(.init0)
 *(.init1)
 *(.init1)
 *(.init2)
 .init2         0x000002ec        0xc c:/program files (x86)/atmel/atmel toolchain/avr8 gcc/native/3.4.1061/avr8-gnu-toolchain/bin/../lib/gcc/avr/4.8.1/../../../../avr/lib/avr5/crtm32u4.o
 *(.init2)
 *(.init3)
 *(.init3)
 *(.init4)
 .init4         0x000002f8       0x16 c:/program files (x86)/atmel/atmel toolchain/avr8 gcc/native/3.4.1061/avr8-gnu-toolchain/bin/../lib/gcc/avr/4.8.1/avr5\libgcc.a(_copy_data.o)
                0x000002f8                __do_copy_data
 .init4         0x0000030e       0x10 c:/program files (x86)/atmel/atmel toolchain/avr8 gcc/native/3.4.1061/avr8-gnu-toolchain/bin/../lib/gcc/avr/4.8.1/avr5\libgcc.a(_clear_bss.o)
                0x0000030e                __do_clear_bss
 *(.init4)
 *(.init5)
 *(.init5)
 *(.init6)
 .init6         0x0000031e       0x16 c:/program files (x86)/atmel/atmel toolchain/avr8 gcc/native/3.4.1061/avr8-gnu-toolchain/bin/../lib/gcc/avr/4.8.1/avr5\libgcc.a(_ctors.o)
                0x0000031e                __do_global_ctors
 *(.init6)
 *(.init7)
 *(.init7)
 *(.init8)
 *(.init8)
 *(.init9)
 .init9         0x00000334        0x8 c:/program files (x86)/atmel/atmel toolchain/avr8 gcc/native/3.4.1061/avr8-gnu-toolchain/bin/../lib/gcc/avr/4.8.1/../../../../avr/lib/avr5/crtm32u4.o
 *(.init9)
 *(.text)
 .text          0x0000033c        0x4 c:/program files (x86)/atmel/atmel toolchain/avr8 gcc/native/3.4.1061/avr8-gnu-toolchain/bin/../lib/gcc/avr/4.8.1/../../../../avr/lib/avr5/crtm32u4.o
                0x0000033c                __vector_38
                0x0000033c                __vector_22
                0x0000033c                __vector_28
                0x0000033c                __vector_1
                0x0000033c                __vector_32
                0x0000033c                __vector_34
                0x0000033c                __vector_24
                0x0000033c                __vector_12
                0x0000033c                __bad_interrupt
                0x0000033c                __vector_6
                0x0000033c                __vector_31
                0x0000033c                __vector_35
                0x0000033c                __vector_39
                0x0000033c                __vector_3
                0x0000033c                __vector_30
                0x0000033c                __vector_25
                0x0000033c                __vector_13
                0x0000033c                __vector_17
                0x0000033c                __vector_19
                0x0000033c                __vector_7
                0x0000033c                __vector_41
                0x0000033c                __vector_27
                0x0000033c                __vector_5
                0x0000033c                __vector_33
                0x0000033c                __vector_37
                0x0000033c                __vector_4
                0x0000033c                __vector_2
                0x0000033c                __vector_21
                0x0000033c                __vector_15
                0x0000033c                __vector_36
                0x0000033c                __vector_29
                0x0000033c                __vector_40
                0x0000033c                __vector_8
                0x0000033c                __vector_26
                0x0000033c                __vector_14
                0x0000033c                __vector_16
                0x0000033c                __vector_18
                0x0000033c                __vector_20
                0x0000033c                __vector_42
                0x00000340                . = ALIGN (0x2)
 *(.text.*)
 .text._ZN14SoftwareSerial4readEv
                0x00000340       0x48 Arduino/SoftwareSerial.o
                0x00000340                _ZN14SoftwareSerial4readEv
 .text._ZN14SoftwareSerial9availableEv
                0x00000388       0x40 Arduino/SoftwareSerial.o
                0x00000388                _ZN14SoftwareSerial9availableEv
 .text._ZN14SoftwareSerial5writeEh
                0x000003c8       0x9a Arduino/SoftwareSerial.o
                0x000003c8                _ZN14SoftwareSerial5writeEh
 .text._ZN14SoftwareSerial5flushEv
                0x00000462       0x1e Arduino/SoftwareSerial.o
                0x00000462                _ZN14SoftwareSerial5flushEv
 .text._ZN14SoftwareSerial4peekEv
                0x00000480       0x36 Arduino/SoftwareSerial.o
                0x00000480                _ZN14SoftwareSerial4peekEv
 .text._ZN14SoftwareSerial13stopListeningEv
                0x000004b6       0x2c Arduino/SoftwareSerial.o
                0x000004b6                _ZN14SoftwareSerial13stopListeningEv
 .text.__vector_9
                0x000004e2      0x108 Arduino/SoftwareSerial.o
                0x000004e2                __vector_9
 .text._ZN14SoftwareSerialD2Ev
                0x000005ea       0x10 Arduino/SoftwareSerial.o
                0x000005ea                _ZN14SoftwareSerialD1Ev
                0x000005ea                _ZN14SoftwareSerialD2Ev
 .text._ZN14SoftwareSerial5setTXEh
                0x000005fa       0x52 Arduino/SoftwareSerial.o
                0x000005fa                _ZN14SoftwareSerial5setTXEh
 .text._ZN14SoftwareSerial5setRXEh
                0x0000064c       0x52 Arduino/SoftwareSerial.o
                0x0000064c                _ZN14SoftwareSerial5setRXEh
 .text._ZN14SoftwareSerialC2Ehhb
                0x0000069e       0x62 Arduino/SoftwareSerial.o
                0x0000069e                _ZN14SoftwareSerialC1Ehhb
                0x0000069e                _ZN14SoftwareSerialC2Ehhb
 .text._GLOBAL__sub_I_int8Transfer
                0x00000700       0x10 telemetry.o
 .text._GLOBAL__sub_D_int8Transfer
                0x00000710        0xa telemetry.o
 .text._Z22readMotorConfigurationj
                0x0000071a       0x4c eeprom.o
                0x0000071a                _Z22readMotorConfigurationj
 .text.initVariant
                0x00000766        0x2 main.o
                0x00000766                initVariant
 .text.setup    0x00000768       0x32 main.o
                0x00000768                setup
 .text.loop     0x0000079a       0xa6 main.o
                0x0000079a                loop
 .text.main     0x00000840       0x30 main.o
                0x00000840                main
 .text._Z17readMotorCurrentsv
                0x00000870      0x11c power_control.o
                0x00000870                _Z17readMotorCurrentsv
 .text._Z15turnOnAllMotorsv
                0x0000098c       0x2a power_control.o
                0x0000098c                _Z15turnOnAllMotorsv
 .text._Z25initializeMotorControllerv
                0x000009b6      0x104 power_control.o
                0x000009b6                _Z25initializeMotorControllerv
 .text._Z21initializePowerBussesv
                0x00000aba        0xe power_control.o
                0x00000aba                _Z21initializePowerBussesv
 .text.avr-libc.fplib
                0x00000ac8        0x4 c:/program files (x86)/atmel/atmel toolchain/avr8 gcc/native/3.4.1061/avr8-gnu-toolchain/bin/../lib/gcc/avr/4.8.1/../../../../avr/lib/avr5\libm.a(divsf3.o)
                0x00000ac8                __divsf3
 .text.avr-libc.fplib
                0x00000acc       0xcc c:/program files (x86)/atmel/atmel toolchain/avr8 gcc/native/3.4.1061/avr8-gnu-toolchain/bin/../lib/gcc/avr/4.8.1/../../../../avr/lib/avr5\libm.a(divsf3x.o)
                0x00000ae2                __divsf3x
                0x00000ae6                __divsf3_pse
 .text.avr-libc.fplib
                0x00000b98       0x7a c:/program files (x86)/atmel/atmel toolchain/avr8 gcc/native/3.4.1061/avr8-gnu-toolchain/bin/../lib/gcc/avr/4.8.1/../../../../avr/lib/avr5\libm.a(floatsisf.o)
                0x00000b98                __floatunsisf
                0x00000b9c                __floatsisf
 .text.avr-libc.fplib
                0x00000c12        0xc c:/program files (x86)/atmel/atmel toolchain/avr8 gcc/native/3.4.1061/avr8-gnu-toolchain/bin/../lib/gcc/avr/4.8.1/../../../../avr/lib/avr5\libm.a(fp_inf.o)
                0x00000c12                __fp_inf
 .text.avr-libc.fplib
                0x00000c1e        0x6 c:/program files (x86)/atmel/atmel toolchain/avr8 gcc/native/3.4.1061/avr8-gnu-toolchain/bin/../lib/gcc/avr/4.8.1/../../../../avr/lib/avr5\libm.a(fp_nan.o)
                0x00000c1e                __fp_nan
 .text.avr-libc.fplib
                0x00000c24        0xe c:/program files (x86)/atmel/atmel toolchain/avr8 gcc/native/3.4.1061/avr8-gnu-toolchain/bin/../lib/gcc/avr/4.8.1/../../../../avr/lib/avr5\libm.a(fp_pscA.o)
                0x00000c24                __fp_pscA
 .text.avr-libc.fplib
                0x00000c32        0xe c:/program files (x86)/atmel/atmel toolchain/avr8 gcc/native/3.4.1061/avr8-gnu-toolchain/bin/../lib/gcc/avr/4.8.1/../../../../avr/lib/avr5\libm.a(fp_pscB.o)
                0x00000c32                __fp_pscB
 .text.avr-libc.fplib
                0x00000c40       0x22 c:/program files (x86)/atmel/atmel toolchain/avr8 gcc/native/3.4.1061/avr8-gnu-toolchain/bin/../lib/gcc/avr/4.8.1/../../../../avr/lib/avr5\libm.a(fp_round.o)
                0x00000c40                __fp_round
 .text.avr-libc.fplib
                0x00000c62       0x44 c:/program files (x86)/atmel/atmel toolchain/avr8 gcc/native/3.4.1061/avr8-gnu-toolchain/bin/../lib/gcc/avr/4.8.1/../../../../avr/lib/avr5\libm.a(fp_split3.o)
                0x00000c62                __fp_split3
                0x00000c72                __fp_splitA
 .text.avr-libc.fplib
                0x00000ca6        0xe c:/program files (x86)/atmel/atmel toolchain/avr8 gcc/native/3.4.1061/avr8-gnu-toolchain/bin/../lib/gcc/avr/4.8.1/../../../../avr/lib/avr5\libm.a(fp_zero.o)
                0x00000ca6                __fp_zero
                0x00000ca8                __fp_szero
 .text.avr-libc.fplib
                0x00000cb4        0x8 c:/program files (x86)/atmel/atmel toolchain/avr8 gcc/native/3.4.1061/avr8-gnu-toolchain/bin/../lib/gcc/avr/4.8.1/../../../../avr/lib/avr5\libm.a(gesf2.o)
                0x00000cb4                __gesf2
                0x00000cb4                __gtsf2
 .text.avr-libc.fplib
                0x00000cbc        0x4 c:/program files (x86)/atmel/atmel toolchain/avr8 gcc/native/3.4.1061/avr8-gnu-toolchain/bin/../lib/gcc/avr/4.8.1/../../../../avr/lib/avr5\libm.a(mulsf3.o)
                0x00000cbc                __mulsf3
 .text.avr-libc.fplib
                0x00000cc0       0xc2 c:/program files (x86)/atmel/atmel toolchain/avr8 gcc/native/3.4.1061/avr8-gnu-toolchain/bin/../lib/gcc/avr/4.8.1/../../../../avr/lib/avr5\libm.a(mulsf3x.o)
                0x00000cd4                __mulsf3x
                0x00000cd8                __mulsf3_pse
 .text.avr-libc.fplib
                0x00000d82       0x48 c:/program files (x86)/atmel/atmel toolchain/avr8 gcc/native/3.4.1061/avr8-gnu-toolchain/bin/../lib/gcc/avr/4.8.1/../../../../avr/lib/avr5\libm.a(fp_cmp.o)
                0x00000d82                __fp_cmp
 .text.__vector_23
                0x00000dca       0x94 ..\libcore.a(wiring.c.o)
                0x00000dca                __vector_23
 .text.millis   0x00000e5e       0x18 ..\libcore.a(wiring.c.o)
                0x00000e5e                millis
 .text.micros   0x00000e76       0x46 ..\libcore.a(wiring.c.o)
                0x00000e76                micros
 .text.delay    0x00000ebc       0x50 ..\libcore.a(wiring.c.o)
                0x00000ebc                delay
 .text.init     0x00000f0c       0xac ..\libcore.a(wiring.c.o)
                0x00000f0c                init
 .text.analogRead
                0x00000fb8       0x62 ..\libcore.a(wiring_analog.c.o)
                0x00000fb8                analogRead
 .text.turnOffPWM
                0x0000101a       0x7a ..\libcore.a(wiring_digital.c.o)
 .text.pinMode  0x00001094       0x72 ..\libcore.a(wiring_digital.c.o)
                0x00001094                pinMode
 .text.digitalWrite
                0x00001106       0x6c ..\libcore.a(wiring_digital.c.o)
                0x00001106                digitalWrite
 .text._ZN7Serial_5writeEh
                0x00001172       0x2c ..\libcore.a(CDC.cpp.o)
                0x00001172                _ZN7Serial_5writeEh
 .text._ZN7Serial_4peekEv
                0x0000119e       0x22 ..\libcore.a(CDC.cpp.o)
                0x0000119e                _ZN7Serial_4peekEv
 .text._ZN7Serial_5flushEv
                0x000011c0        0x6 ..\libcore.a(CDC.cpp.o)
                0x000011c0                _ZN7Serial_5flushEv
 .text._ZN7Serial_9availableEv
                0x000011c6       0x20 ..\libcore.a(CDC.cpp.o)
                0x000011c6                _ZN7Serial_9availableEv
 .text._ZN7Serial_4readEv
                0x000011e6       0x1a ..\libcore.a(CDC.cpp.o)
                0x000011e6                _ZN7Serial_4readEv
 .text._ZN7Serial_5writeEPKhj
                0x00001200       0x2c ..\libcore.a(CDC.cpp.o)
                0x00001200                _ZN7Serial_5writeEPKhj
 .text._Z16CDC_GetInterfacePh
                0x0000122c       0x16 ..\libcore.a(CDC.cpp.o)
                0x0000122c                _Z16CDC_GetInterfacePh
 .text._Z9CDC_SetupR5Setup
                0x00001242       0xae ..\libcore.a(CDC.cpp.o)
                0x00001242                _Z9CDC_SetupR5Setup
 .text.startup._GLOBAL__sub_I__cdcInterface
                0x000012f0       0x3a ..\libcore.a(CDC.cpp.o)
 .text._ZN5Print5writeEPKhj
                0x0000132a       0x50 ..\libcore.a(Print.cpp.o)
                0x0000132a                _ZN5Print5writeEPKhj
 .text._ZL11SendControlh
                0x0000137a       0x5c ..\libcore.a(USBCore.cpp.o)
 .text._ZL24USB_SendStringDescriptorPKhh
                0x000013d6       0x6c ..\libcore.a(USBCore.cpp.o)
 .text._Z4RecvPVhh
                0x00001442       0x1a ..\libcore.a(USBCore.cpp.o)
                0x00001442                _Z4RecvPVhh
 .text._ZN6LockEPC2Eh
                0x0000145c       0x10 ..\libcore.a(USBCore.cpp.o)
                0x0000145c                _ZN6LockEPC2Eh
                0x0000145c                _ZN6LockEPC1Eh
 .text._Z13USB_Availableh
                0x0000146c       0x24 ..\libcore.a(USBCore.cpp.o)
                0x0000146c                _Z13USB_Availableh
 .text._Z8USB_RecvhPvi
                0x00001490       0x8c ..\libcore.a(USBCore.cpp.o)
                0x00001490                _Z8USB_RecvhPvi
 .text._Z8USB_Recvh
                0x0000151c       0x2e ..\libcore.a(USBCore.cpp.o)
                0x0000151c                _Z8USB_Recvh
 .text._Z13USB_SendSpaceh
                0x0000154a       0x34 ..\libcore.a(USBCore.cpp.o)
                0x0000154a                _Z13USB_SendSpaceh
 .text._Z8USB_SendhPKvi
                0x0000157e      0x120 ..\libcore.a(USBCore.cpp.o)
                0x0000157e                _Z8USB_SendhPKvi
 .text._Z11InitControli
                0x0000169e       0x16 ..\libcore.a(USBCore.cpp.o)
                0x0000169e                _Z11InitControli
 .text._Z15USB_SendControlhPKvi
                0x000016b4       0x62 ..\libcore.a(USBCore.cpp.o)
                0x000016b4                _Z15USB_SendControlhPKvi
 .text._Z15USB_RecvControlPvi
                0x00001716       0x34 ..\libcore.a(USBCore.cpp.o)
                0x00001716                _Z15USB_RecvControlPvi
 .text._Z14SendInterfacesv
                0x0000174a       0x28 ..\libcore.a(USBCore.cpp.o)
                0x0000174a                _Z14SendInterfacesv
 .text.__vector_11
                0x00001772      0x254 ..\libcore.a(USBCore.cpp.o)
                0x00001772                __vector_11
 .text._Z9USB_Flushh
                0x000019c6       0x14 ..\libcore.a(USBCore.cpp.o)
                0x000019c6                _Z9USB_Flushh
 .text.__vector_10
                0x000019da       0xac ..\libcore.a(USBCore.cpp.o)
                0x000019da                __vector_10
 .text._ZN10USBDevice_6attachEv
                0x00001a86       0x3c ..\libcore.a(USBCore.cpp.o)
                0x00001a86                _ZN10USBDevice_6attachEv
 .text.__empty  0x00001ac2        0x2 ..\libcore.a(hooks.c.o)
                0x00001ac2                yield
 .text._ZN9Keyboard_5writeEh
                0x00001ac4       0x3c ..\libcore.a(HID.cpp.o)
                0x00001ac4                _ZN9Keyboard_5writeEh
 .text._Z16HID_GetInterfacePh
                0x00001b00       0x16 ..\libcore.a(HID.cpp.o)
                0x00001b00                _Z16HID_GetInterfacePh
 .text._Z17HID_GetDescriptori
                0x00001b16        0xe ..\libcore.a(HID.cpp.o)
                0x00001b16                _Z17HID_GetDescriptori
 .text._Z14HID_SendReporthPKvi
                0x00001b24       0x42 ..\libcore.a(HID.cpp.o)
                0x00001b24                _Z14HID_SendReporthPKvi
 .text._Z9HID_SetupR5Setup
                0x00001b66       0x3a ..\libcore.a(HID.cpp.o)
                0x00001b66                _Z9HID_SetupR5Setup
 .text._ZN9Keyboard_10sendReportEP9KeyReport
                0x00001ba0        0xa ..\libcore.a(HID.cpp.o)
                0x00001ba0                _ZN9Keyboard_10sendReportEP9KeyReport
 .text._ZN9Keyboard_5pressEh
                0x00001baa       0xdc ..\libcore.a(HID.cpp.o)
                0x00001baa                _ZN9Keyboard_5pressEh
 .text._ZN9Keyboard_7releaseEh
                0x00001c86       0x90 ..\libcore.a(HID.cpp.o)
                0x00001c86                _ZN9Keyboard_7releaseEh
 .text._ZN9Keyboard_10releaseAllEv
                0x00001d16       0x1a ..\libcore.a(HID.cpp.o)
                0x00001d16                _ZN9Keyboard_10releaseAllEv
 .text.startup._GLOBAL__sub_I_Mouse
                0x00001d30       0x1a ..\libcore.a(HID.cpp.o)
 .text.libgcc   0x00001d4a        0xc c:/program files (x86)/atmel/atmel toolchain/avr8 gcc/native/3.4.1061/avr8-gnu-toolchain/bin/../lib/gcc/avr/4.8.1/avr5\libgcc.a(_tablejump.o)
                0x00001d4a                __tablejump2__
                0x00001d4e                __tablejump__
 .text.avr-libc
                0x00001d56       0x10 c:/program files (x86)/atmel/atmel toolchain/avr8 gcc/native/3.4.1061/avr8-gnu-toolchain/bin/../lib/gcc/avr/4.8.1/../../../../avr/lib/avr5\libc.a(eerd_byte_atmega32u4.o)
                0x00001d56                __eerd_byte_m32u4
                0x00001d66                . = ALIGN (0x2)
 *(.fini9)
 .fini9         0x00001d66        0x0 c:/program files (x86)/atmel/atmel toolchain/avr8 gcc/native/3.4.1061/avr8-gnu-toolchain/bin/../lib/gcc/avr/4.8.1/avr5\libgcc.a(_exit.o)
                0x00001d66                _exit
                0x00001d66                exit
 *(.fini9)
 *(.fini8)
 *(.fini8)
 *(.fini7)
 *(.fini7)
 *(.fini6)
 .fini6         0x00001d66       0x16 c:/program files (x86)/atmel/atmel toolchain/avr8 gcc/native/3.4.1061/avr8-gnu-toolchain/bin/../lib/gcc/avr/4.8.1/avr5\libgcc.a(_dtors.o)
                0x00001d66                __do_global_dtors
 *(.fini6)
 *(.fini5)
 *(.fini5)
 *(.fini4)
 *(.fini4)
 *(.fini3)
 *(.fini3)
 *(.fini2)
 *(.fini2)
 *(.fini1)
 *(.fini1)
 *(.fini0)
 .fini0         0x00001d7c        0x4 c:/program files (x86)/atmel/atmel toolchain/avr8 gcc/native/3.4.1061/avr8-gnu-toolchain/bin/../lib/gcc/avr/4.8.1/avr5\libgcc.a(_exit.o)
 *(.fini0)
                0x00001d80                _etext = .

.data           0x00800100       0x56 load address 0x00001d80
                0x00800100                PROVIDE (__data_start, .)
 *(.data)
 *(.data*)
 .data.analog_reference
                0x00800100        0x1 ..\libcore.a(wiring_analog.c.o)
                0x00800100                analog_reference
 .data._ZL12_usbLineInfo
                0x00800101        0x8 ..\libcore.a(CDC.cpp.o)
 .data._hid_idle
                0x00800109        0x1 ..\libcore.a(HID.cpp.o)
                0x00800109                _hid_idle
 .data._hid_protocol
                0x0080010a        0x1 ..\libcore.a(HID.cpp.o)
                0x0080010a                _hid_protocol
 *(.rodata)
 *(.rodata*)
 .rodata._ZTV14SoftwareSerial
                0x0080010b       0x10 Arduino/SoftwareSerial.o
                0x0080010b                _ZTV14SoftwareSerial
 .rodata._ZL14MOTOR_READ_PIN
                0x0080011b        0x7 power_control.o
 .rodata._ZL16MOTOR_SIGNAL_PIN
                0x00800122        0x7 power_control.o
 .rodata._ZL17MOTOR_SIGNAL_PORT
                0x00800129        0xe power_control.o
 .rodata._ZTV7Serial_
                0x00800137       0x10 ..\libcore.a(CDC.cpp.o)
                0x00800137                _ZTV7Serial_
 .rodata._ZTV9Keyboard_
                0x00800147        0xe ..\libcore.a(HID.cpp.o)
                0x00800147                _ZTV9Keyboard_
 *(.gnu.linkonce.d*)
                0x00800156                . = ALIGN (0x2)
 *fill*         0x00800155        0x1 
                0x00800156                _edata = .
                0x00800156                PROVIDE (__data_end, .)

.bss            0x00800156      0x113
                0x00800156                PROVIDE (__bss_start, .)
 *(.bss)
 *(.bss*)
 .bss._ZN14SoftwareSerial20_receive_buffer_headE
                0x00800156        0x1 Arduino/SoftwareSerial.o
                0x00800156                _ZN14SoftwareSerial20_receive_buffer_headE
 .bss._ZN14SoftwareSerial20_receive_buffer_tailE
                0x00800157        0x1 Arduino/SoftwareSerial.o
                0x00800157                _ZN14SoftwareSerial20_receive_buffer_tailE
 .bss._ZN14SoftwareSerial15_receive_bufferE
                0x00800158       0x40 Arduino/SoftwareSerial.o
                0x00800158                _ZN14SoftwareSerial15_receive_bufferE
 .bss._ZN14SoftwareSerial13active_objectE
                0x00800198        0x2 Arduino/SoftwareSerial.o
                0x00800198                _ZN14SoftwareSerial13active_objectE
 .bss.mySerial  0x0080019a       0x1f telemetry.o
                0x0080019a                mySerial
 .bss.nextTelemUpdate
                0x008001b9        0x4 main.o
                0x008001b9                nextTelemUpdate
 .bss.nextPowerReading
                0x008001bd        0x4 main.o
                0x008001bd                nextPowerReading
 .bss.time      0x008001c1        0x4 main.o
                0x008001c1                time
 .bss.motorZeroValue
                0x008001c5        0xe power_control.o
                0x008001c5                motorZeroValue
 .bss.numOverCurrentReads
                0x008001d3        0x7 power_control.o
                0x008001d3                numOverCurrentReads
 .bss.motorVoltageValues
                0x008001da       0x1c power_control.o
                0x008001da                motorVoltageValues
 .bss.motorSingalPorts
                0x008001f6        0x4 power_control.o
                0x008001f6                motorSingalPorts
 .bss.timer0_fract
                0x008001fa        0x1 ..\libcore.a(wiring.c.o)
 .bss.timer0_millis
                0x008001fb        0x4 ..\libcore.a(wiring.c.o)
                0x008001fb                timer0_millis
 .bss.timer0_overflow_count
                0x008001ff        0x4 ..\libcore.a(wiring.c.o)
                0x008001ff                timer0_overflow_count
 .bss.Serial    0x00800203       0x50 ..\libcore.a(CDC.cpp.o)
                0x00800203                Serial
 .bss.USBDevice
                0x00800253        0x1 ..\libcore.a(USBCore.cpp.o)
                0x00800253                USBDevice
 .bss._cdcComposite
                0x00800254        0x1 ..\libcore.a(USBCore.cpp.o)
                0x00800254                _cdcComposite
 .bss._cend     0x00800255        0x2 ..\libcore.a(USBCore.cpp.o)
                0x00800255                _cend
 .bss._cmark    0x00800257        0x2 ..\libcore.a(USBCore.cpp.o)
                0x00800257                _cmark
 .bss._usbConfiguration
                0x00800259        0x1 ..\libcore.a(USBCore.cpp.o)
                0x00800259                _usbConfiguration
 .bss.RxLEDPulse
                0x0080025a        0x1 ..\libcore.a(USBCore.cpp.o)
                0x0080025a                RxLEDPulse
 .bss.TxLEDPulse
                0x0080025b        0x1 ..\libcore.a(USBCore.cpp.o)
                0x0080025b                TxLEDPulse
 .bss.Keyboard  0x0080025c        0xc ..\libcore.a(HID.cpp.o)
                0x0080025c                Keyboard
 .bss.Mouse     0x00800268        0x1 ..\libcore.a(HID.cpp.o)
                0x00800268                Mouse
 *(COMMON)
                0x00800269                PROVIDE (__bss_end, .)
                0x00001d80                __data_load_start = LOADADDR (.data)
                0x00001dd6                __data_load_end = (__data_load_start + SIZEOF (.data))

.noinit         0x00800269        0x0
                0x00800269                PROVIDE (__noinit_start, .)
 *(.noinit*)
                0x00800269                PROVIDE (__noinit_end, .)
                0x00800269                _end = .
                0x00800269                PROVIDE (__heap_start, .)

.eeprom         0x00810000        0x0
 *(.eeprom*)
                0x00810000                __eeprom_end = .

.fuse
 *(.fuse)
 *(.lfuse)
 *(.hfuse)
 *(.efuse)

.lock
 *(.lock*)

.signature
 *(.signature*)

.user_signatures
 *(.user_signatures*)

.stab
 *(.stab)

.stabstr
 *(.stabstr)

.stab.excl
 *(.stab.excl)

.stab.exclstr
 *(.stab.exclstr)

.stab.index
 *(.stab.index)

.stab.indexstr
 *(.stab.indexstr)

.comment        0x00000000       0x41
 *(.comment)
 .comment       0x00000000       0x30 Arduino/SoftwareSerial.o
                                 0x31 (size before relaxing)
 .comment       0x00000000       0x31 telemetry.o
 .comment       0x00000000       0x31 eeprom.o
 .comment       0x00000000       0x31 main.o
 .comment       0x00000000       0x31 power_control.o
 .comment       0x00000030       0x11 ..\libcore.a(wiring.c.o)
                                 0x12 (size before relaxing)
 .comment       0x00000000       0x12 ..\libcore.a(wiring_analog.c.o)
 .comment       0x00000000       0x12 ..\libcore.a(wiring_digital.c.o)
 .comment       0x00000000       0x12 ..\libcore.a(CDC.cpp.o)
 .comment       0x00000000       0x12 ..\libcore.a(Print.cpp.o)
 .comment       0x00000000       0x12 ..\libcore.a(USBCore.cpp.o)
 .comment       0x00000000       0x12 ..\libcore.a(hooks.c.o)
 .comment       0x00000000       0x12 ..\libcore.a(HID.cpp.o)

.note.gnu.build-id
 *(.note.gnu.build-id)

.debug
 *(.debug)

.line
 *(.line)

.debug_srcinfo
 *(.debug_srcinfo)

.debug_sfnames
 *(.debug_sfnames)

.debug_aranges  0x00000000      0x558
 *(.debug_aranges)
 .debug_aranges
                0x00000000       0xa8 Arduino/SoftwareSerial.o
 .debug_aranges
                0x000000a8       0x30 telemetry.o
 .debug_aranges
                0x000000d8       0x28 eeprom.o
 .debug_aranges
                0x00000100       0x40 main.o
 .debug_aranges
                0x00000140       0x40 power_control.o
 .debug_aranges
                0x00000180       0x48 ..\libcore.a(wiring.c.o)
 .debug_aranges
                0x000001c8       0x30 ..\libcore.a(wiring_analog.c.o)
 .debug_aranges
                0x000001f8       0x38 ..\libcore.a(wiring_digital.c.o)
 .debug_aranges
                0x00000230       0x80 ..\libcore.a(CDC.cpp.o)
 .debug_aranges
                0x000002b0       0xf0 ..\libcore.a(Print.cpp.o)
 .debug_aranges
                0x000003a0       0xd0 ..\libcore.a(USBCore.cpp.o)
 .debug_aranges
                0x00000470       0x20 ..\libcore.a(hooks.c.o)
 .debug_aranges
                0x00000490       0xc8 ..\libcore.a(HID.cpp.o)

.debug_pubnames
 *(.debug_pubnames)

.debug_info     0x00000000     0xc726
 *(.debug_info .gnu.linkonce.wi.*)
 .debug_info    0x00000000     0x2600 Arduino/SoftwareSerial.o
 .debug_info    0x00002600      0x53d telemetry.o
 .debug_info    0x00002b3d      0xe93 eeprom.o
 .debug_info    0x000039d0      0x597 main.o
 .debug_info    0x00003f67      0xb5a power_control.o
 .debug_info    0x00004ac1      0x2e9 ..\libcore.a(wiring.c.o)
 .debug_info    0x00004daa      0x2e2 ..\libcore.a(wiring_analog.c.o)
 .debug_info    0x0000508c      0x61e ..\libcore.a(wiring_digital.c.o)
 .debug_info    0x000056aa     0x2124 ..\libcore.a(CDC.cpp.o)
 .debug_info    0x000077ce     0x26bf ..\libcore.a(Print.cpp.o)
 .debug_info    0x00009e8d     0x16ae ..\libcore.a(USBCore.cpp.o)
 .debug_info    0x0000b53b       0x3a ..\libcore.a(hooks.c.o)
 .debug_info    0x0000b575     0x11b1 ..\libcore.a(HID.cpp.o)

.debug_abbrev   0x00000000     0x2802
 *(.debug_abbrev)
 .debug_abbrev  0x00000000      0x5a8 Arduino/SoftwareSerial.o
 .debug_abbrev  0x000005a8      0x22a telemetry.o
 .debug_abbrev  0x000007d2      0x2fe eeprom.o
 .debug_abbrev  0x00000ad0      0x252 main.o
 .debug_abbrev  0x00000d22      0x306 power_control.o
 .debug_abbrev  0x00001028      0x143 ..\libcore.a(wiring.c.o)
 .debug_abbrev  0x0000116b      0x18d ..\libcore.a(wiring_analog.c.o)
 .debug_abbrev  0x000012f8      0x161 ..\libcore.a(wiring_digital.c.o)
 .debug_abbrev  0x00001459      0x4c5 ..\libcore.a(CDC.cpp.o)
 .debug_abbrev  0x0000191e      0x425 ..\libcore.a(Print.cpp.o)
 .debug_abbrev  0x00001d43      0x552 ..\libcore.a(USBCore.cpp.o)
 .debug_abbrev  0x00002295       0x28 ..\libcore.a(hooks.c.o)
 .debug_abbrev  0x000022bd      0x545 ..\libcore.a(HID.cpp.o)

.debug_line     0x00000000     0x214d
 *(.debug_line .debug_line.* .debug_line_end)
 .debug_line    0x00000000      0x54d Arduino/SoftwareSerial.o
 .debug_line    0x0000054d      0x181 telemetry.o
 .debug_line    0x000006ce      0x207 eeprom.o
 .debug_line    0x000008d5      0x1ff main.o
 .debug_line    0x00000ad4      0x20c power_control.o
 .debug_line    0x00000ce0      0x1b9 ..\libcore.a(wiring.c.o)
 .debug_line    0x00000e99      0x189 ..\libcore.a(wiring_analog.c.o)
 .debug_line    0x00001022      0x181 ..\libcore.a(wiring_digital.c.o)
 .debug_line    0x000011a3      0x2cb ..\libcore.a(CDC.cpp.o)
 .debug_line    0x0000146e      0x424 ..\libcore.a(Print.cpp.o)
 .debug_line    0x00001892      0x4c9 ..\libcore.a(USBCore.cpp.o)
 .debug_line    0x00001d5b       0x76 ..\libcore.a(hooks.c.o)
 .debug_line    0x00001dd1      0x37c ..\libcore.a(HID.cpp.o)

.debug_frame    0x00000000     0x1008
 *(.debug_frame)
 .debug_frame   0x00000000      0x1ec Arduino/SoftwareSerial.o
 .debug_frame   0x000001ec       0x6c telemetry.o
 .debug_frame   0x00000258       0x9c eeprom.o
 .debug_frame   0x000002f4       0x70 main.o
 .debug_frame   0x00000364       0xe4 power_control.o
 .debug_frame   0x00000448       0xbc ..\libcore.a(wiring.c.o)
 .debug_frame   0x00000504       0x54 ..\libcore.a(wiring_analog.c.o)
 .debug_frame   0x00000558       0x88 ..\libcore.a(wiring_digital.c.o)
 .debug_frame   0x000005e0      0x114 ..\libcore.a(CDC.cpp.o)
 .debug_frame   0x000006f4      0x3b8 ..\libcore.a(Print.cpp.o)
 .debug_frame   0x00000aac      0x35c ..\libcore.a(USBCore.cpp.o)
 .debug_frame   0x00000e08       0x24 ..\libcore.a(hooks.c.o)
 .debug_frame   0x00000e2c      0x1dc ..\libcore.a(HID.cpp.o)

.debug_str      0x00000000     0x2f74
 *(.debug_str)
 .debug_str     0x00000000     0x1356 Arduino/SoftwareSerial.o
                               0x1425 (size before relaxing)
 .debug_str     0x00001356      0x20c telemetry.o
                                0x414 (size before relaxing)
 .debug_str     0x00001562      0x414 eeprom.o
                                0x635 (size before relaxing)
 .debug_str     0x00001976      0x21a main.o
                                0x425 (size before relaxing)
 .debug_str     0x00001b90       0xcf power_control.o
                                0x706 (size before relaxing)
 .debug_str     0x00001c5f       0xf5 ..\libcore.a(wiring.c.o)
                                0x196 (size before relaxing)
 .debug_str     0x00001d54       0xbc ..\libcore.a(wiring_analog.c.o)
                                0x1bd (size before relaxing)
 .debug_str     0x00001e10       0x81 ..\libcore.a(wiring_digital.c.o)
                                0x21e (size before relaxing)
 .debug_str     0x00001e91      0x550 ..\libcore.a(CDC.cpp.o)
                               0x134a (size before relaxing)
 .debug_str     0x000023e1      0x35f ..\libcore.a(Print.cpp.o)
                                0xddf (size before relaxing)
 .debug_str     0x00002740      0x4c9 ..\libcore.a(USBCore.cpp.o)
                                0x8bf (size before relaxing)
 .debug_str     0x00002c09       0x52 ..\libcore.a(hooks.c.o)
                                 0x9a (size before relaxing)
 .debug_str     0x00002c5b      0x319 ..\libcore.a(HID.cpp.o)
                                0x72d (size before relaxing)

.debug_loc      0x00000000     0x661f
 *(.debug_loc)
 .debug_loc     0x00000000     0x10a5 Arduino/SoftwareSerial.o
 .debug_loc     0x000010a5       0x91 telemetry.o
 .debug_loc     0x00001136      0xa8c eeprom.o
 .debug_loc     0x00001bc2       0x7f main.o
 .debug_loc     0x00001c41      0x2e2 power_control.o
 .debug_loc     0x00001f23      0x22b ..\libcore.a(wiring.c.o)
 .debug_loc     0x0000214e      0x15d ..\libcore.a(wiring_analog.c.o)
 .debug_loc     0x000022ab      0x680 ..\libcore.a(wiring_digital.c.o)
 .debug_loc     0x0000292b      0x50e ..\libcore.a(CDC.cpp.o)
 .debug_loc     0x00002e39     0x1eed ..\libcore.a(Print.cpp.o)
 .debug_loc     0x00004d26      0xffa ..\libcore.a(USBCore.cpp.o)
 .debug_loc     0x00005d20      0x8ff ..\libcore.a(HID.cpp.o)

.debug_macinfo
 *(.debug_macinfo)

.debug_weaknames
 *(.debug_weaknames)

.debug_funcnames
 *(.debug_funcnames)

.debug_typenames
 *(.debug_typenames)

.debug_varnames
 *(.debug_varnames)

.debug_pubtypes
 *(.debug_pubtypes)

.debug_ranges   0x00000000      0x6b0
 *(.debug_ranges)
 .debug_ranges  0x00000000      0x128 Arduino/SoftwareSerial.o
 .debug_ranges  0x00000128       0x20 telemetry.o
 .debug_ranges  0x00000148       0x90 eeprom.o
 .debug_ranges  0x000001d8       0x30 main.o
 .debug_ranges  0x00000208       0x48 power_control.o
 .debug_ranges  0x00000250       0x38 ..\libcore.a(wiring.c.o)
 .debug_ranges  0x00000288       0x20 ..\libcore.a(wiring_analog.c.o)
 .debug_ranges  0x000002a8       0x40 ..\libcore.a(wiring_digital.c.o)
 .debug_ranges  0x000002e8       0x70 ..\libcore.a(CDC.cpp.o)
 .debug_ranges  0x00000358      0x140 ..\libcore.a(Print.cpp.o)
 .debug_ranges  0x00000498      0x150 ..\libcore.a(USBCore.cpp.o)
 .debug_ranges  0x000005e8       0x10 ..\libcore.a(hooks.c.o)
 .debug_ranges  0x000005f8       0xb8 ..\libcore.a(HID.cpp.o)

.debug_macro
 *(.debug_macro)
OUTPUT(PowerBoard.elf elf32-avr)
LOAD linker stubs
